Archive member included to satisfy reference by file (symbol)

d:/programs/stmicroelectronics/stm32cubeide_1.9.0/stm32cubeide/plugins/com.st.stm32cube.ide.mcu.externaltools.gnu-tools-for-stm32.10.3-2021.10.win32_1.0.0.202111181127/tools/bin/../lib/gcc/arm-none-eabi/10.3.1/../../../../arm-none-eabi/lib/thumb/v7e-m+fp/hard\libc_nano.a(lib_a-errno.o)
                              ./Core/Src/syscalls.o (__errno)
d:/programs/stmicroelectronics/stm32cubeide_1.9.0/stm32cubeide/plugins/com.st.stm32cube.ide.mcu.externaltools.gnu-tools-for-stm32.10.3-2021.10.win32_1.0.0.202111181127/tools/bin/../lib/gcc/arm-none-eabi/10.3.1/../../../../arm-none-eabi/lib/thumb/v7e-m+fp/hard\libc_nano.a(lib_a-exit.o)
                              d:/programs/stmicroelectronics/stm32cubeide_1.9.0/stm32cubeide/plugins/com.st.stm32cube.ide.mcu.externaltools.gnu-tools-for-stm32.10.3-2021.10.win32_1.0.0.202111181127/tools/bin/../lib/gcc/arm-none-eabi/10.3.1/../../../../arm-none-eabi/lib/thumb/v7e-m+fp/hard/crt0.o (exit)
d:/programs/stmicroelectronics/stm32cubeide_1.9.0/stm32cubeide/plugins/com.st.stm32cube.ide.mcu.externaltools.gnu-tools-for-stm32.10.3-2021.10.win32_1.0.0.202111181127/tools/bin/../lib/gcc/arm-none-eabi/10.3.1/../../../../arm-none-eabi/lib/thumb/v7e-m+fp/hard\libc_nano.a(lib_a-findfp.o)
                              ./Middlewares/Third_Party/FreeRTOS/Source/tasks.o (__sf_fake_stderr)
d:/programs/stmicroelectronics/stm32cubeide_1.9.0/stm32cubeide/plugins/com.st.stm32cube.ide.mcu.externaltools.gnu-tools-for-stm32.10.3-2021.10.win32_1.0.0.202111181127/tools/bin/../lib/gcc/arm-none-eabi/10.3.1/../../../../arm-none-eabi/lib/thumb/v7e-m+fp/hard\libc_nano.a(lib_a-fwalk.o)
                              d:/programs/stmicroelectronics/stm32cubeide_1.9.0/stm32cubeide/plugins/com.st.stm32cube.ide.mcu.externaltools.gnu-tools-for-stm32.10.3-2021.10.win32_1.0.0.202111181127/tools/bin/../lib/gcc/arm-none-eabi/10.3.1/../../../../arm-none-eabi/lib/thumb/v7e-m+fp/hard\libc_nano.a(lib_a-findfp.o) (_fwalk)
d:/programs/stmicroelectronics/stm32cubeide_1.9.0/stm32cubeide/plugins/com.st.stm32cube.ide.mcu.externaltools.gnu-tools-for-stm32.10.3-2021.10.win32_1.0.0.202111181127/tools/bin/../lib/gcc/arm-none-eabi/10.3.1/../../../../arm-none-eabi/lib/thumb/v7e-m+fp/hard\libc_nano.a(lib_a-impure.o)
                              d:/programs/stmicroelectronics/stm32cubeide_1.9.0/stm32cubeide/plugins/com.st.stm32cube.ide.mcu.externaltools.gnu-tools-for-stm32.10.3-2021.10.win32_1.0.0.202111181127/tools/bin/../lib/gcc/arm-none-eabi/10.3.1/../../../../arm-none-eabi/lib/thumb/v7e-m+fp/hard\libc_nano.a(lib_a-exit.o) (_global_impure_ptr)
d:/programs/stmicroelectronics/stm32cubeide_1.9.0/stm32cubeide/plugins/com.st.stm32cube.ide.mcu.externaltools.gnu-tools-for-stm32.10.3-2021.10.win32_1.0.0.202111181127/tools/bin/../lib/gcc/arm-none-eabi/10.3.1/../../../../arm-none-eabi/lib/thumb/v7e-m+fp/hard\libc_nano.a(lib_a-init.o)
                              d:/programs/stmicroelectronics/stm32cubeide_1.9.0/stm32cubeide/plugins/com.st.stm32cube.ide.mcu.externaltools.gnu-tools-for-stm32.10.3-2021.10.win32_1.0.0.202111181127/tools/bin/../lib/gcc/arm-none-eabi/10.3.1/../../../../arm-none-eabi/lib/thumb/v7e-m+fp/hard/crt0.o (__libc_init_array)
d:/programs/stmicroelectronics/stm32cubeide_1.9.0/stm32cubeide/plugins/com.st.stm32cube.ide.mcu.externaltools.gnu-tools-for-stm32.10.3-2021.10.win32_1.0.0.202111181127/tools/bin/../lib/gcc/arm-none-eabi/10.3.1/../../../../arm-none-eabi/lib/thumb/v7e-m+fp/hard\libc_nano.a(lib_a-lock.o)
                              d:/programs/stmicroelectronics/stm32cubeide_1.9.0/stm32cubeide/plugins/com.st.stm32cube.ide.mcu.externaltools.gnu-tools-for-stm32.10.3-2021.10.win32_1.0.0.202111181127/tools/bin/../lib/gcc/arm-none-eabi/10.3.1/../../../../arm-none-eabi/lib/thumb/v7e-m+fp/hard\libc_nano.a(lib_a-findfp.o) (__retarget_lock_init_recursive)
d:/programs/stmicroelectronics/stm32cubeide_1.9.0/stm32cubeide/plugins/com.st.stm32cube.ide.mcu.externaltools.gnu-tools-for-stm32.10.3-2021.10.win32_1.0.0.202111181127/tools/bin/../lib/gcc/arm-none-eabi/10.3.1/../../../../arm-none-eabi/lib/thumb/v7e-m+fp/hard\libc_nano.a(lib_a-memcmp.o)
                              ./Drivers/XBeeS2C/xbee.o (memcmp)
d:/programs/stmicroelectronics/stm32cubeide_1.9.0/stm32cubeide/plugins/com.st.stm32cube.ide.mcu.externaltools.gnu-tools-for-stm32.10.3-2021.10.win32_1.0.0.202111181127/tools/bin/../lib/gcc/arm-none-eabi/10.3.1/../../../../arm-none-eabi/lib/thumb/v7e-m+fp/hard\libc_nano.a(lib_a-memcpy-stub.o)
                              ./Drivers/XBeeS2C/xbee.o (memcpy)
d:/programs/stmicroelectronics/stm32cubeide_1.9.0/stm32cubeide/plugins/com.st.stm32cube.ide.mcu.externaltools.gnu-tools-for-stm32.10.3-2021.10.win32_1.0.0.202111181127/tools/bin/../lib/gcc/arm-none-eabi/10.3.1/../../../../arm-none-eabi/lib/thumb/v7e-m+fp/hard\libc_nano.a(lib_a-memset.o)
[...]
Memory Configuration

Name             Origin             Length             Attributes
RAM              0x0000000020000000 0x0000000000010000 xrw
RAM2             0x0000000010000000 0x0000000000004000 xrw
FLASH            0x0000000008000000 0x0000000000040000 xr
*default*        0x0000000000000000 0xffffffffffffffff

Linker script and memory map

LOAD d:/programs/stmicroelectronics/stm32cubeide_1.9.0/stm32cubeide/plugins/com.st.stm32cube.ide.mcu.externaltools.gnu-tools-for-stm32.10.3-2021.10.win32_1.0.0.202111181127/tools/bin/../lib/gcc/arm-none-eabi/10.3.1/thumb/v7e-m+fp/hard/crti.o
LOAD d:/programs/stmicroelectronics/stm32cubeide_1.9.0/stm32cubeide/plugins/com.st.stm32cube.ide.mcu.externaltools.gnu-tools-for-stm32.10.3-2021.10.win32_1.0.0.202111181127/tools/bin/../lib/gcc/arm-none-eabi/10.3.1/thumb/v7e-m+fp/hard/crtbegin.o
LOAD d:/programs/stmicroelectronics/stm32cubeide_1.9.0/stm32cubeide/plugins/com.st.stm32cube.ide.mcu.externaltools.gnu-tools-for-stm32.10.3-2021.10.win32_1.0.0.202111181127/tools/bin/../lib/gcc/arm-none-eabi/10.3.1/../../../../arm-none-eabi/lib/thumb/v7e-m+fp/hard/crt0.o
LOAD ./Core/Src/freertos.o
LOAD ./Core/Src/gpio.o
LOAD ./Core/Src/main.o
LOAD ./Core/Src/stm32l4xx_hal_msp.o
LOAD ./Core/Src/stm32l4xx_hal_timebase_tim.o
LOAD ./Core/Src/stm32l4xx_it.o
LOAD ./Core/Src/syscalls.o
LOAD ./Core/Src/sysmem.o
LOAD ./Core/Src/system_stm32l4xx.o
LOAD ./Core/Src/trace.o
LOAD ./Core/Src/uart2Passthrough.o
LOAD ./Core/Src/usart.o
LOAD ./Core/Startup/startup_stm32l432kcux.o
LOAD ./Drivers/STM32L4xx_HAL_Driver/Src/stm32l4xx_hal.o
LOAD ./Drivers/STM32L4xx_HAL_Driver/Src/stm32l4xx_hal_cortex.o
LOAD ./Drivers/STM32L4xx_HAL_Driver/Src/stm32l4xx_hal_dma.o
LOAD ./Drivers/STM32L4xx_HAL_Driver/Src/stm32l4xx_hal_dma_ex.o
LOAD ./Drivers/STM32L4xx_HAL_Driver/Src/stm32l4xx_hal_exti.o
LOAD ./Drivers/STM32L4xx_HAL_Driver/Src/stm32l4xx_hal_flash.o
LOAD ./Drivers/STM32L4xx_HAL_Driver/Src/stm32l4xx_hal_flash_ex.o
LOAD ./Drivers/STM32L4xx_HAL_Driver/Src/stm32l4xx_hal_flash_ramfunc.o
LOAD ./Drivers/STM32L4xx_HAL_Driver/Src/stm32l4xx_hal_gpio.o
LOAD ./Drivers/STM32L4xx_HAL_Driver/Src/stm32l4xx_hal_i2c.o
LOAD ./Drivers/STM32L4xx_HAL_Driver/Src/stm32l4xx_hal_i2c_ex.o
LOAD ./Drivers/STM32L4xx_HAL_Driver/Src/stm32l4xx_hal_pwr.o
LOAD ./Drivers/STM32L4xx_HAL_Driver/Src/stm32l4xx_hal_pwr_ex.o
LOAD ./Drivers/STM32L4xx_HAL_Driver/Src/stm32l4xx_hal_rcc.o
LOAD ./Drivers/STM32L4xx_HAL_Driver/Src/stm32l4xx_hal_rcc_ex.o
LOAD ./Drivers/STM32L4xx_HAL_Driver/Src/stm32l4xx_hal_tim.o
LOAD ./Drivers/STM32L4xx_HAL_Driver/Src/stm32l4xx_hal_tim_ex.o
LOAD ./Drivers/STM32L4xx_HAL_Driver/Src/stm32l4xx_hal_uart.o
LOAD ./Drivers/STM32L4xx_HAL_Driver/Src/stm32l4xx_hal_uart_ex.o
LOAD ./Drivers/XBeeS2C/xbee.o
LOAD ./Drivers/XBeeS2C/xbeeSerial.o
LOAD ./Middlewares/Third_Party/FreeRTOS/Source/CMSIS_RTOS/cmsis_os.o
LOAD ./Middlewares/Third_Party/FreeRTOS/Source/croutine.o
LOAD ./Middlewares/Third_Party/FreeRTOS/Source/event_groups.o
LOAD ./Middlewares/Third_Party/FreeRTOS/Source/list.o
LOAD ./Middlewares/Third_Party/FreeRTOS/Source/queue.o
LOAD ./Middlewares/Third_Party/FreeRTOS/Source/stream_buffer.o
LOAD ./Middlewares/Third_Party/FreeRTOS/Source/tasks.o
LOAD ./Middlewares/Third_Party/FreeRTOS/Source/timers.o
LOAD ./Middlewares/Third_Party/FreeRTOS/Source/portable/GCC/ARM_CM4F/port.o
LOAD ./Middlewares/Third_Party/FreeRTOS/Source/portable/MemMang/heap_4.o
START GROUP
LOAD d:/programs/stmicroelectronics/stm32cubeide_1.9.0/stm32cubeide/plugins/com.st.stm32cube.ide.mcu.externaltools.gnu-tools-for-stm32.10.3-2021.10.win32_1.0.0.202111181127/tools/bin/../lib/gcc/arm-none-eabi/10.3.1/../../../../arm-none-eabi/lib/thumb/v7e-m+fp/hard\libc_nano.a
LOAD d:/programs/stmicroelectronics/stm32cubeide_1.9.0/stm32cubeide/plugins/com.st.stm32cube.ide.mcu.externaltools.gnu-tools-for-stm32.10.3-2021.10.win32_1.0.0.202111181127/tools/bin/../lib/gcc/arm-none-eabi/10.3.1/../../../../arm-none-eabi/lib/thumb/v7e-m+fp/hard\libm.a
END GROUP
START GROUP
LOAD d:/programs/stmicroelectronics/stm32cubeide_1.9.0/stm32cubeide/plugins/com.st.stm32cube.ide.mcu.externaltools.gnu-tools-for-stm32.10.3-2021.10.win32_1.0.0.202111181127/tools/bin/../lib/gcc/arm-none-eabi/10.3.1/thumb/v7e-m+fp/hard\libgcc.a
LOAD d:/programs/stmicroelectronics/stm32cubeide_1.9.0/stm32cubeide/plugins/com.st.stm32cube.ide.mcu.externaltools.gnu-tools-for-stm32.10.3-2021.10.win32_1.0.0.202111181127/tools/bin/../lib/gcc/arm-none-eabi/10.3.1/../../../../arm-none-eabi/lib/thumb/v7e-m+fp/hard\libc_nano.a
END GROUP
START GROUP
LOAD d:/programs/stmicroelectronics/stm32cubeide_1.9.0/stm32cubeide/plugins/com.st.stm32cube.ide.mcu.externaltools.gnu-tools-for-stm32.10.3-2021.10.win32_1.0.0.202111181127/tools/bin/../lib/gcc/arm-none-eabi/10.3.1/thumb/v7e-m+fp/hard\libgcc.a
LOAD d:/programs/stmicroelectronics/stm32cubeide_1.9.0/stm32cubeide/plugins/com.st.stm32cube.ide.mcu.externaltools.gnu-tools-for-stm32.10.3-2021.10.win32_1.0.0.202111181127/tools/bin/../lib/gcc/arm-none-eabi/10.3.1/../../../../arm-none-eabi/lib/thumb/v7e-m+fp/hard\libc_nano.a
LOAD d:/programs/stmicroelectronics/stm32cubeide_1.9.0/stm32cubeide/plugins/com.st.stm32cube.ide.mcu.externaltools.gnu-tools-for-stm32.10.3-2021.10.win32_1.0.0.202111181127/tools/bin/../lib/gcc/arm-none-eabi/10.3.1/../../../../arm-none-eabi/lib/thumb/v7e-m+fp/hard\libnosys.a
END GROUP
START GROUP
LOAD d:/programs/stmicroelectronics/stm32cubeide_1.9.0/stm32cubeide/plugins/com.st.stm32cube.ide.mcu.externaltools.gnu-tools-for-stm32.10.3-2021.10.win32_1.0.0.202111181127/tools/bin/../lib/gcc/arm-none-eabi/10.3.1/thumb/v7e-m+fp/hard\libgcc.a
LOAD d:/programs/stmicroelectronics/stm32cubeide_1.9.0/stm32cubeide/plugins/com.st.stm32cube.ide.mcu.externaltools.gnu-tools-for-stm32.10.3-2021.10.win32_1.0.0.202111181127/tools/bin/../lib/gcc/arm-none-eabi/10.3.1/../../../../arm-none-eabi/lib/thumb/v7e-m+fp/hard\libc_nano.a
LOAD d:/programs/stmicroelectronics/stm32cubeide_1.9.0/stm32cubeide/plugins/com.st.stm32cube.ide.mcu.externaltools.gnu-tools-for-stm32.10.3-2021.10.win32_1.0.0.202111181127/tools/bin/../lib/gcc/arm-none-eabi/10.3.1/../../../../arm-none-eabi/lib/thumb/v7e-m+fp/hard\libnosys.a
END GROUP
LOAD d:/programs/stmicroelectronics/stm32cubeide_1.9.0/stm32cubeide/plugins/com.st.stm32cube.ide.mcu.externaltools.gnu-tools-for-stm32.10.3-2021.10.win32_1.0.0.202111181127/tools/bin/../lib/gcc/arm-none-eabi/10.3.1/thumb/v7e-m+fp/hard/crtend.o
LOAD d:/programs/stmicroelectronics/stm32cubeide_1.9.0/stm32cubeide/plugins/com.st.stm32cube.ide.mcu.externaltools.gnu-tools-for-stm32.10.3-2021.10.win32_1.0.0.202111181127/tools/bin/../lib/gcc/arm-none-eabi/10.3.1/thumb/v7e-m+fp/hard/crtn.o
                0x0000000020010000                _estack = (ORIGIN (RAM) + LENGTH (RAM))
                0x0000000000000200                _Min_Heap_Size = 0x200
                0x0000000000000400                _Min_Stack_Size = 0x400

.isr_vector     0x0000000008000000      0x18c
                0x0000000008000000                . = ALIGN (0x4)
 *(.isr_vector)
 .isr_vector    0x0000000008000000      0x18c ./Core/Startup/startup_stm32l432kcux.o
                0x0000000008000000                g_pfnVectors
                0x000000000800018c                . = ALIGN (0x4)

.text           0x0000000008000190     0xab14
                0x0000000008000190                . = ALIGN (0x4)
 *(.text)
 .text          0x0000000008000190       0x40 d:/programs/stmicroelectronics/stm32cubeide_1.9.0/stm32cubeide/plugins/com.st.stm32cube.ide.mcu.externaltools.gnu-tools-for-stm32.10.3-2021.10.win32_1.0.0.202111181127/tools/bin/../lib/gcc/arm-none-eabi/10.3.1/thumb/v7e-m+fp/hard/crtbegin.o
 .text          0x00000000080001d0       0x10 d:/programs/stmicroelectronics/stm32cubeide_1.9.0/stm32cubeide/plugins/com.st.stm32cube.ide.mcu.externaltools.gnu-tools-for-stm32.10.3-2021.10.win32_1.0.0.202111181127/tools/bin/../lib/gcc/arm-none-eabi/10.3.1/../../../../arm-none-eabi/lib/thumb/v7e-m+fp/hard\libc_nano.a(lib_a-strlen.o)
                0x00000000080001d0                strlen
 .text          0x00000000080001e0       0xa0 d:/programs/stmicroelectronics/stm32cubeide_1.9.0/stm32cubeide/plugins/com.st.stm32cube.ide.mcu.externaltools.gnu-tools-for-stm32.10.3-2021.10.win32_1.0.0.202111181127/tools/bin/../lib/gcc/arm-none-eabi/10.3.1/../../../../arm-none-eabi/lib/thumb/v7e-m+fp/hard\libc_nano.a(lib_a-memchr.o)
                0x00000000080001e0                memchr
 .text          0x0000000008000280      0x378 d:/programs/stmicroelectronics/stm32cubeide_1.9.0/stm32cubeide/plugins/com.st.stm32cube.ide.mcu.externaltools.gnu-tools-for-stm32.10.3-2021.10.win32_1.0.0.202111181127/tools/bin/../lib/gcc/arm-none-eabi/10.3.1/thumb/v7e-m+fp/hard\libgcc.a(_arm_addsubdf3.o)
                0x0000000008000280                __aeabi_drsub
                0x0000000008000288                __aeabi_dsub
                0x0000000008000288                __subdf3
                0x000000000800028c                __aeabi_dadd
                0x000000000800028c                __adddf3
                0x0000000008000504                __floatunsidf
                0x0000000008000504                __aeabi_ui2d
                0x0000000008000524                __floatsidf
                0x0000000008000524                __aeabi_i2d
                0x0000000008000548                __aeabi_f2d
                0x0000000008000548                __extendsfdf2
                0x000000000800058c                __floatundidf
                0x000000000800058c                __aeabi_ul2d
                0x000000000800059c                __floatdidf
                0x000000000800059c                __aeabi_l2d
 .text          0x00000000080005f8      0x424 d:/programs/stmicroelectronics/stm32cubeide_1.9.0/stm32cubeide/plugins/com.st.stm32cube.ide.mcu.externaltools.gnu-tools-for-stm32.10.3-2021.10.win32_1.0.0.202111181127/tools/bin/../lib/gcc/arm-none-eabi/10.3.1/thumb/v7e-m+fp/hard\libgcc.a(_arm_muldivdf3.o)
                0x00000000080005f8                __aeabi_dmul
                0x00000000080005f8                __muldf3
                0x000000000800084c                __divdf3
                0x000000000800084c                __aeabi_ddiv
 .text          0x0000000008000a1c      0x110 d:/programs/stmicroelectronics/stm32cubeide_1.9.0/stm32cubeide/plugins/com.st.stm32cube.ide.mcu.externaltools.gnu-tools-for-stm32.10.3-2021.10.win32_1.0.0.202111181127/tools/bin/../lib/gcc/arm-none-eabi/10.3.1/thumb/v7e-m+fp/hard\libgcc.a(_arm_cmpdf2.o)
                0x0000000008000a1c                __gtdf2
                0x0000000008000a1c                __gedf2
                0x0000000008000a24                __ltdf2
                0x0000000008000a24                __ledf2
                0x0000000008000a2c                __nedf2
                0x0000000008000a2c                __eqdf2
                0x0000000008000a2c                __cmpdf2
                0x0000000008000aa8                __aeabi_cdrcmple
                0x0000000008000ab8                __aeabi_cdcmpeq
                0x0000000008000ab8                __aeabi_cdcmple
                0x0000000008000ac8                __aeabi_dcmpeq
                0x0000000008000adc                __aeabi_dcmplt
                0x0000000008000af0                __aeabi_dcmple
                0x0000000008000b04                __aeabi_dcmpge
                0x0000000008000b18                __aeabi_dcmpgt
 .text          0x0000000008000b2c       0x2c d:/programs/stmicroelectronics/stm32cubeide_1.9.0/stm32cubeide/plugins/com.st.stm32cube.ide.mcu.externaltools.gnu-tools-for-stm32.10.3-2021.10.win32_1.0.0.202111181127/tools/bin/../lib/gcc/arm-none-eabi/10.3.1/thumb/v7e-m+fp/hard\libgcc.a(_arm_unorddf2.o)
                0x0000000008000b2c                __unorddf2
                0x0000000008000b2c                __aeabi_dcmpun
 .text          0x0000000008000b58       0x50 d:/programs/stmicroelectronics/stm32cubeide_1.9.0/stm32cubeide/plugins/com.st.stm32cube.ide.mcu.externaltools.gnu-tools-for-stm32.10.3-2021.10.win32_1.0.0.202111181127/tools/bin/../lib/gcc/arm-none-eabi/10.3.1/thumb/v7e-m+fp/hard\libgcc.a(_arm_fixdfsi.o)
                0x0000000008000b58                __aeabi_d2iz
                0x0000000008000b58                __fixdfsi
 .text          0x0000000008000ba8       0x30 d:/programs/stmicroelectronics/stm32cubeide_1.9.0/stm32cubeide/plugins/com.st.stm32cube.ide.mcu.externaltools.gnu-tools-for-stm32.10.3-2021.10.win32_1.0.0.202111181127/tools/bin/../lib/gcc/arm-none-eabi/10.3.1/thumb/v7e-m+fp/hard\libgcc.a(_aeabi_uldivmod.o)
                0x0000000008000ba8                __aeabi_uldivmod
 .text          0x0000000008000bd8      0x2d0 d:/programs/stmicroelectronics/stm32cubeide_1.9.0/stm32cubeide/plugins/com.st.stm32cube.ide.mcu.externaltools.gnu-tools-for-stm32.10.3-2021.10.win32_1.0.0.202111181127/tools/bin/../lib/gcc/arm-none-eabi/10.3.1/thumb/v7e-m+fp/hard\libgcc.a(_udivmoddi4.o)
                0x0000000008000bd8                __udivmoddi4
 .text          0x0000000008000ea8        0x4 d:/programs/stmicroelectronics/stm32cubeide_1.9.0/stm32cubeide/plugins/com.st.stm32cube.ide.mcu.externaltools.gnu-tools-for-stm32.10.3-2021.10.win32_1.0.0.202111181127/tools/bin/../lib/gcc/arm-none-eabi/10.3.1/thumb/v7e-m+fp/hard\libgcc.a(_dvmd_tls.o)
                0x0000000008000ea8                __aeabi_idiv0
                0x0000000008000ea8                __aeabi_ldiv0
 *(.text*)
 .text.vApplicationGetIdleTaskMemory
                0x0000000008000eac       0x34 ./Core/Src/freertos.o
                0x0000000008000eac                vApplicationGetIdleTaskMemory
 .text.MX_FREERTOS_Init
                0x0000000008000ee0       0x9c ./Core/Src/freertos.o
                0x0000000008000ee0                MX_FREERTOS_Init
 .text.StartBlinkTask
                0x0000000008000f7c       0x48 ./Core/Src/freertos.o
                0x0000000008000f7c                StartBlinkTask
 .text.MX_GPIO_Init
                0x0000000008000fc4       0x94 ./Core/Src/gpio.o
                0x0000000008000fc4                MX_GPIO_Init
 .text.main     0x0000000008001058       0x22 ./Core/Src/main.o
                0x0000000008001058                main
 *fill*         0x000000000800107a        0x2 
 .text.SystemClock_Config
                0x000000000800107c       0xc4 ./Core/Src/main.o
                0x000000000800107c                SystemClock_Config
 .text.HAL_TIM_PeriodElapsedCallback
                0x0000000008001140       0x24 ./Core/Src/main.o
                0x0000000008001140                HAL_TIM_PeriodElapsedCallback
 .text.Error_Handler
                0x0000000008001164        0xa ./Core/Src/main.o
                0x0000000008001164                Error_Handler
 *fill*         0x000000000800116e        0x2 
 .text.HAL_MspInit
                0x0000000008001170       0x50 ./Core/Src/stm32l4xx_hal_msp.o
                0x0000000008001170                HAL_MspInit
 .text.HAL_InitTick
                0x00000000080011c0       0xac ./Core/Src/stm32l4xx_hal_timebase_tim.o
                0x00000000080011c0                HAL_InitTick
 .text.NMI_Handler
                0x000000000800126c        0x6 ./Core/Src/stm32l4xx_it.o
                0x000000000800126c                NMI_Handler
 .text.HardFault_Handler
                0x0000000008001272        0x6 ./Core/Src/stm32l4xx_it.o
                0x0000000008001272                HardFault_Handler
 .text.MemManage_Handler
                0x0000000008001278        0x6 ./Core/Src/stm32l4xx_it.o
                0x0000000008001278                MemManage_Handler
 .text.BusFault_Handler
                0x000000000800127e        0x6 ./Core/Src/stm32l4xx_it.o
                0x000000000800127e                BusFault_Handler
 .text.UsageFault_Handler
                0x0000000008001284        0x6 ./Core/Src/stm32l4xx_it.o
                0x0000000008001284                UsageFault_Handler
 .text.DebugMon_Handler
                0x000000000800128a        0xe ./Core/Src/stm32l4xx_it.o
                0x000000000800128a                DebugMon_Handler
 .text.USART1_IRQHandler
                0x0000000008001298       0x14 ./Core/Src/stm32l4xx_it.o
                0x0000000008001298                USART1_IRQHandler
 .text.USART2_IRQHandler
                0x00000000080012ac       0x14 ./Core/Src/stm32l4xx_it.o
                0x00000000080012ac                USART2_IRQHandler
 .text.TIM6_DAC_IRQHandler
                0x00000000080012c0       0x14 ./Core/Src/stm32l4xx_it.o
                0x00000000080012c0                TIM6_DAC_IRQHandler
 .text._getpid  0x00000000080012d4       0x10 ./Core/Src/syscalls.o
                0x00000000080012d4                _getpid
 .text._kill    0x00000000080012e4       0x20 ./Core/Src/syscalls.o
                0x00000000080012e4                _kill
 .text._exit    0x0000000008001304       0x14 ./Core/Src/syscalls.o
                0x0000000008001304                _exit
 .text._read    0x0000000008001318       0x3a ./Core/Src/syscalls.o
                0x0000000008001318                _read
 .text._write   0x0000000008001352       0x38 ./Core/Src/syscalls.o
                0x0000000008001352                _write
 .text._close   0x000000000800138a       0x18 ./Core/Src/syscalls.o
                0x000000000800138a                _close
 .text._fstat   0x00000000080013a2       0x20 ./Core/Src/syscalls.o
                0x00000000080013a2                _fstat
 .text._isatty  0x00000000080013c2       0x16 ./Core/Src/syscalls.o
                0x00000000080013c2                _isatty
 .text._lseek   0x00000000080013d8       0x1a ./Core/Src/syscalls.o
                0x00000000080013d8                _lseek
 *fill*         0x00000000080013f2        0x2 
 .text._sbrk    0x00000000080013f4       0x6c ./Core/Src/sysmem.o
                0x00000000080013f4                _sbrk
 .text.SystemInit
                0x0000000008001460       0x24 ./Core/Src/system_stm32l4xx.o
                0x0000000008001460                SystemInit
 .text.vprint   0x0000000008001484       0x48 ./Core/Src/trace.o
                0x0000000008001484                vprint
 .text.PRINT    0x00000000080014cc       0x48 ./Core/Src/trace.o
                0x00000000080014cc                PRINT
 .text.u2pt_StartReceive
                0x0000000008001514       0x1c ./Core/Src/uart2Passthrough.o
                0x0000000008001514                u2pt_StartReceive
 .text.u2pt_rxCallback
                0x0000000008001530       0x24 ./Core/Src/uart2Passthrough.o
                0x0000000008001530                u2pt_rxCallback
 .text.MX_USART1_UART_Init
                0x0000000008001554       0x60 ./Core/Src/usart.o
                0x0000000008001554                MX_USART1_UART_Init
 .text.MX_USART2_UART_Init
                0x00000000080015b4       0x64 ./Core/Src/usart.o
                0x00000000080015b4                MX_USART2_UART_Init
 .text.HAL_UART_MspInit
                0x0000000008001618      0x174 ./Core/Src/usart.o
                0x0000000008001618                HAL_UART_MspInit
 .text.HAL_UART_RxCpltCallback
                0x000000000800178c       0x34 ./Core/Src/usart.o
                0x000000000800178c                HAL_UART_RxCpltCallback
 .text.Reset_Handler
                0x00000000080017c0       0x50 ./Core/Startup/startup_stm32l432kcux.o
                0x00000000080017c0                Reset_Handler
 .text.Default_Handler
                0x0000000008001810        0x2 ./Core/Startup/startup_stm32l432kcux.o
                0x0000000008001810                RTC_Alarm_IRQHandler
                0x0000000008001810                EXTI2_IRQHandler
                0x0000000008001810                TIM1_CC_IRQHandler
                0x0000000008001810                TSC_IRQHandler
                0x0000000008001810                TAMP_STAMP_IRQHandler
                0x0000000008001810                EXTI3_IRQHandler
                0x0000000008001810                LPTIM2_IRQHandler
                0x0000000008001810                I2C3_ER_IRQHandler
                0x0000000008001810                EXTI0_IRQHandler
                0x0000000008001810                CAN1_RX0_IRQHandler
                0x0000000008001810                FPU_IRQHandler
                0x0000000008001810                TIM1_UP_TIM16_IRQHandler
                0x0000000008001810                SPI1_IRQHandler
                0x0000000008001810                DMA2_Channel2_IRQHandler
                0x0000000008001810                DMA1_Channel4_IRQHandler
                0x0000000008001810                ADC1_IRQHandler
                0x0000000008001810                DMA1_Channel7_IRQHandler
                0x0000000008001810                CAN1_RX1_IRQHandler
                0x0000000008001810                DMA2_Channel1_IRQHandler
                0x0000000008001810                QUADSPI_IRQHandler
                0x0000000008001810                I2C1_EV_IRQHandler
                0x0000000008001810                DMA1_Channel6_IRQHandler
                0x0000000008001810                DMA2_Channel4_IRQHandler
                0x0000000008001810                RCC_IRQHandler
                0x0000000008001810                TIM1_TRG_COM_IRQHandler
                0x0000000008001810                DMA1_Channel1_IRQHandler
                0x0000000008001810                Default_Handler
                0x0000000008001810                DMA2_Channel7_IRQHandler
                0x0000000008001810                EXTI15_10_IRQHandler
                0x0000000008001810                TIM7_IRQHandler
                0x0000000008001810                I2C3_EV_IRQHandler
                0x0000000008001810                USB_IRQHandler
                0x0000000008001810                EXTI9_5_IRQHandler
                0x0000000008001810                RTC_WKUP_IRQHandler
                0x0000000008001810                PVD_PVM_IRQHandler
                0x0000000008001810                CAN1_TX_IRQHandler
                0x0000000008001810                DMA2_Channel5_IRQHandler
                0x0000000008001810                CRS_IRQHandler
                0x0000000008001810                DMA1_Channel5_IRQHandler
                0x0000000008001810                EXTI4_IRQHandler
                0x0000000008001810                RNG_IRQHandler
                0x0000000008001810                DMA1_Channel3_IRQHandler
                0x0000000008001810                COMP_IRQHandler
                0x0000000008001810                WWDG_IRQHandler
                0x0000000008001810                LPUART1_IRQHandler
                0x0000000008001810                DMA2_Channel6_IRQHandler
                0x0000000008001810                TIM2_IRQHandler
                0x0000000008001810                EXTI1_IRQHandler
                0x0000000008001810                DMA1_Channel2_IRQHandler
                0x0000000008001810                CAN1_SCE_IRQHandler
                0x0000000008001810                FLASH_IRQHandler
                0x0000000008001810                SPI3_IRQHandler
                0x0000000008001810                I2C1_ER_IRQHandler
                0x0000000008001810                SWPMI1_IRQHandler
                0x0000000008001810                LPTIM1_IRQHandler
                0x0000000008001810                SAI1_IRQHandler
                0x0000000008001810                DMA2_Channel3_IRQHandler
                0x0000000008001810                TIM1_BRK_TIM15_IRQHandler
 .text.HAL_Init
                0x0000000008001812       0x30 ./Drivers/STM32L4xx_HAL_Driver/Src/stm32l4xx_hal.o
                0x0000000008001812                HAL_Init
 *fill*         0x0000000008001842        0x2 
 .text.HAL_IncTick
                0x0000000008001844       0x28 ./Drivers/STM32L4xx_HAL_Driver/Src/stm32l4xx_hal.o
                0x0000000008001844                HAL_IncTick
 .text.HAL_GetTick
                0x000000000800186c       0x18 ./Drivers/STM32L4xx_HAL_Driver/Src/stm32l4xx_hal.o
                0x000000000800186c                HAL_GetTick
 .text.__NVIC_SetPriorityGrouping
                0x0000000008001884       0x48 ./Drivers/STM32L4xx_HAL_Driver/Src/stm32l4xx_hal_cortex.o
 .text.__NVIC_GetPriorityGrouping
                0x00000000080018cc       0x1c ./Drivers/STM32L4xx_HAL_Driver/Src/stm32l4xx_hal_cortex.o
 .text.__NVIC_EnableIRQ
                0x00000000080018e8       0x3c ./Drivers/STM32L4xx_HAL_Driver/Src/stm32l4xx_hal_cortex.o
 .text.__NVIC_SetPriority
                0x0000000008001924       0x54 ./Drivers/STM32L4xx_HAL_Driver/Src/stm32l4xx_hal_cortex.o
 .text.NVIC_EncodePriority
                0x0000000008001978       0x66 ./Drivers/STM32L4xx_HAL_Driver/Src/stm32l4xx_hal_cortex.o
 .text.HAL_NVIC_SetPriorityGrouping
                0x00000000080019de       0x16 ./Drivers/STM32L4xx_HAL_Driver/Src/stm32l4xx_hal_cortex.o
                0x00000000080019de                HAL_NVIC_SetPriorityGrouping
 .text.HAL_NVIC_SetPriority
                0x00000000080019f4       0x38 ./Drivers/STM32L4xx_HAL_Driver/Src/stm32l4xx_hal_cortex.o
                0x00000000080019f4                HAL_NVIC_SetPriority
 .text.HAL_NVIC_EnableIRQ
                0x0000000008001a2c       0x1c ./Drivers/STM32L4xx_HAL_Driver/Src/stm32l4xx_hal_cortex.o
                0x0000000008001a2c                HAL_NVIC_EnableIRQ
 .text.HAL_DMA_Abort
                0x0000000008001a48       0x7c ./Drivers/STM32L4xx_HAL_Driver/Src/stm32l4xx_hal_dma.o
                0x0000000008001a48                HAL_DMA_Abort
 .text.HAL_DMA_Abort_IT
                0x0000000008001ac4       0x82 ./Drivers/STM32L4xx_HAL_Driver/Src/stm32l4xx_hal_dma.o
                0x0000000008001ac4                HAL_DMA_Abort_IT
 *fill*         0x0000000008001b46        0x2 
 .text.HAL_GPIO_Init
                0x0000000008001b48      0x2d4 ./Drivers/STM32L4xx_HAL_Driver/Src/stm32l4xx_hal_gpio.o
                0x0000000008001b48                HAL_GPIO_Init
 .text.HAL_GPIO_WritePin
                0x0000000008001e1c       0x30 ./Drivers/STM32L4xx_HAL_Driver/Src/stm32l4xx_hal_gpio.o
                0x0000000008001e1c                HAL_GPIO_WritePin
 .text.HAL_GPIO_TogglePin
                0x0000000008001e4c       0x34 ./Drivers/STM32L4xx_HAL_Driver/Src/stm32l4xx_hal_gpio.o
                0x0000000008001e4c                HAL_GPIO_TogglePin
 .text.HAL_PWR_EnableBkUpAccess
                0x0000000008001e80       0x20 ./Drivers/STM32L4xx_HAL_Driver/Src/stm32l4xx_hal_pwr.o
                0x0000000008001e80                HAL_PWR_EnableBkUpAccess
 .text.HAL_PWREx_GetVoltageRange
                0x0000000008001ea0       0x1c ./Drivers/STM32L4xx_HAL_Driver/Src/stm32l4xx_hal_pwr_ex.o
                0x0000000008001ea0                HAL_PWREx_GetVoltageRange
 .text.HAL_PWREx_ControlVoltageScaling
                0x0000000008001ebc       0xac ./Drivers/STM32L4xx_HAL_Driver/Src/stm32l4xx_hal_pwr_ex.o
                0x0000000008001ebc                HAL_PWREx_ControlVoltageScaling
 .text.HAL_RCC_OscConfig
                0x0000000008001f68      0x828 ./Drivers/STM32L4xx_HAL_Driver/Src/stm32l4xx_hal_rcc.o
                0x0000000008001f68                HAL_RCC_OscConfig
 .text.HAL_RCC_ClockConfig
                0x0000000008002790      0x200 ./Drivers/STM32L4xx_HAL_Driver/Src/stm32l4xx_hal_rcc.o
                0x0000000008002790                HAL_RCC_ClockConfig
 .text.HAL_RCC_GetSysClockFreq
                0x0000000008002990      0x118 ./Drivers/STM32L4xx_HAL_Driver/Src/stm32l4xx_hal_rcc.o
                0x0000000008002990                HAL_RCC_GetSysClockFreq
 .text.HAL_RCC_GetHCLKFreq
                0x0000000008002aa8       0x18 ./Drivers/STM32L4xx_HAL_Driver/Src/stm32l4xx_hal_rcc.o
                0x0000000008002aa8                HAL_RCC_GetHCLKFreq
 .text.HAL_RCC_GetPCLK1Freq
                0x0000000008002ac0       0x2c ./Drivers/STM32L4xx_HAL_Driver/Src/stm32l4xx_hal_rcc.o
                0x0000000008002ac0                HAL_RCC_GetPCLK1Freq
 .text.HAL_RCC_GetPCLK2Freq
                0x0000000008002aec       0x2c ./Drivers/STM32L4xx_HAL_Driver/Src/stm32l4xx_hal_rcc.o
                0x0000000008002aec                HAL_RCC_GetPCLK2Freq
 .text.HAL_RCC_GetClockConfig
                0x0000000008002b18       0x64 ./Drivers/STM32L4xx_HAL_Driver/Src/stm32l4xx_hal_rcc.o
                0x0000000008002b18                HAL_RCC_GetClockConfig
 .text.RCC_SetFlashLatencyFromMSIRange
                0x0000000008002b7c       0xc0 ./Drivers/STM32L4xx_HAL_Driver/Src/stm32l4xx_hal_rcc.o
 .text.HAL_RCCEx_PeriphCLKConfig
                0x0000000008002c3c      0x3ec ./Drivers/STM32L4xx_HAL_Driver/Src/stm32l4xx_hal_rcc_ex.o
                0x0000000008002c3c                HAL_RCCEx_PeriphCLKConfig
 .text.HAL_RCCEx_EnableMSIPLLMode
                0x0000000008003028       0x20 ./Drivers/STM32L4xx_HAL_Driver/Src/stm32l4xx_hal_rcc_ex.o
                0x0000000008003028                HAL_RCCEx_EnableMSIPLLMode
 .text.RCCEx_PLLSAI1_Config
                0x0000000008003048      0x1e4 ./Drivers/STM32L4xx_HAL_Driver/Src/stm32l4xx_hal_rcc_ex.o
 .text.HAL_TIM_Base_Init
                0x000000000800322c       0xae ./Drivers/STM32L4xx_HAL_Driver/Src/stm32l4xx_hal_tim.o
                0x000000000800322c                HAL_TIM_Base_Init
 .text.HAL_TIM_Base_MspInit
                0x00000000080032da       0x14 ./Drivers/STM32L4xx_HAL_Driver/Src/stm32l4xx_hal_tim.o
                0x00000000080032da                HAL_TIM_Base_MspInit
 *fill*         0x00000000080032ee        0x2 
 .text.HAL_TIM_Base_Start_IT
                0x00000000080032f0       0xa8 ./Drivers/STM32L4xx_HAL_Driver/Src/stm32l4xx_hal_tim.o
                0x00000000080032f0                HAL_TIM_Base_Start_IT
 .text.HAL_TIM_IRQHandler
                0x0000000008003398      0x23e ./Drivers/STM32L4xx_HAL_Driver/Src/stm32l4xx_hal_tim.o
                0x0000000008003398                HAL_TIM_IRQHandler
 .text.HAL_TIM_OC_DelayElapsedCallback
                0x00000000080035d6       0x14 ./Drivers/STM32L4xx_HAL_Driver/Src/stm32l4xx_hal_tim.o
                0x00000000080035d6                HAL_TIM_OC_DelayElapsedCallback
 .text.HAL_TIM_IC_CaptureCallback
                0x00000000080035ea       0x14 ./Drivers/STM32L4xx_HAL_Driver/Src/stm32l4xx_hal_tim.o
                0x00000000080035ea                HAL_TIM_IC_CaptureCallback
 .text.HAL_TIM_PWM_PulseFinishedCallback
                0x00000000080035fe       0x14 ./Drivers/STM32L4xx_HAL_Driver/Src/stm32l4xx_hal_tim.o
                0x00000000080035fe                HAL_TIM_PWM_PulseFinishedCallback
 .text.HAL_TIM_TriggerCallback
                0x0000000008003612       0x14 ./Drivers/STM32L4xx_HAL_Driver/Src/stm32l4xx_hal_tim.o
                0x0000000008003612                HAL_TIM_TriggerCallback
 *fill*         0x0000000008003626        0x2 
 .text.TIM_Base_SetConfig
                0x0000000008003628       0xc8 ./Drivers/STM32L4xx_HAL_Driver/Src/stm32l4xx_hal_tim.o
                0x0000000008003628                TIM_Base_SetConfig
 .text.HAL_TIMEx_CommutCallback
                0x00000000080036f0       0x14 ./Drivers/STM32L4xx_HAL_Driver/Src/stm32l4xx_hal_tim_ex.o
                0x00000000080036f0                HAL_TIMEx_CommutCallback
 .text.HAL_TIMEx_BreakCallback
                0x0000000008003704       0x14 ./Drivers/STM32L4xx_HAL_Driver/Src/stm32l4xx_hal_tim_ex.o
                0x0000000008003704                HAL_TIMEx_BreakCallback
 .text.HAL_TIMEx_Break2Callback
                0x0000000008003718       0x14 ./Drivers/STM32L4xx_HAL_Driver/Src/stm32l4xx_hal_tim_ex.o
                0x0000000008003718                HAL_TIMEx_Break2Callback
 .text.HAL_UART_Init
                0x000000000800372c       0x9c ./Drivers/STM32L4xx_HAL_Driver/Src/stm32l4xx_hal_uart.o
                0x000000000800372c                HAL_UART_Init
 .text.HAL_UART_Transmit
                0x00000000080037c8      0x128 ./Drivers/STM32L4xx_HAL_Driver/Src/stm32l4xx_hal_uart.o
                0x00000000080037c8                HAL_UART_Transmit
 .text.HAL_UART_Receive_IT
                0x00000000080038f0       0xac ./Drivers/STM32L4xx_HAL_Driver/Src/stm32l4xx_hal_uart.o
                0x00000000080038f0                HAL_UART_Receive_IT
 .text.HAL_UART_IRQHandler
                0x000000000800399c      0x5c4 ./Drivers/STM32L4xx_HAL_Driver/Src/stm32l4xx_hal_uart.o
                0x000000000800399c                HAL_UART_IRQHandler
 .text.HAL_UART_TxCpltCallback
                0x0000000008003f60       0x14 ./Drivers/STM32L4xx_HAL_Driver/Src/stm32l4xx_hal_uart.o
                0x0000000008003f60                HAL_UART_TxCpltCallback
 .text.HAL_UART_ErrorCallback
                0x0000000008003f74       0x14 ./Drivers/STM32L4xx_HAL_Driver/Src/stm32l4xx_hal_uart.o
                0x0000000008003f74                HAL_UART_ErrorCallback
 .text.HAL_UARTEx_RxEventCallback
                0x0000000008003f88       0x18 ./Drivers/STM32L4xx_HAL_Driver/Src/stm32l4xx_hal_uart.o
                0x0000000008003f88                HAL_UARTEx_RxEventCallback
 .text.UART_SetConfig
                0x0000000008003fa0      0x458 ./Drivers/STM32L4xx_HAL_Driver/Src/stm32l4xx_hal_uart.o
                0x0000000008003fa0                UART_SetConfig
 .text.UART_AdvFeatureConfig
                0x00000000080043f8      0x144 ./Drivers/STM32L4xx_HAL_Driver/Src/stm32l4xx_hal_uart.o
                0x00000000080043f8                UART_AdvFeatureConfig
 .text.UART_CheckIdleState
                0x000000000800453c       0x92 ./Drivers/STM32L4xx_HAL_Driver/Src/stm32l4xx_hal_uart.o
                0x000000000800453c                UART_CheckIdleState
 .text.UART_WaitOnFlagUntilTimeout
                0x00000000080045ce      0x188 ./Drivers/STM32L4xx_HAL_Driver/Src/stm32l4xx_hal_uart.o
                0x00000000080045ce                UART_WaitOnFlagUntilTimeout
 *fill*         0x0000000008004756        0x2 
 .text.UART_Start_Receive_IT
                0x0000000008004758      0x194 ./Drivers/STM32L4xx_HAL_Driver/Src/stm32l4xx_hal_uart.o
                0x0000000008004758                UART_Start_Receive_IT
 .text.UART_EndRxTransfer
                0x00000000080048ec       0xc6 ./Drivers/STM32L4xx_HAL_Driver/Src/stm32l4xx_hal_uart.o
 .text.UART_DMAAbortOnError
                0x00000000080049b2       0x2c ./Drivers/STM32L4xx_HAL_Driver/Src/stm32l4xx_hal_uart.o
 .text.UART_EndTransmit_IT
                0x00000000080049de       0x54 ./Drivers/STM32L4xx_HAL_Driver/Src/stm32l4xx_hal_uart.o
 .text.UART_RxISR_8BIT
                0x0000000008004a32      0x160 ./Drivers/STM32L4xx_HAL_Driver/Src/stm32l4xx_hal_uart.o
 .text.UART_RxISR_16BIT
                0x0000000008004b92      0x160 ./Drivers/STM32L4xx_HAL_Driver/Src/stm32l4xx_hal_uart.o
 .text.HAL_UARTEx_WakeupCallback
                0x0000000008004cf2       0x14 ./Drivers/STM32L4xx_HAL_Driver/Src/stm32l4xx_hal_uart_ex.o
                0x0000000008004cf2                HAL_UARTEx_WakeupCallback
 *fill*         0x0000000008004d06        0x2 
 .text.StartXbeeTask
                0x0000000008004d08       0x44 ./Drivers/XBeeS2C/xbee.o
                0x0000000008004d08                StartXbeeTask
 .text.xbee_init
                0x0000000008004d4c       0xc4 ./Drivers/XBeeS2C/xbee.o
                0x0000000008004d4c                xbee_init
 .text.xbee_process
                0x0000000008004e10       0x34 ./Drivers/XBeeS2C/xbee.o
                0x0000000008004e10                xbee_process
 .text.xbee_send_at_command
                0x0000000008004e44       0xf4 ./Drivers/XBeeS2C/xbee.o
                0x0000000008004e44                xbee_send_at_command
 .text.xbee_wait_for_AT_response
                0x0000000008004f38      0x138 ./Drivers/XBeeS2C/xbee.o
                0x0000000008004f38                xbee_wait_for_AT_response
 .text.xbee_send_data
                0x0000000008005070       0x44 ./Drivers/XBeeS2C/xbee.o
                0x0000000008005070                xbee_send_data
 .text.xbee_byteRcvCallback
                0x00000000080050b4       0x30 ./Drivers/XBeeS2C/xbee.o
                0x00000000080050b4                xbee_byteRcvCallback
 .text._EnterCmdMode
                0x00000000080050e4       0x74 ./Drivers/XBeeS2C/xbee.o
                0x00000000080050e4                _EnterCmdMode
 .text._ExitCmdMode
                0x0000000008005158       0x58 ./Drivers/XBeeS2C/xbee.o
                0x0000000008005158                _ExitCmdMode
 .text._ResetFrame
                0x00000000080051b0       0x20 ./Drivers/XBeeS2C/xbee.o
                0x00000000080051b0                _ResetFrame
 .text._allocateFrame
                0x00000000080051d0       0x30 ./Drivers/XBeeS2C/xbee.o
                0x00000000080051d0                _allocateFrame
 .text._processStatus
                0x0000000008005200       0x44 ./Drivers/XBeeS2C/xbee.o
                0x0000000008005200                _processStatus
 .text.xbeeSerial_Init
                0x0000000008005244       0x40 ./Drivers/XBeeS2C/xbeeSerial.o
                0x0000000008005244                xbeeSerial_Init
 .text.xbeeSerial_getBuffer
                0x0000000008005284       0x90 ./Drivers/XBeeS2C/xbeeSerial.o
                0x0000000008005284                xbeeSerial_getBuffer
 .text.xbeeSerial_getBufferSize
                0x0000000008005314       0x44 ./Drivers/XBeeS2C/xbeeSerial.o
                0x0000000008005314                xbeeSerial_getBufferSize
 .text.xbeeSerial_Transmit
                0x0000000008005358       0x28 ./Drivers/XBeeS2C/xbeeSerial.o
                0x0000000008005358                xbeeSerial_Transmit
 .text.xbeeSerial_isMessageReceived
                0x0000000008005380       0x18 ./Drivers/XBeeS2C/xbeeSerial.o
                0x0000000008005380                xbeeSerial_isMessageReceived
 .text._ReceiveStart
                0x0000000008005398       0x4c ./Drivers/XBeeS2C/xbeeSerial.o
                0x0000000008005398                _ReceiveStart
 .text.xbeeSerial_rxCallback
                0x00000000080053e4       0x88 ./Drivers/XBeeS2C/xbeeSerial.o
                0x00000000080053e4                xbeeSerial_rxCallback
 .text.makeFreeRtosPriority
                0x000000000800546c       0x30 ./Middlewares/Third_Party/FreeRTOS/Source/CMSIS_RTOS/cmsis_os.o
 .text.inHandlerMode
                0x000000000800549c       0x24 ./Middlewares/Third_Party/FreeRTOS/Source/CMSIS_RTOS/cmsis_os.o
 .text.osKernelStart
                0x00000000080054c0        0xe ./Middlewares/Third_Party/FreeRTOS/Source/CMSIS_RTOS/cmsis_os.o
                0x00000000080054c0                osKernelStart
 .text.osThreadCreate
                0x00000000080054ce       0x98 ./Middlewares/Third_Party/FreeRTOS/Source/CMSIS_RTOS/cmsis_os.o
                0x00000000080054ce                osThreadCreate
 .text.osDelay  0x0000000008005566       0x28 ./Middlewares/Third_Party/FreeRTOS/Source/CMSIS_RTOS/cmsis_os.o
                0x0000000008005566                osDelay
 .text.osMutexCreate
                0x000000000800558e       0x30 ./Middlewares/Third_Party/FreeRTOS/Source/CMSIS_RTOS/cmsis_os.o
                0x000000000800558e                osMutexCreate
 *fill*         0x00000000080055be        0x2 
 .text.osMutexWait
                0x00000000080055c0       0x9c ./Middlewares/Third_Party/FreeRTOS/Source/CMSIS_RTOS/cmsis_os.o
                0x00000000080055c0                osMutexWait
 .text.osMutexRelease
                0x000000000800565c       0x6c ./Middlewares/Third_Party/FreeRTOS/Source/CMSIS_RTOS/cmsis_os.o
                0x000000000800565c                osMutexRelease
 .text.vListInitialise
                0x00000000080056c8       0x40 ./Middlewares/Third_Party/FreeRTOS/Source/list.o
                0x00000000080056c8                vListInitialise
 .text.vListInitialiseItem
                0x0000000008005708       0x1a ./Middlewares/Third_Party/FreeRTOS/Source/list.o
                0x0000000008005708                vListInitialiseItem
 .text.vListInsertEnd
                0x0000000008005722       0x48 ./Middlewares/Third_Party/FreeRTOS/Source/list.o
                0x0000000008005722                vListInsertEnd
 .text.vListInsert
                0x000000000800576a       0x72 ./Middlewares/Third_Party/FreeRTOS/Source/list.o
                0x000000000800576a                vListInsert
 .text.uxListRemove
                0x00000000080057dc       0x54 ./Middlewares/Third_Party/FreeRTOS/Source/list.o
                0x00000000080057dc                uxListRemove
 .text.xQueueGenericReset
                0x0000000008005830       0xd0 ./Middlewares/Third_Party/FreeRTOS/Source/queue.o
                0x0000000008005830                xQueueGenericReset
 .text.xQueueGenericCreateStatic
                0x0000000008005900       0xf0 ./Middlewares/Third_Party/FreeRTOS/Source/queue.o
                0x0000000008005900                xQueueGenericCreateStatic
 .text.xQueueGenericCreate
                0x00000000080059f0       0x74 ./Middlewares/Third_Party/FreeRTOS/Source/queue.o
                0x00000000080059f0                xQueueGenericCreate
 .text.prvInitialiseNewQueue
                0x0000000008005a64       0x3e ./Middlewares/Third_Party/FreeRTOS/Source/queue.o
 .text.prvInitialiseMutex
                0x0000000008005aa2       0x34 ./Middlewares/Third_Party/FreeRTOS/Source/queue.o
 .text.xQueueCreateMutex
                0x0000000008005ad6       0x30 ./Middlewares/Third_Party/FreeRTOS/Source/queue.o
                0x0000000008005ad6                xQueueCreateMutex
 .text.xQueueCreateMutexStatic
                0x0000000008005b06       0x36 ./Middlewares/Third_Party/FreeRTOS/Source/queue.o
                0x0000000008005b06                xQueueCreateMutexStatic
 .text.xQueueGenericSend
                0x0000000008005b3c      0x1fc ./Middlewares/Third_Party/FreeRTOS/Source/queue.o
                0x0000000008005b3c                xQueueGenericSend
 .text.xQueueGiveFromISR
                0x0000000008005d38      0x11a ./Middlewares/Third_Party/FreeRTOS/Source/queue.o
                0x0000000008005d38                xQueueGiveFromISR
 *fill*         0x0000000008005e52        0x2 
 .text.xQueueSemaphoreTake
                0x0000000008005e54      0x218 ./Middlewares/Third_Party/FreeRTOS/Source/queue.o
                0x0000000008005e54                xQueueSemaphoreTake
 .text.xQueueReceiveFromISR
                0x000000000800606c      0x100 ./Middlewares/Third_Party/FreeRTOS/Source/queue.o
                0x000000000800606c                xQueueReceiveFromISR
 .text.prvGetDisinheritPriorityAfterTimeout
                0x000000000800616c       0x30 ./Middlewares/Third_Party/FreeRTOS/Source/queue.o
 .text.prvCopyDataToQueue
                0x000000000800619c       0xd4 ./Middlewares/Third_Party/FreeRTOS/Source/queue.o
 .text.prvCopyDataFromQueue
                0x0000000008006270       0x4c ./Middlewares/Third_Party/FreeRTOS/Source/queue.o
 .text.prvUnlockQueue
                0x00000000080062bc       0xa4 ./Middlewares/Third_Party/FreeRTOS/Source/queue.o
 .text.prvIsQueueEmpty
                0x0000000008006360       0x2c ./Middlewares/Third_Party/FreeRTOS/Source/queue.o
 .text.prvIsQueueFull
                0x000000000800638c       0x30 ./Middlewares/Third_Party/FreeRTOS/Source/queue.o
 .text.xTaskCreateStatic
                0x00000000080063bc       0xba ./Middlewares/Third_Party/FreeRTOS/Source/tasks.o
                0x00000000080063bc                xTaskCreateStatic
 .text.xTaskCreate
                0x0000000008006476       0x8a ./Middlewares/Third_Party/FreeRTOS/Source/tasks.o
                0x0000000008006476                xTaskCreate
 .text.prvInitialiseNewTask
                0x0000000008006500      0x13c ./Middlewares/Third_Party/FreeRTOS/Source/tasks.o
 .text.prvAddNewTaskToReadyList
                0x000000000800663c       0xd4 ./Middlewares/Third_Party/FreeRTOS/Source/tasks.o
 .text.vTaskDelete
                0x0000000008006710      0x120 ./Middlewares/Third_Party/FreeRTOS/Source/tasks.o
                0x0000000008006710                vTaskDelete
 .text.vTaskDelay
                0x0000000008006830       0x68 ./Middlewares/Third_Party/FreeRTOS/Source/tasks.o
                0x0000000008006830                vTaskDelay
 .text.vTaskStartScheduler
                0x0000000008006898       0xd4 ./Middlewares/Third_Party/FreeRTOS/Source/tasks.o
                0x0000000008006898                vTaskStartScheduler
 .text.vTaskSuspendAll
                0x000000000800696c       0x1c ./Middlewares/Third_Party/FreeRTOS/Source/tasks.o
                0x000000000800696c                vTaskSuspendAll
 .text.xTaskResumeAll
                0x0000000008006988      0x138 ./Middlewares/Third_Party/FreeRTOS/Source/tasks.o
                0x0000000008006988                xTaskResumeAll
 .text.xTaskIncrementTick
                0x0000000008006ac0      0x170 ./Middlewares/Third_Party/FreeRTOS/Source/tasks.o
                0x0000000008006ac0                xTaskIncrementTick
 .text.vTaskSwitchContext
                0x0000000008006c30       0xc4 ./Middlewares/Third_Party/FreeRTOS/Source/tasks.o
                0x0000000008006c30                vTaskSwitchContext
 .text.vTaskPlaceOnEventList
                0x0000000008006cf4       0x48 ./Middlewares/Third_Party/FreeRTOS/Source/tasks.o
                0x0000000008006cf4                vTaskPlaceOnEventList
 .text.xTaskRemoveFromEventList
                0x0000000008006d3c       0xc4 ./Middlewares/Third_Party/FreeRTOS/Source/tasks.o
                0x0000000008006d3c                xTaskRemoveFromEventList
 .text.vTaskInternalSetTimeOutState
                0x0000000008006e00       0x2c ./Middlewares/Third_Party/FreeRTOS/Source/tasks.o
                0x0000000008006e00                vTaskInternalSetTimeOutState
 .text.xTaskCheckForTimeOut
                0x0000000008006e2c       0xc4 ./Middlewares/Third_Party/FreeRTOS/Source/tasks.o
                0x0000000008006e2c                xTaskCheckForTimeOut
 .text.vTaskMissedYield
                0x0000000008006ef0       0x18 ./Middlewares/Third_Party/FreeRTOS/Source/tasks.o
                0x0000000008006ef0                vTaskMissedYield
 .text.prvIdleTask
                0x0000000008006f08       0x30 ./Middlewares/Third_Party/FreeRTOS/Source/tasks.o
 .text.prvInitialiseTaskLists
                0x0000000008006f38       0x80 ./Middlewares/Third_Party/FreeRTOS/Source/tasks.o
 .text.prvCheckTasksWaitingTermination
                0x0000000008006fb8       0x5c ./Middlewares/Third_Party/FreeRTOS/Source/tasks.o
 .text.prvDeleteTCB
                0x0000000008007014       0x68 ./Middlewares/Third_Party/FreeRTOS/Source/tasks.o
 .text.prvResetNextTaskUnblockTime
                0x000000000800707c       0x40 ./Middlewares/Third_Party/FreeRTOS/Source/tasks.o
 .text.xTaskGetSchedulerState
                0x00000000080070bc       0x3c ./Middlewares/Third_Party/FreeRTOS/Source/tasks.o
                0x00000000080070bc                xTaskGetSchedulerState
 .text.xTaskPriorityInherit
                0x00000000080070f8       0xec ./Middlewares/Third_Party/FreeRTOS/Source/tasks.o
                0x00000000080070f8                xTaskPriorityInherit
 .text.xTaskPriorityDisinherit
                0x00000000080071e4      0x10c ./Middlewares/Third_Party/FreeRTOS/Source/tasks.o
                0x00000000080071e4                xTaskPriorityDisinherit
 .text.vTaskPriorityDisinheritAfterTimeout
                0x00000000080072f0      0x11c ./Middlewares/Third_Party/FreeRTOS/Source/tasks.o
                0x00000000080072f0                vTaskPriorityDisinheritAfterTimeout
 .text.pvTaskIncrementMutexHeldCount
                0x000000000800740c       0x28 ./Middlewares/Third_Party/FreeRTOS/Source/tasks.o
                0x000000000800740c                pvTaskIncrementMutexHeldCount
 .text.prvAddCurrentTaskToDelayedList
                0x0000000008007434       0xcc ./Middlewares/Third_Party/FreeRTOS/Source/tasks.o
 .text.pxPortInitialiseStack
                0x0000000008007500       0x68 ./Middlewares/Third_Party/FreeRTOS/Source/portable/GCC/ARM_CM4F/port.o
                0x0000000008007500                pxPortInitialiseStack
 .text.prvTaskExitError
                0x0000000008007568       0x58 ./Middlewares/Third_Party/FreeRTOS/Source/portable/GCC/ARM_CM4F/port.o
 .text.SVC_Handler
                0x00000000080075c0       0x28 ./Middlewares/Third_Party/FreeRTOS/Source/portable/GCC/ARM_CM4F/port.o
                0x00000000080075c0                SVC_Handler
 .text.prvPortStartFirstTask
                0x00000000080075e8       0x28 ./Middlewares/Third_Party/FreeRTOS/Source/portable/GCC/ARM_CM4F/port.o
 .text.xPortStartScheduler
                0x0000000008007610      0x144 ./Middlewares/Third_Party/FreeRTOS/Source/portable/GCC/ARM_CM4F/port.o
                0x0000000008007610                xPortStartScheduler
 .text.vPortEnterCritical
                0x0000000008007754       0x60 ./Middlewares/Third_Party/FreeRTOS/Source/portable/GCC/ARM_CM4F/port.o
                0x0000000008007754                vPortEnterCritical
 .text.vPortExitCritical
                0x00000000080077b4       0x54 ./Middlewares/Third_Party/FreeRTOS/Source/portable/GCC/ARM_CM4F/port.o
                0x00000000080077b4                vPortExitCritical
 *fill*         0x0000000008007808        0x8 
 .text.PendSV_Handler
                0x0000000008007810       0x68 ./Middlewares/Third_Party/FreeRTOS/Source/portable/GCC/ARM_CM4F/port.o
                0x0000000008007810                PendSV_Handler
 .text.SysTick_Handler
                0x0000000008007878       0x44 ./Middlewares/Third_Party/FreeRTOS/Source/portable/GCC/ARM_CM4F/port.o
                0x0000000008007878                SysTick_Handler
 .text.vPortSetupTimerInterrupt
                0x00000000080078bc       0x48 ./Middlewares/Third_Party/FreeRTOS/Source/portable/GCC/ARM_CM4F/port.o
                0x00000000080078bc                vPortSetupTimerInterrupt
 .text.vPortEnableVFP
                0x0000000008007904       0x14 ./Middlewares/Third_Party/FreeRTOS/Source/portable/GCC/ARM_CM4F/port.o
 .text.vPortValidateInterruptPriority
                0x0000000008007918       0x80 ./Middlewares/Third_Party/FreeRTOS/Source/portable/GCC/ARM_CM4F/port.o
                0x0000000008007918                vPortValidateInterruptPriority
 .text.pvPortMalloc
                0x0000000008007998      0x198 ./Middlewares/Third_Party/FreeRTOS/Source/portable/MemMang/heap_4.o
                0x0000000008007998                pvPortMalloc
 .text.vPortFree
                0x0000000008007b30       0xc4 ./Middlewares/Third_Party/FreeRTOS/Source/portable/MemMang/heap_4.o
                0x0000000008007b30                vPortFree
 .text.prvHeapInit
                0x0000000008007bf4       0xc4 ./Middlewares/Third_Party/FreeRTOS/Source/portable/MemMang/heap_4.o
 .text.prvInsertBlockIntoFreeList
                0x0000000008007cb8       0xb4 ./Middlewares/Third_Party/FreeRTOS/Source/portable/MemMang/heap_4.o
 .text.__errno  0x0000000008007d6c        0xc d:/programs/stmicroelectronics/stm32cubeide_1.9.0/stm32cubeide/plugins/com.st.stm32cube.ide.mcu.externaltools.gnu-tools-for-stm32.10.3-2021.10.win32_1.0.0.202111181127/tools/bin/../lib/gcc/arm-none-eabi/10.3.1/../../../../arm-none-eabi/lib/thumb/v7e-m+fp/hard\libc_nano.a(lib_a-errno.o)
                0x0000000008007d6c                __errno
 .text.std      0x0000000008007d78       0x48 d:/programs/stmicroelectronics/stm32cubeide_1.9.0/stm32cubeide/plugins/com.st.stm32cube.ide.mcu.externaltools.gnu-tools-for-stm32.10.3-2021.10.win32_1.0.0.202111181127/tools/bin/../lib/gcc/arm-none-eabi/10.3.1/../../../../arm-none-eabi/lib/thumb/v7e-m+fp/hard\libc_nano.a(lib_a-findfp.o)
 .text._cleanup_r
                0x0000000008007dc0        0xc d:/programs/stmicroelectronics/stm32cubeide_1.9.0/stm32cubeide/plugins/com.st.stm32cube.ide.mcu.externaltools.gnu-tools-for-stm32.10.3-2021.10.win32_1.0.0.202111181127/tools/bin/../lib/gcc/arm-none-eabi/10.3.1/../../../../arm-none-eabi/lib/thumb/v7e-m+fp/hard\libc_nano.a(lib_a-findfp.o)
                0x0000000008007dc0                _cleanup_r
 .text.__sfmoreglue
                0x0000000008007dcc       0x2c d:/programs/stmicroelectronics/stm32cubeide_1.9.0/stm32cubeide/plugins/com.st.stm32cube.ide.mcu.externaltools.gnu-tools-for-stm32.10.3-2021.10.win32_1.0.0.202111181127/tools/bin/../lib/gcc/arm-none-eabi/10.3.1/../../../../arm-none-eabi/lib/thumb/v7e-m+fp/hard\libc_nano.a(lib_a-findfp.o)
                0x0000000008007dcc                __sfmoreglue
 .text.__sfp_lock_acquire
                0x0000000008007df8        0xc d:/programs/stmicroelectronics/stm32cubeide_1.9.0/stm32cubeide/plugins/com.st.stm32cube.ide.mcu.externaltools.gnu-tools-for-stm32.10.3-2021.10.win32_1.0.0.202111181127/tools/bin/../lib/gcc/arm-none-eabi/10.3.1/../../../../arm-none-eabi/lib/thumb/v7e-m+fp/hard\libc_nano.a(lib_a-findfp.o)
                0x0000000008007df8                __sfp_lock_acquire
 .text.__sfp_lock_release
                0x0000000008007e04        0xc d:/programs/stmicroelectronics/stm32cubeide_1.9.0/stm32cubeide/plugins/com.st.stm32cube.ide.mcu.externaltools.gnu-tools-for-stm32.10.3-2021.10.win32_1.0.0.202111181127/tools/bin/../lib/gcc/arm-none-eabi/10.3.1/../../../../arm-none-eabi/lib/thumb/v7e-m+fp/hard\libc_nano.a(lib_a-findfp.o)
                0x0000000008007e04                __sfp_lock_release
 .text.__sinit_lock_acquire
                0x0000000008007e10        0xc d:/programs/stmicroelectronics/stm32cubeide_1.9.0/stm32cubeide/plugins/com.st.stm32cube.ide.mcu.externaltools.gnu-tools-for-stm32.10.3-2021.10.win32_1.0.0.202111181127/tools/bin/../lib/gcc/arm-none-eabi/10.3.1/../../../../arm-none-eabi/lib/thumb/v7e-m+fp/hard\libc_nano.a(lib_a-findfp.o)
                0x0000000008007e10                __sinit_lock_acquire
 .text.__sinit_lock_release
                0x0000000008007e1c        0xc d:/programs/stmicroelectronics/stm32cubeide_1.9.0/stm32cubeide/plugins/com.st.stm32cube.ide.mcu.externaltools.gnu-tools-for-stm32.10.3-2021.10.win32_1.0.0.202111181127/tools/bin/../lib/gcc/arm-none-eabi/10.3.1/../../../../arm-none-eabi/lib/thumb/v7e-m+fp/hard\libc_nano.a(lib_a-findfp.o)
                0x0000000008007e1c                __sinit_lock_release
 .text.__sinit  0x0000000008007e28       0x70 d:/programs/stmicroelectronics/stm32cubeide_1.9.0/stm32cubeide/plugins/com.st.stm32cube.ide.mcu.externaltools.gnu-tools-for-stm32.10.3-2021.10.win32_1.0.0.202111181127/tools/bin/../lib/gcc/arm-none-eabi/10.3.1/../../../../arm-none-eabi/lib/thumb/v7e-m+fp/hard\libc_nano.a(lib_a-findfp.o)
                0x0000000008007e28                __sinit
 .text.__sfp    0x0000000008007e98       0x8c d:/programs/stmicroelectronics/stm32cubeide_1.9.0/stm32cubeide/plugins/com.st.stm32cube.ide.mcu.externaltools.gnu-tools-for-stm32.10.3-2021.10.win32_1.0.0.202111181127/tools/bin/../lib/gcc/arm-none-eabi/10.3.1/../../../../arm-none-eabi/lib/thumb/v7e-m+fp/hard\libc_nano.a(lib_a-findfp.o)
                0x0000000008007e98                __sfp
 .text._fwalk_reent
                0x0000000008007f24       0x3e d:/programs/stmicroelectronics/stm32cubeide_1.9.0/stm32cubeide/plugins/com.st.stm32cube.ide.mcu.externaltools.gnu-tools-for-stm32.10.3-2021.10.win32_1.0.0.202111181127/tools/bin/../lib/gcc/arm-none-eabi/10.3.1/../../../../arm-none-eabi/lib/thumb/v7e-m+fp/hard\libc_nano.a(lib_a-fwalk.o)
                0x0000000008007f24                _fwalk_reent
 *fill*         0x0000000008007f62        0x2 
 .text.__libc_init_array
                0x0000000008007f64       0x48 d:/programs/stmicroelectronics/stm32cubeide_1.9.0/stm32cubeide/plugins/com.st.stm32cube.ide.mcu.externaltools.gnu-tools-for-stm32.10.3-2021.10.win32_1.0.0.202111181127/tools/bin/../lib/gcc/arm-none-eabi/10.3.1/../../../../arm-none-eabi/lib/thumb/v7e-m+fp/hard\libc_nano.a(lib_a-init.o)
                0x0000000008007f64                __libc_init_array
 .text.__retarget_lock_init_recursive
                0x0000000008007fac        0x2 d:/programs/stmicroelectronics/stm32cubeide_1.9.0/stm32cubeide/plugins/com.st.stm32cube.ide.mcu.externaltools.gnu-tools-for-stm32.10.3-2021.10.win32_1.0.0.202111181127/tools/bin/../lib/gcc/arm-none-eabi/10.3.1/../../../../arm-none-eabi/lib/thumb/v7e-m+fp/hard\libc_nano.a(lib_a-lock.o)
                0x0000000008007fac                __retarget_lock_init_recursive
 .text.__retarget_lock_acquire_recursive
                0x0000000008007fae        0x2 d:/programs/stmicroelectronics/stm32cubeide_1.9.0/stm32cubeide/plugins/com.st.stm32cube.ide.mcu.externaltools.gnu-tools-for-stm32.10.3-2021.10.win32_1.0.0.202111181127/tools/bin/../lib/gcc/arm-none-eabi/10.3.1/../../../../arm-none-eabi/lib/thumb/v7e-m+fp/hard\libc_nano.a(lib_a-lock.o)
                0x0000000008007fae                __retarget_lock_acquire_recursive
 .text.__retarget_lock_release_recursive
                0x0000000008007fb0        0x2 d:/programs/stmicroelectronics/stm32cubeide_1.9.0/stm32cubeide/plugins/com.st.stm32cube.ide.mcu.externaltools.gnu-tools-for-stm32.10.3-2021.10.win32_1.0.0.202111181127/tools/bin/../lib/gcc/arm-none-eabi/10.3.1/../../../../arm-none-eabi/lib/thumb/v7e-m+fp/hard\libc_nano.a(lib_a-lock.o)
                0x0000000008007fb0                __retarget_lock_release_recursive
 .text.memcmp   0x0000000008007fb2       0x20 d:/programs/stmicroelectronics/stm32cubeide_1.9.0/stm32cubeide/plugins/com.st.stm32cube.ide.mcu.externaltools.gnu-tools-for-stm32.10.3-2021.10.win32_1.0.0.202111181127/tools/bin/../lib/gcc/arm-none-eabi/10.3.1/../../../../arm-none-eabi/lib/thumb/v7e-m+fp/hard\libc_nano.a(lib_a-memcmp.o)
                0x0000000008007fb2                memcmp
 .text.memcpy   0x0000000008007fd2       0x1c d:/programs/stmicroelectronics/stm32cubeide_1.9.0/stm32cubeide/plugins/com.st.stm32cube.ide.mcu.externaltools.gnu-tools-for-stm32.10.3-2021.10.win32_1.0.0.202111181127/tools/bin/../lib/gcc/arm-none-eabi/10.3.1/../../../../arm-none-eabi/lib/thumb/v7e-m+fp/hard\libc_nano.a(lib_a-memcpy-stub.o)
                0x0000000008007fd2                memcpy
 .text.memset   0x0000000008007fee       0x10 d:/programs/stmicroelectronics/stm32cubeide_1.9.0/stm32cubeide/plugins/com.st.stm32cube.ide.mcu.externaltools.gnu-tools-for-stm32.10.3-2021.10.win32_1.0.0.202111181127/tools/bin/../lib/gcc/arm-none-eabi/10.3.1/../../../../arm-none-eabi/lib/thumb/v7e-m+fp/hard\libc_nano.a(lib_a-memset.o)
                0x0000000008007fee                memset
 *fill*         0x0000000008007ffe        0x2 
 .text.sbrk_aligned
                0x0000000008008000       0x40 d:/programs/stmicroelectronics/stm32cubeide_1.9.0/stm32cubeide/plugins/com.st.stm32cube.ide.mcu.externaltools.gnu-tools-for-stm32.10.3-2021.10.win32_1.0.0.202111181127/tools/bin/../lib/gcc/arm-none-eabi/10.3.1/../../../../arm-none-eabi/lib/thumb/v7e-m+fp/hard\libc_nano.a(lib_a-nano-mallocr.o)
 .text._malloc_r
                0x0000000008008040       0xe8 d:/programs/stmicroelectronics/stm32cubeide_1.9.0/stm32cubeide/plugins/com.st.stm32cube.ide.mcu.externaltools.gnu-tools-for-stm32.10.3-2021.10.win32_1.0.0.202111181127/tools/bin/../lib/gcc/arm-none-eabi/10.3.1/../../../../arm-none-eabi/lib/thumb/v7e-m+fp/hard\libc_nano.a(lib_a-nano-mallocr.o)
                0x0000000008008040                _malloc_r
 .text.__cvt    0x0000000008008128       0xc4 d:/programs/stmicroelectronics/stm32cubeide_1.9.0/stm32cubeide/plugins/com.st.stm32cube.ide.mcu.externaltools.gnu-tools-for-stm32.10.3-2021.10.win32_1.0.0.202111181127/tools/bin/../lib/gcc/arm-none-eabi/10.3.1/../../../../arm-none-eabi/lib/thumb/v7e-m+fp/hard\libc_nano.a(lib_a-nano-vfprintf_float.o)
                0x0000000008008128                __cvt
 .text.__exponent
                0x00000000080081ec       0x7c d:/programs/stmicroelectronics/stm32cubeide_1.9.0/stm32cubeide/plugins/com.st.stm32cube.ide.mcu.externaltools.gnu-tools-for-stm32.10.3-2021.10.win32_1.0.0.202111181127/tools/bin/../lib/gcc/arm-none-eabi/10.3.1/../../../../arm-none-eabi/lib/thumb/v7e-m+fp/hard\libc_nano.a(lib_a-nano-vfprintf_float.o)
                0x00000000080081ec                __exponent
 .text._printf_float
                0x0000000008008268      0x46c d:/programs/stmicroelectronics/stm32cubeide_1.9.0/stm32cubeide/plugins/com.st.stm32cube.ide.mcu.externaltools.gnu-tools-for-stm32.10.3-2021.10.win32_1.0.0.202111181127/tools/bin/../lib/gcc/arm-none-eabi/10.3.1/../../../../arm-none-eabi/lib/thumb/v7e-m+fp/hard\libc_nano.a(lib_a-nano-vfprintf_float.o)
                0x0000000008008268                _printf_float
 .text._printf_common
                0x00000000080086d4       0xda d:/programs/stmicroelectronics/stm32cubeide_1.9.0/stm32cubeide/plugins/com.st.stm32cube.ide.mcu.externaltools.gnu-tools-for-stm32.10.3-2021.10.win32_1.0.0.202111181127/tools/bin/../lib/gcc/arm-none-eabi/10.3.1/../../../../arm-none-eabi/lib/thumb/v7e-m+fp/hard\libc_nano.a(lib_a-nano-vfprintf_i.o)
                0x00000000080086d4                _printf_common
 *fill*         0x00000000080087ae        0x2 
 .text._printf_i
                0x00000000080087b0      0x24c d:/programs/stmicroelectronics/stm32cubeide_1.9.0/stm32cubeide/plugins/com.st.stm32cube.ide.mcu.externaltools.gnu-tools-for-stm32.10.3-2021.10.win32_1.0.0.202111181127/tools/bin/../lib/gcc/arm-none-eabi/10.3.1/../../../../arm-none-eabi/lib/thumb/v7e-m+fp/hard\libc_nano.a(lib_a-nano-vfprintf_i.o)
                0x00000000080087b0                _printf_i
 .text.cleanup_glue
                0x00000000080089fc       0x1a d:/programs/stmicroelectronics/stm32cubeide_1.9.0/stm32cubeide/plugins/com.st.stm32cube.ide.mcu.externaltools.gnu-tools-for-stm32.10.3-2021.10.win32_1.0.0.202111181127/tools/bin/../lib/gcc/arm-none-eabi/10.3.1/../../../../arm-none-eabi/lib/thumb/v7e-m+fp/hard\libc_nano.a(lib_a-reent.o)
                0x00000000080089fc                cleanup_glue
 *fill*         0x0000000008008a16        0x2 
 .text._reclaim_reent
                0x0000000008008a18       0xb8 d:/programs/stmicroelectronics/stm32cubeide_1.9.0/stm32cubeide/plugins/com.st.stm32cube.ide.mcu.externaltools.gnu-tools-for-stm32.10.3-2021.10.win32_1.0.0.202111181127/tools/bin/../lib/gcc/arm-none-eabi/10.3.1/../../../../arm-none-eabi/lib/thumb/v7e-m+fp/hard\libc_nano.a(lib_a-reent.o)
                0x0000000008008a18                _reclaim_reent
 .text._sbrk_r  0x0000000008008ad0       0x20 d:/programs/stmicroelectronics/stm32cubeide_1.9.0/stm32cubeide/plugins/com.st.stm32cube.ide.mcu.externaltools.gnu-tools-for-stm32.10.3-2021.10.win32_1.0.0.202111181127/tools/bin/../lib/gcc/arm-none-eabi/10.3.1/../../../../arm-none-eabi/lib/thumb/v7e-m+fp/hard\libc_nano.a(lib_a-sbrkr.o)
                0x0000000008008ad0                _sbrk_r
 .text.__sread  0x0000000008008af0       0x22 d:/programs/stmicroelectronics/stm32cubeide_1.9.0/stm32cubeide/plugins/com.st.stm32cube.ide.mcu.externaltools.gnu-tools-for-stm32.10.3-2021.10.win32_1.0.0.202111181127/tools/bin/../lib/gcc/arm-none-eabi/10.3.1/../../../../arm-none-eabi/lib/thumb/v7e-m+fp/hard\libc_nano.a(lib_a-stdio.o)
                0x0000000008008af0                __sread
 .text.__swrite
                0x0000000008008b12       0x38 d:/programs/stmicroelectronics/stm32cubeide_1.9.0/stm32cubeide/plugins/com.st.stm32cube.ide.mcu.externaltools.gnu-tools-for-stm32.10.3-2021.10.win32_1.0.0.202111181127/tools/bin/../lib/gcc/arm-none-eabi/10.3.1/../../../../arm-none-eabi/lib/thumb/v7e-m+fp/hard\libc_nano.a(lib_a-stdio.o)
                0x0000000008008b12                __swrite
 .text.__sseek  0x0000000008008b4a       0x24 d:/programs/stmicroelectronics/stm32cubeide_1.9.0/stm32cubeide/plugins/com.st.stm32cube.ide.mcu.externaltools.gnu-tools-for-stm32.10.3-2021.10.win32_1.0.0.202111181127/tools/bin/../lib/gcc/arm-none-eabi/10.3.1/../../../../arm-none-eabi/lib/thumb/v7e-m+fp/hard\libc_nano.a(lib_a-stdio.o)
                0x0000000008008b4a                __sseek
 .text.__sclose
                0x0000000008008b6e        0x8 d:/programs/stmicroelectronics/stm32cubeide_1.9.0/stm32cubeide/plugins/com.st.stm32cube.ide.mcu.externaltools.gnu-tools-for-stm32.10.3-2021.10.win32_1.0.0.202111181127/tools/bin/../lib/gcc/arm-none-eabi/10.3.1/../../../../arm-none-eabi/lib/thumb/v7e-m+fp/hard\libc_nano.a(lib_a-stdio.o)
                0x0000000008008b6e                __sclose
 *fill*         0x0000000008008b76        0x2 
 .text._vsprintf_r
                0x0000000008008b78       0x2c d:/programs/stmicroelectronics/stm32cubeide_1.9.0/stm32cubeide/plugins/com.st.stm32cube.ide.mcu.externaltools.gnu-tools-for-stm32.10.3-2021.10.win32_1.0.0.202111181127/tools/bin/../lib/gcc/arm-none-eabi/10.3.1/../../../../arm-none-eabi/lib/thumb/v7e-m+fp/hard\libc_nano.a(lib_a-vsprintf.o)
                0x0000000008008b78                _vsprintf_r
                0x0000000008008b78                _vsiprintf_r
 .text.vsprintf
                0x0000000008008ba4       0x14 d:/programs/stmicroelectronics/stm32cubeide_1.9.0/stm32cubeide/plugins/com.st.stm32cube.ide.mcu.externaltools.gnu-tools-for-stm32.10.3-2021.10.win32_1.0.0.202111181127/tools/bin/../lib/gcc/arm-none-eabi/10.3.1/../../../../arm-none-eabi/lib/thumb/v7e-m+fp/hard\libc_nano.a(lib_a-vsprintf.o)
                0x0000000008008ba4                vsiprintf
                0x0000000008008ba4                vsprintf
 .text._write_r
                0x0000000008008bb8       0x24 d:/programs/stmicroelectronics/stm32cubeide_1.9.0/stm32cubeide/plugins/com.st.stm32cube.ide.mcu.externaltools.gnu-tools-for-stm32.10.3-2021.10.win32_1.0.0.202111181127/tools/bin/../lib/gcc/arm-none-eabi/10.3.1/../../../../arm-none-eabi/lib/thumb/v7e-m+fp/hard\libc_nano.a(lib_a-writer.o)
                0x0000000008008bb8                _write_r
 .text._close_r
                0x0000000008008bdc       0x20 d:/programs/stmicroelectronics/stm32cubeide_1.9.0/stm32cubeide/plugins/com.st.stm32cube.ide.mcu.externaltools.gnu-tools-for-stm32.10.3-2021.10.win32_1.0.0.202111181127/tools/bin/../lib/gcc/arm-none-eabi/10.3.1/../../../../arm-none-eabi/lib/thumb/v7e-m+fp/hard\libc_nano.a(lib_a-closer.o)
                0x0000000008008bdc                _close_r
 .text.quorem   0x0000000008008bfc      0x116 d:/programs/stmicroelectronics/stm32cubeide_1.9.0/stm32cubeide/plugins/com.st.stm32cube.ide.mcu.externaltools.gnu-tools-for-stm32.10.3-2021.10.win32_1.0.0.202111181127/tools/bin/../lib/gcc/arm-none-eabi/10.3.1/../../../../arm-none-eabi/lib/thumb/v7e-m+fp/hard\libc_nano.a(lib_a-dtoa.o)
 *fill*         0x0000000008008d12        0x6 
 .text._dtoa_r  0x0000000008008d18      0xbdc d:/programs/stmicroelectronics/stm32cubeide_1.9.0/stm32cubeide/plugins/com.st.stm32cube.ide.mcu.externaltools.gnu-tools-for-stm32.10.3-2021.10.win32_1.0.0.202111181127/tools/bin/../lib/gcc/arm-none-eabi/10.3.1/../../../../arm-none-eabi/lib/thumb/v7e-m+fp/hard\libc_nano.a(lib_a-dtoa.o)
                0x0000000008008d18                _dtoa_r
 .text.__sflush_r
                0x00000000080098f4      0x10c d:/programs/stmicroelectronics/stm32cubeide_1.9.0/stm32cubeide/plugins/com.st.stm32cube.ide.mcu.externaltools.gnu-tools-for-stm32.10.3-2021.10.win32_1.0.0.202111181127/tools/bin/../lib/gcc/arm-none-eabi/10.3.1/../../../../arm-none-eabi/lib/thumb/v7e-m+fp/hard\libc_nano.a(lib_a-fflush.o)
                0x00000000080098f4                __sflush_r
 .text._fflush_r
                0x0000000008009a00       0x78 d:/programs/stmicroelectronics/stm32cubeide_1.9.0/stm32cubeide/plugins/com.st.stm32cube.ide.mcu.externaltools.gnu-tools-for-stm32.10.3-2021.10.win32_1.0.0.202111181127/tools/bin/../lib/gcc/arm-none-eabi/10.3.1/../../../../arm-none-eabi/lib/thumb/v7e-m+fp/hard\libc_nano.a(lib_a-fflush.o)
                0x0000000008009a00                _fflush_r
 .text._localeconv_r
                0x0000000008009a78        0x8 d:/programs/stmicroelectronics/stm32cubeide_1.9.0/stm32cubeide/plugins/com.st.stm32cube.ide.mcu.externaltools.gnu-tools-for-stm32.10.3-2021.10.win32_1.0.0.202111181127/tools/bin/../lib/gcc/arm-none-eabi/10.3.1/../../../../arm-none-eabi/lib/thumb/v7e-m+fp/hard\libc_nano.a(lib_a-localeconv.o)
                0x0000000008009a78                _localeconv_r
 .text._lseek_r
                0x0000000008009a80       0x24 d:/programs/stmicroelectronics/stm32cubeide_1.9.0/stm32cubeide/plugins/com.st.stm32cube.ide.mcu.externaltools.gnu-tools-for-stm32.10.3-2021.10.win32_1.0.0.202111181127/tools/bin/../lib/gcc/arm-none-eabi/10.3.1/../../../../arm-none-eabi/lib/thumb/v7e-m+fp/hard\libc_nano.a(lib_a-lseekr.o)
                0x0000000008009a80                _lseek_r
 .text.malloc   0x0000000008009aa4       0x10 d:/programs/stmicroelectronics/stm32cubeide_1.9.0/stm32cubeide/plugins/com.st.stm32cube.ide.mcu.externaltools.gnu-tools-for-stm32.10.3-2021.10.win32_1.0.0.202111181127/tools/bin/../lib/gcc/arm-none-eabi/10.3.1/../../../../arm-none-eabi/lib/thumb/v7e-m+fp/hard\libc_nano.a(lib_a-malloc.o)
                0x0000000008009aa4                malloc
 .text.__malloc_lock
                0x0000000008009ab4        0xc d:/programs/stmicroelectronics/stm32cubeide_1.9.0/stm32cubeide/plugins/com.st.stm32cube.ide.mcu.externaltools.gnu-tools-for-stm32.10.3-2021.10.win32_1.0.0.202111181127/tools/bin/../lib/gcc/arm-none-eabi/10.3.1/../../../../arm-none-eabi/lib/thumb/v7e-m+fp/hard\libc_nano.a(lib_a-mlock.o)
                0x0000000008009ab4                __malloc_lock
 .text.__malloc_unlock
                0x0000000008009ac0        0xc d:/programs/stmicroelectronics/stm32cubeide_1.9.0/stm32cubeide/plugins/com.st.stm32cube.ide.mcu.externaltools.gnu-tools-for-stm32.10.3-2021.10.win32_1.0.0.202111181127/tools/bin/../lib/gcc/arm-none-eabi/10.3.1/../../../../arm-none-eabi/lib/thumb/v7e-m+fp/hard\libc_nano.a(lib_a-mlock.o)
                0x0000000008009ac0                __malloc_unlock
 .text._Balloc  0x0000000008009acc       0x80 d:/programs/stmicroelectronics/stm32cubeide_1.9.0/stm32cubeide/plugins/com.st.stm32cube.ide.mcu.externaltools.gnu-tools-for-stm32.10.3-2021.10.win32_1.0.0.202111181127/tools/bin/../lib/gcc/arm-none-eabi/10.3.1/../../../../arm-none-eabi/lib/thumb/v7e-m+fp/hard\libc_nano.a(lib_a-mprec.o)
                0x0000000008009acc                _Balloc
 .text._Bfree   0x0000000008009b4c       0x44 d:/programs/stmicroelectronics/stm32cubeide_1.9.0/stm32cubeide/plugins/com.st.stm32cube.ide.mcu.externaltools.gnu-tools-for-stm32.10.3-2021.10.win32_1.0.0.202111181127/tools/bin/../lib/gcc/arm-none-eabi/10.3.1/../../../../arm-none-eabi/lib/thumb/v7e-m+fp/hard\libc_nano.a(lib_a-mprec.o)
                0x0000000008009b4c                _Bfree
 .text.__multadd
                0x0000000008009b90       0x8c d:/programs/stmicroelectronics/stm32cubeide_1.9.0/stm32cubeide/plugins/com.st.stm32cube.ide.mcu.externaltools.gnu-tools-for-stm32.10.3-2021.10.win32_1.0.0.202111181127/tools/bin/../lib/gcc/arm-none-eabi/10.3.1/../../../../arm-none-eabi/lib/thumb/v7e-m+fp/hard\libc_nano.a(lib_a-mprec.o)
                0x0000000008009b90                __multadd
 .text.__hi0bits
                0x0000000008009c1c       0x40 d:/programs/stmicroelectronics/stm32cubeide_1.9.0/stm32cubeide/plugins/com.st.stm32cube.ide.mcu.externaltools.gnu-tools-for-stm32.10.3-2021.10.win32_1.0.0.202111181127/tools/bin/../lib/gcc/arm-none-eabi/10.3.1/../../../../arm-none-eabi/lib/thumb/v7e-m+fp/hard\libc_nano.a(lib_a-mprec.o)
                0x0000000008009c1c                __hi0bits
 .text.__lo0bits
                0x0000000008009c5c       0x5e d:/programs/stmicroelectronics/stm32cubeide_1.9.0/stm32cubeide/plugins/com.st.stm32cube.ide.mcu.externaltools.gnu-tools-for-stm32.10.3-2021.10.win32_1.0.0.202111181127/tools/bin/../lib/gcc/arm-none-eabi/10.3.1/../../../../arm-none-eabi/lib/thumb/v7e-m+fp/hard\libc_nano.a(lib_a-mprec.o)
                0x0000000008009c5c                __lo0bits
 *fill*         0x0000000008009cba        0x2 
 .text.__i2b    0x0000000008009cbc       0x2c d:/programs/stmicroelectronics/stm32cubeide_1.9.0/stm32cubeide/plugins/com.st.stm32cube.ide.mcu.externaltools.gnu-tools-for-stm32.10.3-2021.10.win32_1.0.0.202111181127/tools/bin/../lib/gcc/arm-none-eabi/10.3.1/../../../../arm-none-eabi/lib/thumb/v7e-m+fp/hard\libc_nano.a(lib_a-mprec.o)
                0x0000000008009cbc                __i2b
 .text.__multiply
                0x0000000008009ce8      0x154 d:/programs/stmicroelectronics/stm32cubeide_1.9.0/stm32cubeide/plugins/com.st.stm32cube.ide.mcu.externaltools.gnu-tools-for-stm32.10.3-2021.10.win32_1.0.0.202111181127/tools/bin/../lib/gcc/arm-none-eabi/10.3.1/../../../../arm-none-eabi/lib/thumb/v7e-m+fp/hard\libc_nano.a(lib_a-mprec.o)
                0x0000000008009ce8                __multiply
 .text.__pow5mult
                0x0000000008009e3c       0xb4 d:/programs/stmicroelectronics/stm32cubeide_1.9.0/stm32cubeide/plugins/com.st.stm32cube.ide.mcu.externaltools.gnu-tools-for-stm32.10.3-2021.10.win32_1.0.0.202111181127/tools/bin/../lib/gcc/arm-none-eabi/10.3.1/../../../../arm-none-eabi/lib/thumb/v7e-m+fp/hard\libc_nano.a(lib_a-mprec.o)
                0x0000000008009e3c                __pow5mult
 .text.__lshift
                0x0000000008009ef0       0xe0 d:/programs/stmicroelectronics/stm32cubeide_1.9.0/stm32cubeide/plugins/com.st.stm32cube.ide.mcu.externaltools.gnu-tools-for-stm32.10.3-2021.10.win32_1.0.0.202111181127/tools/bin/../lib/gcc/arm-none-eabi/10.3.1/../../../../arm-none-eabi/lib/thumb/v7e-m+fp/hard\libc_nano.a(lib_a-mprec.o)
                0x0000000008009ef0                __lshift
 .text.__mcmp   0x0000000008009fd0       0x38 d:/programs/stmicroelectronics/stm32cubeide_1.9.0/stm32cubeide/plugins/com.st.stm32cube.ide.mcu.externaltools.gnu-tools-for-stm32.10.3-2021.10.win32_1.0.0.202111181127/tools/bin/../lib/gcc/arm-none-eabi/10.3.1/../../../../arm-none-eabi/lib/thumb/v7e-m+fp/hard\libc_nano.a(lib_a-mprec.o)
                0x0000000008009fd0                __mcmp
 .text.__mdiff  0x000000000800a008      0x114 d:/programs/stmicroelectronics/stm32cubeide_1.9.0/stm32cubeide/plugins/com.st.stm32cube.ide.mcu.externaltools.gnu-tools-for-stm32.10.3-2021.10.win32_1.0.0.202111181127/tools/bin/../lib/gcc/arm-none-eabi/10.3.1/../../../../arm-none-eabi/lib/thumb/v7e-m+fp/hard\libc_nano.a(lib_a-mprec.o)
                0x000000000800a008                __mdiff
 .text.__d2b    0x000000000800a11c       0xb8 d:/programs/stmicroelectronics/stm32cubeide_1.9.0/stm32cubeide/plugins/com.st.stm32cube.ide.mcu.externaltools.gnu-tools-for-stm32.10.3-2021.10.win32_1.0.0.202111181127/tools/bin/../lib/gcc/arm-none-eabi/10.3.1/../../../../arm-none-eabi/lib/thumb/v7e-m+fp/hard\libc_nano.a(lib_a-mprec.o)
                0x000000000800a11c                __d2b
 .text._calloc_r
                0x000000000800a1d4       0x2c d:/programs/stmicroelectronics/stm32cubeide_1.9.0/stm32cubeide/plugins/com.st.stm32cube.ide.mcu.externaltools.gnu-tools-for-stm32.10.3-2021.10.win32_1.0.0.202111181127/tools/bin/../lib/gcc/arm-none-eabi/10.3.1/../../../../arm-none-eabi/lib/thumb/v7e-m+fp/hard\libc_nano.a(lib_a-nano-callocr.o)
                0x000000000800a1d4                _calloc_r
 .text._free_r  0x000000000800a200       0x98 d:/programs/stmicroelectronics/stm32cubeide_1.9.0/stm32cubeide/plugins/com.st.stm32cube.ide.mcu.externaltools.gnu-tools-for-stm32.10.3-2021.10.win32_1.0.0.202111181127/tools/bin/../lib/gcc/arm-none-eabi/10.3.1/../../../../arm-none-eabi/lib/thumb/v7e-m+fp/hard\libc_nano.a(lib_a-nano-freer.o)
                0x000000000800a200                _free_r
 .text.__ssputs_r
                0x000000000800a298       0xb6 d:/programs/stmicroelectronics/stm32cubeide_1.9.0/stm32cubeide/plugins/com.st.stm32cube.ide.mcu.externaltools.gnu-tools-for-stm32.10.3-2021.10.win32_1.0.0.202111181127/tools/bin/../lib/gcc/arm-none-eabi/10.3.1/../../../../arm-none-eabi/lib/thumb/v7e-m+fp/hard\libc_nano.a(lib_a-nano-svfprintf.o)
                0x000000000800a298                __ssputs_r
 *fill*         0x000000000800a34e        0x2 
 .text._svfprintf_r
                0x000000000800a350      0x200 d:/programs/stmicroelectronics/stm32cubeide_1.9.0/stm32cubeide/plugins/com.st.stm32cube.ide.mcu.externaltools.gnu-tools-for-stm32.10.3-2021.10.win32_1.0.0.202111181127/tools/bin/../lib/gcc/arm-none-eabi/10.3.1/../../../../arm-none-eabi/lib/thumb/v7e-m+fp/hard\libc_nano.a(lib_a-nano-svfprintf.o)
                0x000000000800a350                _svfiprintf_r
                0x000000000800a350                _svfprintf_r
 .text._read_r  0x000000000800a550       0x24 d:/programs/stmicroelectronics/stm32cubeide_1.9.0/stm32cubeide/plugins/com.st.stm32cube.ide.mcu.externaltools.gnu-tools-for-stm32.10.3-2021.10.win32_1.0.0.202111181127/tools/bin/../lib/gcc/arm-none-eabi/10.3.1/../../../../arm-none-eabi/lib/thumb/v7e-m+fp/hard\libc_nano.a(lib_a-readr.o)
                0x000000000800a550                _read_r
 .text.__assert_func
                0x000000000800a574       0x3c d:/programs/stmicroelectronics/stm32cubeide_1.9.0/stm32cubeide/plugins/com.st.stm32cube.ide.mcu.externaltools.gnu-tools-for-stm32.10.3-2021.10.win32_1.0.0.202111181127/tools/bin/../lib/gcc/arm-none-eabi/10.3.1/../../../../arm-none-eabi/lib/thumb/v7e-m+fp/hard\libc_nano.a(lib_a-assert.o)
                0x000000000800a574                __assert_func
 .text.fprintf  0x000000000800a5b0       0x24 d:/programs/stmicroelectronics/stm32cubeide_1.9.0/stm32cubeide/plugins/com.st.stm32cube.ide.mcu.externaltools.gnu-tools-for-stm32.10.3-2021.10.win32_1.0.0.202111181127/tools/bin/../lib/gcc/arm-none-eabi/10.3.1/../../../../arm-none-eabi/lib/thumb/v7e-m+fp/hard\libc_nano.a(lib_a-fprintf.o)
                0x000000000800a5b0                fiprintf
                0x000000000800a5b0                fprintf
 .text.__ascii_mbtowc
                0x000000000800a5d4       0x24 d:/programs/stmicroelectronics/stm32cubeide_1.9.0/stm32cubeide/plugins/com.st.stm32cube.ide.mcu.externaltools.gnu-tools-for-stm32.10.3-2021.10.win32_1.0.0.202111181127/tools/bin/../lib/gcc/arm-none-eabi/10.3.1/../../../../arm-none-eabi/lib/thumb/v7e-m+fp/hard\libc_nano.a(lib_a-mbtowc_r.o)
                0x000000000800a5d4                __ascii_mbtowc
 .text.memmove  0x000000000800a5f8       0x34 d:/programs/stmicroelectronics/stm32cubeide_1.9.0/stm32cubeide/plugins/com.st.stm32cube.ide.mcu.externaltools.gnu-tools-for-stm32.10.3-2021.10.win32_1.0.0.202111181127/tools/bin/../lib/gcc/arm-none-eabi/10.3.1/../../../../arm-none-eabi/lib/thumb/v7e-m+fp/hard\libc_nano.a(lib_a-memmove.o)
                0x000000000800a5f8                memmove
 .text._realloc_r
                0x000000000800a62c       0x5e d:/programs/stmicroelectronics/stm32cubeide_1.9.0/stm32cubeide/plugins/com.st.stm32cube.ide.mcu.externaltools.gnu-tools-for-stm32.10.3-2021.10.win32_1.0.0.202111181127/tools/bin/../lib/gcc/arm-none-eabi/10.3.1/../../../../arm-none-eabi/lib/thumb/v7e-m+fp/hard\libc_nano.a(lib_a-nano-reallocr.o)
                0x000000000800a62c                _realloc_r
 .text.__sfputc_r
                0x000000000800a68a       0x2e d:/programs/stmicroelectronics/stm32cubeide_1.9.0/stm32cubeide/plugins/com.st.stm32cube.ide.mcu.externaltools.gnu-tools-for-stm32.10.3-2021.10.win32_1.0.0.202111181127/tools/bin/../lib/gcc/arm-none-eabi/10.3.1/../../../../arm-none-eabi/lib/thumb/v7e-m+fp/hard\libc_nano.a(lib_a-nano-vfprintf.o)
 .text.__sfputs_r
                0x000000000800a6b8       0x24 d:/programs/stmicroelectronics/stm32cubeide_1.9.0/stm32cubeide/plugins/com.st.stm32cube.ide.mcu.externaltools.gnu-tools-for-stm32.10.3-2021.10.win32_1.0.0.202111181127/tools/bin/../lib/gcc/arm-none-eabi/10.3.1/../../../../arm-none-eabi/lib/thumb/v7e-m+fp/hard\libc_nano.a(lib_a-nano-vfprintf.o)
                0x000000000800a6b8                __sfputs_r
 .text._vfprintf_r
                0x000000000800a6dc      0x260 d:/programs/stmicroelectronics/stm32cubeide_1.9.0/stm32cubeide/plugins/com.st.stm32cube.ide.mcu.externaltools.gnu-tools-for-stm32.10.3-2021.10.win32_1.0.0.202111181127/tools/bin/../lib/gcc/arm-none-eabi/10.3.1/../../../../arm-none-eabi/lib/thumb/v7e-m+fp/hard\libc_nano.a(lib_a-nano-vfprintf.o)
                0x000000000800a6dc                _vfprintf_r
                0x000000000800a6dc                _vfiprintf_r
 .text.__swbuf_r
                0x000000000800a93c       0xa4 d:/programs/stmicroelectronics/stm32cubeide_1.9.0/stm32cubeide/plugins/com.st.stm32cube.ide.mcu.externaltools.gnu-tools-for-stm32.10.3-2021.10.win32_1.0.0.202111181127/tools/bin/../lib/gcc/arm-none-eabi/10.3.1/../../../../arm-none-eabi/lib/thumb/v7e-m+fp/hard\libc_nano.a(lib_a-wbuf.o)
                0x000000000800a93c                __swbuf_r
 .text.__ascii_wctomb
                0x000000000800a9e0       0x1a d:/programs/stmicroelectronics/stm32cubeide_1.9.0/stm32cubeide/plugins/com.st.stm32cube.ide.mcu.externaltools.gnu-tools-for-stm32.10.3-2021.10.win32_1.0.0.202111181127/tools/bin/../lib/gcc/arm-none-eabi/10.3.1/../../../../arm-none-eabi/lib/thumb/v7e-m+fp/hard\libc_nano.a(lib_a-wctomb_r.o)
                0x000000000800a9e0                __ascii_wctomb
 *fill*         0x000000000800a9fa        0x2 
 .text.__swsetup_r
                0x000000000800a9fc       0xdc d:/programs/stmicroelectronics/stm32cubeide_1.9.0/stm32cubeide/plugins/com.st.stm32cube.ide.mcu.externaltools.gnu-tools-for-stm32.10.3-2021.10.win32_1.0.0.202111181127/tools/bin/../lib/gcc/arm-none-eabi/10.3.1/../../../../arm-none-eabi/lib/thumb/v7e-m+fp/hard\libc_nano.a(lib_a-wsetup.o)
                0x000000000800a9fc                __swsetup_r
 .text.abort    0x000000000800aad8        0xe d:/programs/stmicroelectronics/stm32cubeide_1.9.0/stm32cubeide/plugins/com.st.stm32cube.ide.mcu.externaltools.gnu-tools-for-stm32.10.3-2021.10.win32_1.0.0.202111181127/tools/bin/../lib/gcc/arm-none-eabi/10.3.1/../../../../arm-none-eabi/lib/thumb/v7e-m+fp/hard\libc_nano.a(lib_a-abort.o)
                0x000000000800aad8                abort
 .text.__swhatbuf_r
                0x000000000800aae6       0x4a d:/programs/stmicroelectronics/stm32cubeide_1.9.0/stm32cubeide/plugins/com.st.stm32cube.ide.mcu.externaltools.gnu-tools-for-stm32.10.3-2021.10.win32_1.0.0.202111181127/tools/bin/../lib/gcc/arm-none-eabi/10.3.1/../../../../arm-none-eabi/lib/thumb/v7e-m+fp/hard\libc_nano.a(lib_a-makebuf.o)
                0x000000000800aae6                __swhatbuf_r
 .text.__smakebuf_r
                0x000000000800ab30       0x80 d:/programs/stmicroelectronics/stm32cubeide_1.9.0/stm32cubeide/plugins/com.st.stm32cube.ide.mcu.externaltools.gnu-tools-for-stm32.10.3-2021.10.win32_1.0.0.202111181127/tools/bin/../lib/gcc/arm-none-eabi/10.3.1/../../../../arm-none-eabi/lib/thumb/v7e-m+fp/hard\libc_nano.a(lib_a-makebuf.o)
                0x000000000800ab30                __smakebuf_r
 .text._malloc_usable_size_r
                0x000000000800abb0       0x10 d:/programs/stmicroelectronics/stm32cubeide_1.9.0/stm32cubeide/plugins/com.st.stm32cube.ide.mcu.externaltools.gnu-tools-for-stm32.10.3-2021.10.win32_1.0.0.202111181127/tools/bin/../lib/gcc/arm-none-eabi/10.3.1/../../../../arm-none-eabi/lib/thumb/v7e-m+fp/hard\libc_nano.a(lib_a-nano-msizer.o)
                0x000000000800abb0                _malloc_usable_size_r
 .text._raise_r
                0x000000000800abc0       0x50 d:/programs/stmicroelectronics/stm32cubeide_1.9.0/stm32cubeide/plugins/com.st.stm32cube.ide.mcu.externaltools.gnu-tools-for-stm32.10.3-2021.10.win32_1.0.0.202111181127/tools/bin/../lib/gcc/arm-none-eabi/10.3.1/../../../../arm-none-eabi/lib/thumb/v7e-m+fp/hard\libc_nano.a(lib_a-signal.o)
                0x000000000800abc0                _raise_r
 .text.raise    0x000000000800ac10       0x10 d:/programs/stmicroelectronics/stm32cubeide_1.9.0/stm32cubeide/plugins/com.st.stm32cube.ide.mcu.externaltools.gnu-tools-for-stm32.10.3-2021.10.win32_1.0.0.202111181127/tools/bin/../lib/gcc/arm-none-eabi/10.3.1/../../../../arm-none-eabi/lib/thumb/v7e-m+fp/hard\libc_nano.a(lib_a-signal.o)
                0x000000000800ac10                raise
 .text._kill_r  0x000000000800ac20       0x24 d:/programs/stmicroelectronics/stm32cubeide_1.9.0/stm32cubeide/plugins/com.st.stm32cube.ide.mcu.externaltools.gnu-tools-for-stm32.10.3-2021.10.win32_1.0.0.202111181127/tools/bin/../lib/gcc/arm-none-eabi/10.3.1/../../../../arm-none-eabi/lib/thumb/v7e-m+fp/hard\libc_nano.a(lib_a-signalr.o)
                0x000000000800ac20                _kill_r
 .text._getpid_r
                0x000000000800ac44        0x4 d:/programs/stmicroelectronics/stm32cubeide_1.9.0/stm32cubeide/plugins/com.st.stm32cube.ide.mcu.externaltools.gnu-tools-for-stm32.10.3-2021.10.win32_1.0.0.202111181127/tools/bin/../lib/gcc/arm-none-eabi/10.3.1/../../../../arm-none-eabi/lib/thumb/v7e-m+fp/hard\libc_nano.a(lib_a-signalr.o)
                0x000000000800ac44                _getpid_r
 .text._fstat_r
                0x000000000800ac48       0x24 d:/programs/stmicroelectronics/stm32cubeide_1.9.0/stm32cubeide/plugins/com.st.stm32cube.ide.mcu.externaltools.gnu-tools-for-stm32.10.3-2021.10.win32_1.0.0.202111181127/tools/bin/../lib/gcc/arm-none-eabi/10.3.1/../../../../arm-none-eabi/lib/thumb/v7e-m+fp/hard\libc_nano.a(lib_a-fstatr.o)
                0x000000000800ac48                _fstat_r
 .text._isatty_r
                0x000000000800ac6c       0x20 d:/programs/stmicroelectronics/stm32cubeide_1.9.0/stm32cubeide/plugins/com.st.stm32cube.ide.mcu.externaltools.gnu-tools-for-stm32.10.3-2021.10.win32_1.0.0.202111181127/tools/bin/../lib/gcc/arm-none-eabi/10.3.1/../../../../arm-none-eabi/lib/thumb/v7e-m+fp/hard\libc_nano.a(lib_a-isattyr.o)
                0x000000000800ac6c                _isatty_r
 *(.glue_7)
 .glue_7        0x000000000800ac8c        0x0 linker stubs
 *(.glue_7t)
 .glue_7t       0x000000000800ac8c        0x0 linker stubs
 *(.eh_frame)
 .eh_frame      0x000000000800ac8c        0x0 d:/programs/stmicroelectronics/stm32cubeide_1.9.0/stm32cubeide/plugins/com.st.stm32cube.ide.mcu.externaltools.gnu-tools-for-stm32.10.3-2021.10.win32_1.0.0.202111181127/tools/bin/../lib/gcc/arm-none-eabi/10.3.1/thumb/v7e-m+fp/hard/crtbegin.o
 *(.init)
 .init          0x000000000800ac8c        0x4 d:/programs/stmicroelectronics/stm32cubeide_1.9.0/stm32cubeide/plugins/com.st.stm32cube.ide.mcu.externaltools.gnu-tools-for-stm32.10.3-2021.10.win32_1.0.0.202111181127/tools/bin/../lib/gcc/arm-none-eabi/10.3.1/thumb/v7e-m+fp/hard/crti.o
                0x000000000800ac8c                _init
 .init          0x000000000800ac90        0x8 d:/programs/stmicroelectronics/stm32cubeide_1.9.0/stm32cubeide/plugins/com.st.stm32cube.ide.mcu.externaltools.gnu-tools-for-stm32.10.3-2021.10.win32_1.0.0.202111181127/tools/bin/../lib/gcc/arm-none-eabi/10.3.1/thumb/v7e-m+fp/hard/crtn.o
 *(.fini)
 .fini          0x000000000800ac98        0x4 d:/programs/stmicroelectronics/stm32cubeide_1.9.0/stm32cubeide/plugins/com.st.stm32cube.ide.mcu.externaltools.gnu-tools-for-stm32.10.3-2021.10.win32_1.0.0.202111181127/tools/bin/../lib/gcc/arm-none-eabi/10.3.1/thumb/v7e-m+fp/hard/crti.o
                0x000000000800ac98                _fini
 .fini          0x000000000800ac9c        0x8 d:/programs/stmicroelectronics/stm32cubeide_1.9.0/stm32cubeide/plugins/com.st.stm32cube.ide.mcu.externaltools.gnu-tools-for-stm32.10.3-2021.10.win32_1.0.0.202111181127/tools/bin/../lib/gcc/arm-none-eabi/10.3.1/thumb/v7e-m+fp/hard/crtn.o
                0x000000000800aca4                . = ALIGN (0x4)
                0x000000000800aca4                _etext = .

.vfp11_veneer   0x000000000800aca4        0x0
 .vfp11_veneer  0x000000000800aca4        0x0 linker stubs

.v4_bx          0x000000000800aca4        0x0
 .v4_bx         0x000000000800aca4        0x0 linker stubs

.iplt           0x000000000800aca4        0x0
 .iplt          0x000000000800aca4        0x0 d:/programs/stmicroelectronics/stm32cubeide_1.9.0/stm32cubeide/plugins/com.st.stm32cube.ide.mcu.externaltools.gnu-tools-for-stm32.10.3-2021.10.win32_1.0.0.202111181127/tools/bin/../lib/gcc/arm-none-eabi/10.3.1/thumb/v7e-m+fp/hard/crtbegin.o

.rodata         0x000000000800aca8      0x5bc
                0x000000000800aca8                . = ALIGN (0x4)
 *(.rodata)
 .rodata        0x000000000800aca8       0x70 ./Core/Src/freertos.o
 .rodata        0x000000000800ad18      0x121 ./Drivers/XBeeS2C/xbee.o
 *fill*         0x000000000800ae39        0x3 
 .rodata        0x000000000800ae3c        0x5 ./Middlewares/Third_Party/FreeRTOS/Source/tasks.o
 *(.rodata*)
 *fill*         0x000000000800ae41        0x3 
 .rodata.AHBPrescTable
                0x000000000800ae44       0x10 ./Core/Src/system_stm32l4xx.o
                0x000000000800ae44                AHBPrescTable
 .rodata.APBPrescTable
                0x000000000800ae54        0x8 ./Core/Src/system_stm32l4xx.o
                0x000000000800ae54                APBPrescTable
 .rodata.MSIRangeTable
                0x000000000800ae5c       0x30 ./Core/Src/system_stm32l4xx.o
                0x000000000800ae5c                MSIRangeTable
 .rodata.__sf_fake_stderr
                0x000000000800ae8c       0x20 d:/programs/stmicroelectronics/stm32cubeide_1.9.0/stm32cubeide/plugins/com.st.stm32cube.ide.mcu.externaltools.gnu-tools-for-stm32.10.3-2021.10.win32_1.0.0.202111181127/tools/bin/../lib/gcc/arm-none-eabi/10.3.1/../../../../arm-none-eabi/lib/thumb/v7e-m+fp/hard\libc_nano.a(lib_a-findfp.o)
                0x000000000800ae8c                __sf_fake_stderr
 .rodata.__sf_fake_stdin
                0x000000000800aeac       0x20 d:/programs/stmicroelectronics/stm32cubeide_1.9.0/stm32cubeide/plugins/com.st.stm32cube.ide.mcu.externaltools.gnu-tools-for-stm32.10.3-2021.10.win32_1.0.0.202111181127/tools/bin/../lib/gcc/arm-none-eabi/10.3.1/../../../../arm-none-eabi/lib/thumb/v7e-m+fp/hard\libc_nano.a(lib_a-findfp.o)
                0x000000000800aeac                __sf_fake_stdin
 .rodata.__sf_fake_stdout
                0x000000000800aecc       0x20 d:/programs/stmicroelectronics/stm32cubeide_1.9.0/stm32cubeide/plugins/com.st.stm32cube.ide.mcu.externaltools.gnu-tools-for-stm32.10.3-2021.10.win32_1.0.0.202111181127/tools/bin/../lib/gcc/arm-none-eabi/10.3.1/../../../../arm-none-eabi/lib/thumb/v7e-m+fp/hard\libc_nano.a(lib_a-findfp.o)
                0x000000000800aecc                __sf_fake_stdout
 .rodata._global_impure_ptr
                0x000000000800aeec        0x4 d:/programs/stmicroelectronics/stm32cubeide_1.9.0/stm32cubeide/plugins/com.st.stm32cube.ide.mcu.externaltools.gnu-tools-for-stm32.10.3-2021.10.win32_1.0.0.202111181127/tools/bin/../lib/gcc/arm-none-eabi/10.3.1/../../../../arm-none-eabi/lib/thumb/v7e-m+fp/hard\libc_nano.a(lib_a-impure.o)
                0x000000000800aeec                _global_impure_ptr
 .rodata._printf_float.str1.1
                0x000000000800aef0       0x12 d:/programs/stmicroelectronics/stm32cubeide_1.9.0/stm32cubeide/plugins/com.st.stm32cube.ide.mcu.externaltools.gnu-tools-for-stm32.10.3-2021.10.win32_1.0.0.202111181127/tools/bin/../lib/gcc/arm-none-eabi/10.3.1/../../../../arm-none-eabi/lib/thumb/v7e-m+fp/hard\libc_nano.a(lib_a-nano-vfprintf_float.o)
 .rodata._printf_i.str1.1
                0x000000000800af02       0x22 d:/programs/stmicroelectronics/stm32cubeide_1.9.0/stm32cubeide/plugins/com.st.stm32cube.ide.mcu.externaltools.gnu-tools-for-stm32.10.3-2021.10.win32_1.0.0.202111181127/tools/bin/../lib/gcc/arm-none-eabi/10.3.1/../../../../arm-none-eabi/lib/thumb/v7e-m+fp/hard\libc_nano.a(lib_a-nano-vfprintf_i.o)
 .rodata._dtoa_r.str1.1
                0x000000000800af24       0x90 d:/programs/stmicroelectronics/stm32cubeide_1.9.0/stm32cubeide/plugins/com.st.stm32cube.ide.mcu.externaltools.gnu-tools-for-stm32.10.3-2021.10.win32_1.0.0.202111181127/tools/bin/../lib/gcc/arm-none-eabi/10.3.1/../../../../arm-none-eabi/lib/thumb/v7e-m+fp/hard\libc_nano.a(lib_a-dtoa.o)
                                         0x92 (size before relaxing)
 .rodata._Balloc.str1.1
                0x000000000800afb4       0x5c d:/programs/stmicroelectronics/stm32cubeide_1.9.0/stm32cubeide/plugins/com.st.stm32cube.ide.mcu.externaltools.gnu-tools-for-stm32.10.3-2021.10.win32_1.0.0.202111181127/tools/bin/../lib/gcc/arm-none-eabi/10.3.1/../../../../arm-none-eabi/lib/thumb/v7e-m+fp/hard\libc_nano.a(lib_a-mprec.o)
                                         0x73 (size before relaxing)
 .rodata.__multadd.str1.1
                0x000000000800b010       0x11 d:/programs/stmicroelectronics/stm32cubeide_1.9.0/stm32cubeide/plugins/com.st.stm32cube.ide.mcu.externaltools.gnu-tools-for-stm32.10.3-2021.10.win32_1.0.0.202111181127/tools/bin/../lib/gcc/arm-none-eabi/10.3.1/../../../../arm-none-eabi/lib/thumb/v7e-m+fp/hard\libc_nano.a(lib_a-mprec.o)
 .rodata.__mprec_bigtens
                0x000000000800b010       0x28 d:/programs/stmicroelectronics/stm32cubeide_1.9.0/stm32cubeide/plugins/com.st.stm32cube.ide.mcu.externaltools.gnu-tools-for-stm32.10.3-2021.10.win32_1.0.0.202111181127/tools/bin/../lib/gcc/arm-none-eabi/10.3.1/../../../../arm-none-eabi/lib/thumb/v7e-m+fp/hard\libc_nano.a(lib_a-mprec.o)
                0x000000000800b010                __mprec_bigtens
 .rodata.__mprec_tens
                0x000000000800b038       0xc8 d:/programs/stmicroelectronics/stm32cubeide_1.9.0/stm32cubeide/plugins/com.st.stm32cube.ide.mcu.externaltools.gnu-tools-for-stm32.10.3-2021.10.win32_1.0.0.202111181127/tools/bin/../lib/gcc/arm-none-eabi/10.3.1/../../../../arm-none-eabi/lib/thumb/v7e-m+fp/hard\libc_nano.a(lib_a-mprec.o)
                0x000000000800b038                __mprec_tens
 .rodata.p05.0  0x000000000800b100        0xc d:/programs/stmicroelectronics/stm32cubeide_1.9.0/stm32cubeide/plugins/com.st.stm32cube.ide.mcu.externaltools.gnu-tools-for-stm32.10.3-2021.10.win32_1.0.0.202111181127/tools/bin/../lib/gcc/arm-none-eabi/10.3.1/../../../../arm-none-eabi/lib/thumb/v7e-m+fp/hard\libc_nano.a(lib_a-mprec.o)
 .rodata._svfprintf_r.str1.1
                0x000000000800b10c       0x11 d:/programs/stmicroelectronics/stm32cubeide_1.9.0/stm32cubeide/plugins/com.st.stm32cube.ide.mcu.externaltools.gnu-tools-for-stm32.10.3-2021.10.win32_1.0.0.202111181127/tools/bin/../lib/gcc/arm-none-eabi/10.3.1/../../../../arm-none-eabi/lib/thumb/v7e-m+fp/hard\libc_nano.a(lib_a-nano-svfprintf.o)
 .rodata.__assert_func.str1.1
                0x000000000800b11d       0x3c d:/programs/stmicroelectronics/stm32cubeide_1.9.0/stm32cubeide/plugins/com.st.stm32cube.ide.mcu.externaltools.gnu-tools-for-stm32.10.3-2021.10.win32_1.0.0.202111181127/tools/bin/../lib/gcc/arm-none-eabi/10.3.1/../../../../arm-none-eabi/lib/thumb/v7e-m+fp/hard\libc_nano.a(lib_a-assert.o)
                                         0x3d (size before relaxing)
 .rodata._setlocale_r.str1.1