Archive member included to satisfy reference by file (symbol)

d:/programs/stmicroelectronics/stm32cubeide_1.9.0/stm32cubeide/plugins/com.st.stm32cube.ide.mcu.externaltools.gnu-tools-for-stm32.10.3-2021.10.win32_1.0.0.202111181127/tools/bin/../lib/gcc/arm-none-eabi/10.3.1/../../../../arm-none-eabi/lib/thumb/v7e-m+fp/hard\libc_nano.a(lib_a-errno.o)
                              ./Core/Src/syscalls.o (__errno)
d:/programs/stmicroelectronics/stm32cubeide_1.9.0/stm32cubeide/plugins/com.st.stm32cube.ide.mcu.externaltools.gnu-tools-for-stm32.10.3-2021.10.win32_1.0.0.202111181127/tools/bin/../lib/gcc/arm-none-eabi/10.3.1/../../../../arm-none-eabi/lib/thumb/v7e-m+fp/hard\libc_nano.a(lib_a-exit.o)
                              d:/programs/stmicroelectronics/stm32cubeide_1.9.0/stm32cubeide/plugins/com.st.stm32cube.ide.mcu.externaltools.gnu-tools-for-stm32.10.3-2021.10.win32_1.0.0.202111181127/tools/bin/../lib/gcc/arm-none-eabi/10.3.1/../../../../arm-none-eabi/lib/thumb/v7e-m+fp/hard/crt0.o (exit)
d:/programs/stmicroelectronics/stm32cubeide_1.9.0/stm32cubeide/plugins/com.st.stm32cube.ide.mcu.externaltools.gnu-tools-for-stm32.10.3-2021.10.win32_1.0.0.202111181127/tools/bin/../lib/gcc/arm-none-eabi/10.3.1/../../../../arm-none-eabi/lib/thumb/v7e-m+fp/hard\libc_nano.a(lib_a-findfp.o)
                              ./Middlewares/Third_Party/FreeRTOS/Source/tasks.o (__sf_fake_stderr)
d:/programs/stmicroelectronics/stm32cubeide_1.9.0/stm32cubeide/plugins/com.st.stm32cube.ide.mcu.externaltools.gnu-tools-for-stm32.10.3-2021.10.win32_1.0.0.202111181127/tools/bin/../lib/gcc/arm-none-eabi/10.3.1/../../../../arm-none-eabi/lib/thumb/v7e-m+fp/hard\libc_nano.a(lib_a-fwalk.o)
                              d:/programs/stmicroelectronics/stm32cubeide_1.9.0/stm32cubeide/plugins/com.st.stm32cube.ide.mcu.externaltools.gnu-tools-for-stm32.10.3-2021.10.win32_1.0.0.202111181127/tools/bin/../lib/gcc/arm-none-eabi/10.3.1/../../../../arm-none-eabi/lib/thumb/v7e-m+fp/hard\libc_nano.a(lib_a-findfp.o) (_fwalk)
d:/programs/stmicroelectronics/stm32cubeide_1.9.0/stm32cubeide/plugins/com.st.stm32cube.ide.mcu.externaltools.gnu-tools-for-stm32.10.3-2021.10.win32_1.0.0.202111181127/tools/bin/../lib/gcc/arm-none-eabi/10.3.1/../../../../arm-none-eabi/lib/thumb/v7e-m+fp/hard\libc_nano.a(lib_a-impure.o)
                              d:/programs/stmicroelectronics/stm32cubeide_1.9.0/stm32cubeide/plugins/com.st.stm32cube.ide.mcu.externaltools.gnu-tools-for-stm32.10.3-2021.10.win32_1.0.0.202111181127/tools/bin/../lib/gcc/arm-none-eabi/10.3.1/../../../../arm-none-eabi/lib/thumb/v7e-m+fp/hard\libc_nano.a(lib_a-exit.o) (_global_impure_ptr)
d:/programs/stmicroelectronics/stm32cubeide_1.9.0/stm32cubeide/plugins/com.st.stm32cube.ide.mcu.externaltools.gnu-tools-for-stm32.10.3-2021.10.win32_1.0.0.202111181127/tools/bin/../lib/gcc/arm-none-eabi/10.3.1/../../../../arm-none-eabi/lib/thumb/v7e-m+fp/hard\libc_nano.a(lib_a-init.o)
                              d:/programs/stmicroelectronics/stm32cubeide_1.9.0/stm32cubeide/plugins/com.st.stm32cube.ide.mcu.externaltools.gnu-tools-for-stm32.10.3-2021.10.win32_1.0.0.202111181127/tools/bin/../lib/gcc/arm-none-eabi/10.3.1/../../../../arm-none-eabi/lib/thumb/v7e-m+fp/hard/crt0.o (__libc_init_array)
d:/programs/stmicroelectronics/stm32cubeide_1.9.0/stm32cubeide/plugins/com.st.stm32cube.ide.mcu.externaltools.gnu-tools-for-stm32.10.3-2021.10.win32_1.0.0.202111181127/tools/bin/../lib/gcc/arm-none-eabi/10.3.1/../../../../arm-none-eabi/lib/thumb/v7e-m+fp/hard\libc_nano.a(lib_a-lock.o)
                              d:/programs/stmicroelectronics/stm32cubeide_1.9.0/stm32cubeide/plugins/com.st.stm32cube.ide.mcu.externaltools.gnu-tools-for-stm32.10.3-2021.10.win32_1.0.0.202111181127/tools/bin/../lib/gcc/arm-none-eabi/10.3.1/../../../../arm-none-eabi/lib/thumb/v7e-m+fp/hard\libc_nano.a(lib_a-findfp.o) (__retarget_lock_init_recursive)
d:/programs/stmicroelectronics/stm32cubeide_1.9.0/stm32cubeide/plugins/com.st.stm32cube.ide.mcu.externaltools.gnu-tools-for-stm32.10.3-2021.10.win32_1.0.0.202111181127/tools/bin/../lib/gcc/arm-none-eabi/10.3.1/../../../../arm-none-eabi/lib/thumb/v7e-m+fp/hard\libc_nano.a(lib_a-malloc.o)
                              ./Drivers/log/frame.o (malloc)
d:/programs/stmicroelectronics/stm32cubeide_1.9.0/stm32cubeide/plugins/com.st.stm32cube.ide.mcu.externaltools.gnu-tools-for-stm32.10.3-2021.10.win32_1.0.0.202111181127/tools/bin/../lib/gcc/arm-none-eabi/10.3.1/../../../../arm-none-eabi/lib/thumb/v7e-m+fp/hard\libc_nano.a(lib_a-memcmp.o)
                              ./Drivers/xbee/xbee.o (memcmp)
d:/programs/stmicroelectronics/stm32cubeide_1.9.0/stm32cubeide/plugins/com.st.stm32cube.ide.mcu.externaltools.gnu-tools-for-stm32.10.3-2021.10.win32_1.0.0.202111181127/tools/bin/../lib/gcc/arm-none-eabi/10.3.1/../../../../arm-none-eabi/lib/thumb/v7e-m+fp/hard\libc_nano.a(lib_a-memcpy-stub.o)
                              ./Drivers/log/frame.o (memcpy)
[...]
Memory Configuration

Name             Origin             Length             Attributes
RAM              0x0000000020000000 0x0000000000010000 xrw
RAM2             0x0000000010000000 0x0000000000004000 xrw
FLASH            0x0000000008000000 0x0000000000040000 xr
*default*        0x0000000000000000 0xffffffffffffffff

Linker script and memory map

LOAD d:/programs/stmicroelectronics/stm32cubeide_1.9.0/stm32cubeide/plugins/com.st.stm32cube.ide.mcu.externaltools.gnu-tools-for-stm32.10.3-2021.10.win32_1.0.0.202111181127/tools/bin/../lib/gcc/arm-none-eabi/10.3.1/thumb/v7e-m+fp/hard/crti.o
LOAD d:/programs/stmicroelectronics/stm32cubeide_1.9.0/stm32cubeide/plugins/com.st.stm32cube.ide.mcu.externaltools.gnu-tools-for-stm32.10.3-2021.10.win32_1.0.0.202111181127/tools/bin/../lib/gcc/arm-none-eabi/10.3.1/thumb/v7e-m+fp/hard/crtbegin.o
LOAD d:/programs/stmicroelectronics/stm32cubeide_1.9.0/stm32cubeide/plugins/com.st.stm32cube.ide.mcu.externaltools.gnu-tools-for-stm32.10.3-2021.10.win32_1.0.0.202111181127/tools/bin/../lib/gcc/arm-none-eabi/10.3.1/../../../../arm-none-eabi/lib/thumb/v7e-m+fp/hard/crt0.o
LOAD ./Core/Src/freertos.o
LOAD ./Core/Src/gpio.o
LOAD ./Core/Src/main.o
LOAD ./Core/Src/stm32l4xx_hal_msp.o
LOAD ./Core/Src/stm32l4xx_hal_timebase_tim.o
LOAD ./Core/Src/stm32l4xx_it.o
LOAD ./Core/Src/syscalls.o
LOAD ./Core/Src/sysmem.o
LOAD ./Core/Src/system_stm32l4xx.o
LOAD ./Core/Src/usart.o
LOAD ./Core/Startup/startup_stm32l432kcux.o
LOAD ./Drivers/STM32L4xx_HAL_Driver/Src/stm32l4xx_hal.o
LOAD ./Drivers/STM32L4xx_HAL_Driver/Src/stm32l4xx_hal_cortex.o
LOAD ./Drivers/STM32L4xx_HAL_Driver/Src/stm32l4xx_hal_dma.o
LOAD ./Drivers/STM32L4xx_HAL_Driver/Src/stm32l4xx_hal_dma_ex.o
LOAD ./Drivers/STM32L4xx_HAL_Driver/Src/stm32l4xx_hal_exti.o
LOAD ./Drivers/STM32L4xx_HAL_Driver/Src/stm32l4xx_hal_flash.o
LOAD ./Drivers/STM32L4xx_HAL_Driver/Src/stm32l4xx_hal_flash_ex.o
LOAD ./Drivers/STM32L4xx_HAL_Driver/Src/stm32l4xx_hal_flash_ramfunc.o
LOAD ./Drivers/STM32L4xx_HAL_Driver/Src/stm32l4xx_hal_gpio.o
LOAD ./Drivers/STM32L4xx_HAL_Driver/Src/stm32l4xx_hal_i2c.o
LOAD ./Drivers/STM32L4xx_HAL_Driver/Src/stm32l4xx_hal_i2c_ex.o
LOAD ./Drivers/STM32L4xx_HAL_Driver/Src/stm32l4xx_hal_pwr.o
LOAD ./Drivers/STM32L4xx_HAL_Driver/Src/stm32l4xx_hal_pwr_ex.o
LOAD ./Drivers/STM32L4xx_HAL_Driver/Src/stm32l4xx_hal_rcc.o
LOAD ./Drivers/STM32L4xx_HAL_Driver/Src/stm32l4xx_hal_rcc_ex.o
LOAD ./Drivers/STM32L4xx_HAL_Driver/Src/stm32l4xx_hal_tim.o
LOAD ./Drivers/STM32L4xx_HAL_Driver/Src/stm32l4xx_hal_tim_ex.o
LOAD ./Drivers/STM32L4xx_HAL_Driver/Src/stm32l4xx_hal_uart.o
LOAD ./Drivers/STM32L4xx_HAL_Driver/Src/stm32l4xx_hal_uart_ex.o
LOAD ./Drivers/log/frame.o
LOAD ./Drivers/log/log.o
LOAD ./Drivers/trace/trace.o
LOAD ./Drivers/xbee/fifo.o
LOAD ./Drivers/xbee/xbee.o
LOAD ./Drivers/xbee/xbee_serial.o
LOAD ./Middlewares/Third_Party/FreeRTOS/Source/CMSIS_RTOS/cmsis_os.o
LOAD ./Middlewares/Third_Party/FreeRTOS/Source/croutine.o
LOAD ./Middlewares/Third_Party/FreeRTOS/Source/event_groups.o
LOAD ./Middlewares/Third_Party/FreeRTOS/Source/list.o
LOAD ./Middlewares/Third_Party/FreeRTOS/Source/queue.o
LOAD ./Middlewares/Third_Party/FreeRTOS/Source/stream_buffer.o
LOAD ./Middlewares/Third_Party/FreeRTOS/Source/tasks.o
LOAD ./Middlewares/Third_Party/FreeRTOS/Source/timers.o
LOAD ./Middlewares/Third_Party/FreeRTOS/Source/portable/GCC/ARM_CM4F/port.o
LOAD ./Middlewares/Third_Party/FreeRTOS/Source/portable/MemMang/heap_4.o
START GROUP
LOAD d:/programs/stmicroelectronics/stm32cubeide_1.9.0/stm32cubeide/plugins/com.st.stm32cube.ide.mcu.externaltools.gnu-tools-for-stm32.10.3-2021.10.win32_1.0.0.202111181127/tools/bin/../lib/gcc/arm-none-eabi/10.3.1/../../../../arm-none-eabi/lib/thumb/v7e-m+fp/hard\libc_nano.a
LOAD d:/programs/stmicroelectronics/stm32cubeide_1.9.0/stm32cubeide/plugins/com.st.stm32cube.ide.mcu.externaltools.gnu-tools-for-stm32.10.3-2021.10.win32_1.0.0.202111181127/tools/bin/../lib/gcc/arm-none-eabi/10.3.1/../../../../arm-none-eabi/lib/thumb/v7e-m+fp/hard\libm.a
END GROUP
START GROUP
LOAD d:/programs/stmicroelectronics/stm32cubeide_1.9.0/stm32cubeide/plugins/com.st.stm32cube.ide.mcu.externaltools.gnu-tools-for-stm32.10.3-2021.10.win32_1.0.0.202111181127/tools/bin/../lib/gcc/arm-none-eabi/10.3.1/thumb/v7e-m+fp/hard\libgcc.a
LOAD d:/programs/stmicroelectronics/stm32cubeide_1.9.0/stm32cubeide/plugins/com.st.stm32cube.ide.mcu.externaltools.gnu-tools-for-stm32.10.3-2021.10.win32_1.0.0.202111181127/tools/bin/../lib/gcc/arm-none-eabi/10.3.1/../../../../arm-none-eabi/lib/thumb/v7e-m+fp/hard\libc_nano.a
END GROUP
START GROUP
LOAD d:/programs/stmicroelectronics/stm32cubeide_1.9.0/stm32cubeide/plugins/com.st.stm32cube.ide.mcu.externaltools.gnu-tools-for-stm32.10.3-2021.10.win32_1.0.0.202111181127/tools/bin/../lib/gcc/arm-none-eabi/10.3.1/thumb/v7e-m+fp/hard\libgcc.a
LOAD d:/programs/stmicroelectronics/stm32cubeide_1.9.0/stm32cubeide/plugins/com.st.stm32cube.ide.mcu.externaltools.gnu-tools-for-stm32.10.3-2021.10.win32_1.0.0.202111181127/tools/bin/../lib/gcc/arm-none-eabi/10.3.1/../../../../arm-none-eabi/lib/thumb/v7e-m+fp/hard\libc_nano.a
LOAD d:/programs/stmicroelectronics/stm32cubeide_1.9.0/stm32cubeide/plugins/com.st.stm32cube.ide.mcu.externaltools.gnu-tools-for-stm32.10.3-2021.10.win32_1.0.0.202111181127/tools/bin/../lib/gcc/arm-none-eabi/10.3.1/../../../../arm-none-eabi/lib/thumb/v7e-m+fp/hard\libnosys.a
END GROUP
START GROUP
LOAD d:/programs/stmicroelectronics/stm32cubeide_1.9.0/stm32cubeide/plugins/com.st.stm32cube.ide.mcu.externaltools.gnu-tools-for-stm32.10.3-2021.10.win32_1.0.0.202111181127/tools/bin/../lib/gcc/arm-none-eabi/10.3.1/thumb/v7e-m+fp/hard\libgcc.a
LOAD d:/programs/stmicroelectronics/stm32cubeide_1.9.0/stm32cubeide/plugins/com.st.stm32cube.ide.mcu.externaltools.gnu-tools-for-stm32.10.3-2021.10.win32_1.0.0.202111181127/tools/bin/../lib/gcc/arm-none-eabi/10.3.1/../../../../arm-none-eabi/lib/thumb/v7e-m+fp/hard\libc_nano.a
LOAD d:/programs/stmicroelectronics/stm32cubeide_1.9.0/stm32cubeide/plugins/com.st.stm32cube.ide.mcu.externaltools.gnu-tools-for-stm32.10.3-2021.10.win32_1.0.0.202111181127/tools/bin/../lib/gcc/arm-none-eabi/10.3.1/../../../../arm-none-eabi/lib/thumb/v7e-m+fp/hard\libnosys.a
END GROUP
LOAD d:/programs/stmicroelectronics/stm32cubeide_1.9.0/stm32cubeide/plugins/com.st.stm32cube.ide.mcu.externaltools.gnu-tools-for-stm32.10.3-2021.10.win32_1.0.0.202111181127/tools/bin/../lib/gcc/arm-none-eabi/10.3.1/thumb/v7e-m+fp/hard/crtend.o
LOAD d:/programs/stmicroelectronics/stm32cubeide_1.9.0/stm32cubeide/plugins/com.st.stm32cube.ide.mcu.externaltools.gnu-tools-for-stm32.10.3-2021.10.win32_1.0.0.202111181127/tools/bin/../lib/gcc/arm-none-eabi/10.3.1/thumb/v7e-m+fp/hard/crtn.o
                0x0000000020010000                _estack = (ORIGIN (RAM) + LENGTH (RAM))
                0x0000000000000200                _Min_Heap_Size = 0x200
                0x0000000000000400                _Min_Stack_Size = 0x400

.isr_vector     0x0000000008000000      0x18c
                0x0000000008000000                . = ALIGN (0x4)
 *(.isr_vector)
 .isr_vector    0x0000000008000000      0x18c ./Core/Startup/startup_stm32l432kcux.o
                0x0000000008000000                g_pfnVectors
                0x000000000800018c                . = ALIGN (0x4)

.text           0x0000000008000190     0xaec4
                0x0000000008000190                . = ALIGN (0x4)
 *(.text)
 .text          0x0000000008000190       0x40 d:/programs/stmicroelectronics/stm32cubeide_1.9.0/stm32cubeide/plugins/com.st.stm32cube.ide.mcu.externaltools.gnu-tools-for-stm32.10.3-2021.10.win32_1.0.0.202111181127/tools/bin/../lib/gcc/arm-none-eabi/10.3.1/thumb/v7e-m+fp/hard/crtbegin.o
 .text          0x00000000080001d0       0x10 d:/programs/stmicroelectronics/stm32cubeide_1.9.0/stm32cubeide/plugins/com.st.stm32cube.ide.mcu.externaltools.gnu-tools-for-stm32.10.3-2021.10.win32_1.0.0.202111181127/tools/bin/../lib/gcc/arm-none-eabi/10.3.1/../../../../arm-none-eabi/lib/thumb/v7e-m+fp/hard\libc_nano.a(lib_a-strlen.o)
                0x00000000080001d0                strlen
 .text          0x00000000080001e0       0xa0 d:/programs/stmicroelectronics/stm32cubeide_1.9.0/stm32cubeide/plugins/com.st.stm32cube.ide.mcu.externaltools.gnu-tools-for-stm32.10.3-2021.10.win32_1.0.0.202111181127/tools/bin/../lib/gcc/arm-none-eabi/10.3.1/../../../../arm-none-eabi/lib/thumb/v7e-m+fp/hard\libc_nano.a(lib_a-memchr.o)
                0x00000000080001e0                memchr
 .text          0x0000000008000280      0x378 d:/programs/stmicroelectronics/stm32cubeide_1.9.0/stm32cubeide/plugins/com.st.stm32cube.ide.mcu.externaltools.gnu-tools-for-stm32.10.3-2021.10.win32_1.0.0.202111181127/tools/bin/../lib/gcc/arm-none-eabi/10.3.1/thumb/v7e-m+fp/hard\libgcc.a(_arm_addsubdf3.o)
                0x0000000008000280                __aeabi_drsub
                0x0000000008000288                __aeabi_dsub
                0x0000000008000288                __subdf3
                0x000000000800028c                __aeabi_dadd
                0x000000000800028c                __adddf3
                0x0000000008000504                __floatunsidf
                0x0000000008000504                __aeabi_ui2d
                0x0000000008000524                __floatsidf
                0x0000000008000524                __aeabi_i2d
                0x0000000008000548                __aeabi_f2d
                0x0000000008000548                __extendsfdf2
                0x000000000800058c                __floatundidf
                0x000000000800058c                __aeabi_ul2d
                0x000000000800059c                __floatdidf
                0x000000000800059c                __aeabi_l2d
 .text          0x00000000080005f8      0x424 d:/programs/stmicroelectronics/stm32cubeide_1.9.0/stm32cubeide/plugins/com.st.stm32cube.ide.mcu.externaltools.gnu-tools-for-stm32.10.3-2021.10.win32_1.0.0.202111181127/tools/bin/../lib/gcc/arm-none-eabi/10.3.1/thumb/v7e-m+fp/hard\libgcc.a(_arm_muldivdf3.o)
                0x00000000080005f8                __aeabi_dmul
                0x00000000080005f8                __muldf3
                0x000000000800084c                __divdf3
                0x000000000800084c                __aeabi_ddiv
 .text          0x0000000008000a1c      0x110 d:/programs/stmicroelectronics/stm32cubeide_1.9.0/stm32cubeide/plugins/com.st.stm32cube.ide.mcu.externaltools.gnu-tools-for-stm32.10.3-2021.10.win32_1.0.0.202111181127/tools/bin/../lib/gcc/arm-none-eabi/10.3.1/thumb/v7e-m+fp/hard\libgcc.a(_arm_cmpdf2.o)
                0x0000000008000a1c                __gtdf2
                0x0000000008000a1c                __gedf2
                0x0000000008000a24                __ltdf2
                0x0000000008000a24                __ledf2
                0x0000000008000a2c                __nedf2
                0x0000000008000a2c                __eqdf2
                0x0000000008000a2c                __cmpdf2
                0x0000000008000aa8                __aeabi_cdrcmple
                0x0000000008000ab8                __aeabi_cdcmpeq
                0x0000000008000ab8                __aeabi_cdcmple
                0x0000000008000ac8                __aeabi_dcmpeq
                0x0000000008000adc                __aeabi_dcmplt
                0x0000000008000af0                __aeabi_dcmple
                0x0000000008000b04                __aeabi_dcmpge
                0x0000000008000b18                __aeabi_dcmpgt
 .text          0x0000000008000b2c       0x2c d:/programs/stmicroelectronics/stm32cubeide_1.9.0/stm32cubeide/plugins/com.st.stm32cube.ide.mcu.externaltools.gnu-tools-for-stm32.10.3-2021.10.win32_1.0.0.202111181127/tools/bin/../lib/gcc/arm-none-eabi/10.3.1/thumb/v7e-m+fp/hard\libgcc.a(_arm_unorddf2.o)
                0x0000000008000b2c                __unorddf2
                0x0000000008000b2c                __aeabi_dcmpun
 .text          0x0000000008000b58       0x50 d:/programs/stmicroelectronics/stm32cubeide_1.9.0/stm32cubeide/plugins/com.st.stm32cube.ide.mcu.externaltools.gnu-tools-for-stm32.10.3-2021.10.win32_1.0.0.202111181127/tools/bin/../lib/gcc/arm-none-eabi/10.3.1/thumb/v7e-m+fp/hard\libgcc.a(_arm_fixdfsi.o)
                0x0000000008000b58                __aeabi_d2iz
                0x0000000008000b58                __fixdfsi
 .text          0x0000000008000ba8       0x30 d:/programs/stmicroelectronics/stm32cubeide_1.9.0/stm32cubeide/plugins/com.st.stm32cube.ide.mcu.externaltools.gnu-tools-for-stm32.10.3-2021.10.win32_1.0.0.202111181127/tools/bin/../lib/gcc/arm-none-eabi/10.3.1/thumb/v7e-m+fp/hard\libgcc.a(_aeabi_uldivmod.o)
                0x0000000008000ba8                __aeabi_uldivmod
 .text          0x0000000008000bd8      0x2d0 d:/programs/stmicroelectronics/stm32cubeide_1.9.0/stm32cubeide/plugins/com.st.stm32cube.ide.mcu.externaltools.gnu-tools-for-stm32.10.3-2021.10.win32_1.0.0.202111181127/tools/bin/../lib/gcc/arm-none-eabi/10.3.1/thumb/v7e-m+fp/hard\libgcc.a(_udivmoddi4.o)
                0x0000000008000bd8                __udivmoddi4
 .text          0x0000000008000ea8        0x4 d:/programs/stmicroelectronics/stm32cubeide_1.9.0/stm32cubeide/plugins/com.st.stm32cube.ide.mcu.externaltools.gnu-tools-for-stm32.10.3-2021.10.win32_1.0.0.202111181127/tools/bin/../lib/gcc/arm-none-eabi/10.3.1/thumb/v7e-m+fp/hard\libgcc.a(_dvmd_tls.o)
                0x0000000008000ea8                __aeabi_idiv0
                0x0000000008000ea8                __aeabi_ldiv0
 *(.text*)
 .text.vApplicationGetIdleTaskMemory
                0x0000000008000eac       0x34 ./Core/Src/freertos.o
                0x0000000008000eac                vApplicationGetIdleTaskMemory
 .text.MX_FREERTOS_Init
                0x0000000008000ee0       0x90 ./Core/Src/freertos.o
                0x0000000008000ee0                MX_FREERTOS_Init
 .text.StartBlinkTask
                0x0000000008000f70       0x54 ./Core/Src/freertos.o
                0x0000000008000f70                StartBlinkTask
 .text.MX_GPIO_Init
                0x0000000008000fc4       0x94 ./Core/Src/gpio.o
                0x0000000008000fc4                MX_GPIO_Init
 .text.main     0x0000000008001058       0x22 ./Core/Src/main.o
                0x0000000008001058                main
 *fill*         0x000000000800107a        0x2 
 .text.SystemClock_Config
                0x000000000800107c       0xc4 ./Core/Src/main.o
                0x000000000800107c                SystemClock_Config
 .text.HAL_TIM_PeriodElapsedCallback
                0x0000000008001140       0x24 ./Core/Src/main.o
                0x0000000008001140                HAL_TIM_PeriodElapsedCallback
 .text.Error_Handler
                0x0000000008001164        0xa ./Core/Src/main.o
                0x0000000008001164                Error_Handler
 *fill*         0x000000000800116e        0x2 
 .text.HAL_MspInit
                0x0000000008001170       0x50 ./Core/Src/stm32l4xx_hal_msp.o
                0x0000000008001170                HAL_MspInit
 .text.HAL_InitTick
                0x00000000080011c0       0xac ./Core/Src/stm32l4xx_hal_timebase_tim.o
                0x00000000080011c0                HAL_InitTick
 .text.NMI_Handler
                0x000000000800126c        0x6 ./Core/Src/stm32l4xx_it.o
                0x000000000800126c                NMI_Handler
 *fill*         0x0000000008001272        0x2 
 .text.HardFault_Handler
                0x0000000008001274       0x10 ./Core/Src/stm32l4xx_it.o
                0x0000000008001274                HardFault_Handler
 .text.MemManage_Handler
                0x0000000008001284        0x6 ./Core/Src/stm32l4xx_it.o
                0x0000000008001284                MemManage_Handler
 .text.BusFault_Handler
                0x000000000800128a        0x6 ./Core/Src/stm32l4xx_it.o
                0x000000000800128a                BusFault_Handler
 .text.UsageFault_Handler
                0x0000000008001290        0x6 ./Core/Src/stm32l4xx_it.o
                0x0000000008001290                UsageFault_Handler
 .text.DebugMon_Handler
                0x0000000008001296        0xe ./Core/Src/stm32l4xx_it.o
                0x0000000008001296                DebugMon_Handler
 .text.USART1_IRQHandler
                0x00000000080012a4       0x14 ./Core/Src/stm32l4xx_it.o
                0x00000000080012a4                USART1_IRQHandler
 .text.USART2_IRQHandler
                0x00000000080012b8       0x14 ./Core/Src/stm32l4xx_it.o
                0x00000000080012b8                USART2_IRQHandler
 .text.TIM6_DAC_IRQHandler
                0x00000000080012cc       0x14 ./Core/Src/stm32l4xx_it.o
                0x00000000080012cc                TIM6_DAC_IRQHandler
 .text._getpid  0x00000000080012e0       0x10 ./Core/Src/syscalls.o
                0x00000000080012e0                _getpid
 .text._kill    0x00000000080012f0       0x20 ./Core/Src/syscalls.o
                0x00000000080012f0                _kill
 .text._exit    0x0000000008001310       0x14 ./Core/Src/syscalls.o
                0x0000000008001310                _exit
 .text._read    0x0000000008001324       0x3a ./Core/Src/syscalls.o
                0x0000000008001324                _read
 .text._write   0x000000000800135e       0x38 ./Core/Src/syscalls.o
                0x000000000800135e                _write
 .text._close   0x0000000008001396       0x18 ./Core/Src/syscalls.o
                0x0000000008001396                _close
 .text._fstat   0x00000000080013ae       0x20 ./Core/Src/syscalls.o
                0x00000000080013ae                _fstat
 .text._isatty  0x00000000080013ce       0x16 ./Core/Src/syscalls.o
                0x00000000080013ce                _isatty
 .text._lseek   0x00000000080013e4       0x1a ./Core/Src/syscalls.o
                0x00000000080013e4                _lseek
 *fill*         0x00000000080013fe        0x2 
 .text._sbrk    0x0000000008001400       0x6c ./Core/Src/sysmem.o
                0x0000000008001400                _sbrk
 .text.SystemInit
                0x000000000800146c       0x24 ./Core/Src/system_stm32l4xx.o
                0x000000000800146c                SystemInit
 .text.MX_USART1_UART_Init
                0x0000000008001490       0x60 ./Core/Src/usart.o
                0x0000000008001490                MX_USART1_UART_Init
 .text.MX_USART2_UART_Init
                0x00000000080014f0       0x60 ./Core/Src/usart.o
                0x00000000080014f0                MX_USART2_UART_Init
 .text.HAL_UART_MspInit
                0x0000000008001550      0x174 ./Core/Src/usart.o
                0x0000000008001550                HAL_UART_MspInit
 .text.HAL_UART_RxCpltCallback
                0x00000000080016c4       0x20 ./Core/Src/usart.o
                0x00000000080016c4                HAL_UART_RxCpltCallback
 .text.Reset_Handler
                0x00000000080016e4       0x50 ./Core/Startup/startup_stm32l432kcux.o
                0x00000000080016e4                Reset_Handler
 .text.Default_Handler
                0x0000000008001734        0x2 ./Core/Startup/startup_stm32l432kcux.o
                0x0000000008001734                RTC_Alarm_IRQHandler
                0x0000000008001734                EXTI2_IRQHandler
                0x0000000008001734                TIM1_CC_IRQHandler
                0x0000000008001734                TSC_IRQHandler
                0x0000000008001734                TAMP_STAMP_IRQHandler
                0x0000000008001734                EXTI3_IRQHandler
                0x0000000008001734                LPTIM2_IRQHandler
                0x0000000008001734                I2C3_ER_IRQHandler
                0x0000000008001734                EXTI0_IRQHandler
                0x0000000008001734                CAN1_RX0_IRQHandler
                0x0000000008001734                FPU_IRQHandler
                0x0000000008001734                TIM1_UP_TIM16_IRQHandler
                0x0000000008001734                SPI1_IRQHandler
                0x0000000008001734                DMA2_Channel2_IRQHandler
                0x0000000008001734                DMA1_Channel4_IRQHandler
                0x0000000008001734                ADC1_IRQHandler
                0x0000000008001734                DMA1_Channel7_IRQHandler
                0x0000000008001734                CAN1_RX1_IRQHandler
                0x0000000008001734                DMA2_Channel1_IRQHandler
                0x0000000008001734                QUADSPI_IRQHandler
                0x0000000008001734                I2C1_EV_IRQHandler
                0x0000000008001734                DMA1_Channel6_IRQHandler
                0x0000000008001734                DMA2_Channel4_IRQHandler
                0x0000000008001734                RCC_IRQHandler
                0x0000000008001734                TIM1_TRG_COM_IRQHandler
                0x0000000008001734                DMA1_Channel1_IRQHandler
                0x0000000008001734                Default_Handler
                0x0000000008001734                DMA2_Channel7_IRQHandler
                0x0000000008001734                EXTI15_10_IRQHandler
                0x0000000008001734                TIM7_IRQHandler
                0x0000000008001734                I2C3_EV_IRQHandler
                0x0000000008001734                USB_IRQHandler
                0x0000000008001734                EXTI9_5_IRQHandler
                0x0000000008001734                RTC_WKUP_IRQHandler
                0x0000000008001734                PVD_PVM_IRQHandler
                0x0000000008001734                CAN1_TX_IRQHandler
                0x0000000008001734                DMA2_Channel5_IRQHandler
                0x0000000008001734                CRS_IRQHandler
                0x0000000008001734                DMA1_Channel5_IRQHandler
                0x0000000008001734                EXTI4_IRQHandler
                0x0000000008001734                RNG_IRQHandler
                0x0000000008001734                DMA1_Channel3_IRQHandler
                0x0000000008001734                COMP_IRQHandler
                0x0000000008001734                WWDG_IRQHandler
                0x0000000008001734                LPUART1_IRQHandler
                0x0000000008001734                DMA2_Channel6_IRQHandler
                0x0000000008001734                TIM2_IRQHandler
                0x0000000008001734                EXTI1_IRQHandler
                0x0000000008001734                DMA1_Channel2_IRQHandler
                0x0000000008001734                CAN1_SCE_IRQHandler
                0x0000000008001734                FLASH_IRQHandler
                0x0000000008001734                SPI3_IRQHandler
                0x0000000008001734                I2C1_ER_IRQHandler
                0x0000000008001734                SWPMI1_IRQHandler
                0x0000000008001734                LPTIM1_IRQHandler
                0x0000000008001734                SAI1_IRQHandler
                0x0000000008001734                DMA2_Channel3_IRQHandler
                0x0000000008001734                TIM1_BRK_TIM15_IRQHandler
 .text.HAL_Init
                0x0000000008001736       0x30 ./Drivers/STM32L4xx_HAL_Driver/Src/stm32l4xx_hal.o
                0x0000000008001736                HAL_Init
 *fill*         0x0000000008001766        0x2 
 .text.HAL_IncTick
                0x0000000008001768       0x28 ./Drivers/STM32L4xx_HAL_Driver/Src/stm32l4xx_hal.o
                0x0000000008001768                HAL_IncTick
 .text.HAL_GetTick
                0x0000000008001790       0x18 ./Drivers/STM32L4xx_HAL_Driver/Src/stm32l4xx_hal.o
                0x0000000008001790                HAL_GetTick
 .text.__NVIC_SetPriorityGrouping
                0x00000000080017a8       0x48 ./Drivers/STM32L4xx_HAL_Driver/Src/stm32l4xx_hal_cortex.o
 .text.__NVIC_GetPriorityGrouping
                0x00000000080017f0       0x1c ./Drivers/STM32L4xx_HAL_Driver/Src/stm32l4xx_hal_cortex.o
 .text.__NVIC_EnableIRQ
                0x000000000800180c       0x3c ./Drivers/STM32L4xx_HAL_Driver/Src/stm32l4xx_hal_cortex.o
 .text.__NVIC_SetPriority
                0x0000000008001848       0x54 ./Drivers/STM32L4xx_HAL_Driver/Src/stm32l4xx_hal_cortex.o
 .text.NVIC_EncodePriority
                0x000000000800189c       0x66 ./Drivers/STM32L4xx_HAL_Driver/Src/stm32l4xx_hal_cortex.o
 .text.HAL_NVIC_SetPriorityGrouping
                0x0000000008001902       0x16 ./Drivers/STM32L4xx_HAL_Driver/Src/stm32l4xx_hal_cortex.o
                0x0000000008001902                HAL_NVIC_SetPriorityGrouping
 .text.HAL_NVIC_SetPriority
                0x0000000008001918       0x38 ./Drivers/STM32L4xx_HAL_Driver/Src/stm32l4xx_hal_cortex.o
                0x0000000008001918                HAL_NVIC_SetPriority
 .text.HAL_NVIC_EnableIRQ
                0x0000000008001950       0x1c ./Drivers/STM32L4xx_HAL_Driver/Src/stm32l4xx_hal_cortex.o
                0x0000000008001950                HAL_NVIC_EnableIRQ
 .text.HAL_DMA_Abort
                0x000000000800196c       0x7c ./Drivers/STM32L4xx_HAL_Driver/Src/stm32l4xx_hal_dma.o
                0x000000000800196c                HAL_DMA_Abort
 .text.HAL_DMA_Abort_IT
                0x00000000080019e8       0x82 ./Drivers/STM32L4xx_HAL_Driver/Src/stm32l4xx_hal_dma.o
                0x00000000080019e8                HAL_DMA_Abort_IT
 *fill*         0x0000000008001a6a        0x2 
 .text.HAL_GPIO_Init
                0x0000000008001a6c      0x2d4 ./Drivers/STM32L4xx_HAL_Driver/Src/stm32l4xx_hal_gpio.o
                0x0000000008001a6c                HAL_GPIO_Init
 .text.HAL_GPIO_WritePin
                0x0000000008001d40       0x30 ./Drivers/STM32L4xx_HAL_Driver/Src/stm32l4xx_hal_gpio.o
                0x0000000008001d40                HAL_GPIO_WritePin
 .text.HAL_GPIO_TogglePin
                0x0000000008001d70       0x34 ./Drivers/STM32L4xx_HAL_Driver/Src/stm32l4xx_hal_gpio.o
                0x0000000008001d70                HAL_GPIO_TogglePin
 .text.HAL_PWR_EnableBkUpAccess
                0x0000000008001da4       0x20 ./Drivers/STM32L4xx_HAL_Driver/Src/stm32l4xx_hal_pwr.o
                0x0000000008001da4                HAL_PWR_EnableBkUpAccess
 .text.HAL_PWREx_GetVoltageRange
                0x0000000008001dc4       0x1c ./Drivers/STM32L4xx_HAL_Driver/Src/stm32l4xx_hal_pwr_ex.o
                0x0000000008001dc4                HAL_PWREx_GetVoltageRange
 .text.HAL_PWREx_ControlVoltageScaling
                0x0000000008001de0       0xac ./Drivers/STM32L4xx_HAL_Driver/Src/stm32l4xx_hal_pwr_ex.o
                0x0000000008001de0                HAL_PWREx_ControlVoltageScaling
 .text.HAL_RCC_OscConfig
                0x0000000008001e8c      0x828 ./Drivers/STM32L4xx_HAL_Driver/Src/stm32l4xx_hal_rcc.o
                0x0000000008001e8c                HAL_RCC_OscConfig
 .text.HAL_RCC_ClockConfig
                0x00000000080026b4      0x200 ./Drivers/STM32L4xx_HAL_Driver/Src/stm32l4xx_hal_rcc.o
                0x00000000080026b4                HAL_RCC_ClockConfig
 .text.HAL_RCC_GetSysClockFreq
                0x00000000080028b4      0x118 ./Drivers/STM32L4xx_HAL_Driver/Src/stm32l4xx_hal_rcc.o
                0x00000000080028b4                HAL_RCC_GetSysClockFreq
 .text.HAL_RCC_GetHCLKFreq
                0x00000000080029cc       0x18 ./Drivers/STM32L4xx_HAL_Driver/Src/stm32l4xx_hal_rcc.o
                0x00000000080029cc                HAL_RCC_GetHCLKFreq
 .text.HAL_RCC_GetPCLK1Freq
                0x00000000080029e4       0x2c ./Drivers/STM32L4xx_HAL_Driver/Src/stm32l4xx_hal_rcc.o
                0x00000000080029e4                HAL_RCC_GetPCLK1Freq
 .text.HAL_RCC_GetPCLK2Freq
                0x0000000008002a10       0x2c ./Drivers/STM32L4xx_HAL_Driver/Src/stm32l4xx_hal_rcc.o
                0x0000000008002a10                HAL_RCC_GetPCLK2Freq
 .text.HAL_RCC_GetClockConfig
                0x0000000008002a3c       0x64 ./Drivers/STM32L4xx_HAL_Driver/Src/stm32l4xx_hal_rcc.o
                0x0000000008002a3c                HAL_RCC_GetClockConfig
 .text.RCC_SetFlashLatencyFromMSIRange
                0x0000000008002aa0       0xc0 ./Drivers/STM32L4xx_HAL_Driver/Src/stm32l4xx_hal_rcc.o
 .text.HAL_RCCEx_PeriphCLKConfig
                0x0000000008002b60      0x3ec ./Drivers/STM32L4xx_HAL_Driver/Src/stm32l4xx_hal_rcc_ex.o
                0x0000000008002b60                HAL_RCCEx_PeriphCLKConfig
 .text.HAL_RCCEx_EnableMSIPLLMode
                0x0000000008002f4c       0x20 ./Drivers/STM32L4xx_HAL_Driver/Src/stm32l4xx_hal_rcc_ex.o
                0x0000000008002f4c                HAL_RCCEx_EnableMSIPLLMode
 .text.RCCEx_PLLSAI1_Config
                0x0000000008002f6c      0x1e4 ./Drivers/STM32L4xx_HAL_Driver/Src/stm32l4xx_hal_rcc_ex.o
 .text.HAL_TIM_Base_Init
                0x0000000008003150       0xae ./Drivers/STM32L4xx_HAL_Driver/Src/stm32l4xx_hal_tim.o
                0x0000000008003150                HAL_TIM_Base_Init
 .text.HAL_TIM_Base_MspInit
                0x00000000080031fe       0x14 ./Drivers/STM32L4xx_HAL_Driver/Src/stm32l4xx_hal_tim.o
                0x00000000080031fe                HAL_TIM_Base_MspInit
 *fill*         0x0000000008003212        0x2 
 .text.HAL_TIM_Base_Start_IT
                0x0000000008003214       0xa8 ./Drivers/STM32L4xx_HAL_Driver/Src/stm32l4xx_hal_tim.o
                0x0000000008003214                HAL_TIM_Base_Start_IT
 .text.HAL_TIM_IRQHandler
                0x00000000080032bc      0x23e ./Drivers/STM32L4xx_HAL_Driver/Src/stm32l4xx_hal_tim.o
                0x00000000080032bc                HAL_TIM_IRQHandler
 .text.HAL_TIM_OC_DelayElapsedCallback
                0x00000000080034fa       0x14 ./Drivers/STM32L4xx_HAL_Driver/Src/stm32l4xx_hal_tim.o
                0x00000000080034fa                HAL_TIM_OC_DelayElapsedCallback
 .text.HAL_TIM_IC_CaptureCallback
                0x000000000800350e       0x14 ./Drivers/STM32L4xx_HAL_Driver/Src/stm32l4xx_hal_tim.o
                0x000000000800350e                HAL_TIM_IC_CaptureCallback
 .text.HAL_TIM_PWM_PulseFinishedCallback
                0x0000000008003522       0x14 ./Drivers/STM32L4xx_HAL_Driver/Src/stm32l4xx_hal_tim.o
                0x0000000008003522                HAL_TIM_PWM_PulseFinishedCallback
 .text.HAL_TIM_TriggerCallback
                0x0000000008003536       0x14 ./Drivers/STM32L4xx_HAL_Driver/Src/stm32l4xx_hal_tim.o
                0x0000000008003536                HAL_TIM_TriggerCallback
 *fill*         0x000000000800354a        0x2 
 .text.TIM_Base_SetConfig
                0x000000000800354c       0xc8 ./Drivers/STM32L4xx_HAL_Driver/Src/stm32l4xx_hal_tim.o
                0x000000000800354c                TIM_Base_SetConfig
 .text.HAL_TIMEx_CommutCallback
                0x0000000008003614       0x14 ./Drivers/STM32L4xx_HAL_Driver/Src/stm32l4xx_hal_tim_ex.o
                0x0000000008003614                HAL_TIMEx_CommutCallback
 .text.HAL_TIMEx_BreakCallback
                0x0000000008003628       0x14 ./Drivers/STM32L4xx_HAL_Driver/Src/stm32l4xx_hal_tim_ex.o
                0x0000000008003628                HAL_TIMEx_BreakCallback
 .text.HAL_TIMEx_Break2Callback
                0x000000000800363c       0x14 ./Drivers/STM32L4xx_HAL_Driver/Src/stm32l4xx_hal_tim_ex.o
                0x000000000800363c                HAL_TIMEx_Break2Callback
 .text.HAL_UART_Init
                0x0000000008003650       0x9c ./Drivers/STM32L4xx_HAL_Driver/Src/stm32l4xx_hal_uart.o
                0x0000000008003650                HAL_UART_Init
 .text.HAL_UART_Transmit
                0x00000000080036ec      0x128 ./Drivers/STM32L4xx_HAL_Driver/Src/stm32l4xx_hal_uart.o
                0x00000000080036ec                HAL_UART_Transmit
 .text.HAL_UART_Receive_IT
                0x0000000008003814       0xac ./Drivers/STM32L4xx_HAL_Driver/Src/stm32l4xx_hal_uart.o
                0x0000000008003814                HAL_UART_Receive_IT
 .text.HAL_UART_IRQHandler
                0x00000000080038c0      0x5c4 ./Drivers/STM32L4xx_HAL_Driver/Src/stm32l4xx_hal_uart.o
                0x00000000080038c0                HAL_UART_IRQHandler
 .text.HAL_UART_TxCpltCallback
                0x0000000008003e84       0x14 ./Drivers/STM32L4xx_HAL_Driver/Src/stm32l4xx_hal_uart.o
                0x0000000008003e84                HAL_UART_TxCpltCallback
 .text.HAL_UART_ErrorCallback
                0x0000000008003e98       0x14 ./Drivers/STM32L4xx_HAL_Driver/Src/stm32l4xx_hal_uart.o
                0x0000000008003e98                HAL_UART_ErrorCallback
 .text.HAL_UARTEx_RxEventCallback
                0x0000000008003eac       0x18 ./Drivers/STM32L4xx_HAL_Driver/Src/stm32l4xx_hal_uart.o
                0x0000000008003eac                HAL_UARTEx_RxEventCallback
 .text.UART_SetConfig
                0x0000000008003ec4      0x458 ./Drivers/STM32L4xx_HAL_Driver/Src/stm32l4xx_hal_uart.o
                0x0000000008003ec4                UART_SetConfig
 .text.UART_AdvFeatureConfig
                0x000000000800431c      0x144 ./Drivers/STM32L4xx_HAL_Driver/Src/stm32l4xx_hal_uart.o
                0x000000000800431c                UART_AdvFeatureConfig
 .text.UART_CheckIdleState
                0x0000000008004460       0x92 ./Drivers/STM32L4xx_HAL_Driver/Src/stm32l4xx_hal_uart.o
                0x0000000008004460                UART_CheckIdleState
 .text.UART_WaitOnFlagUntilTimeout
                0x00000000080044f2      0x188 ./Drivers/STM32L4xx_HAL_Driver/Src/stm32l4xx_hal_uart.o
                0x00000000080044f2                UART_WaitOnFlagUntilTimeout
 *fill*         0x000000000800467a        0x2 
 .text.UART_Start_Receive_IT
                0x000000000800467c      0x194 ./Drivers/STM32L4xx_HAL_Driver/Src/stm32l4xx_hal_uart.o
                0x000000000800467c                UART_Start_Receive_IT
 .text.UART_EndRxTransfer
                0x0000000008004810       0xc6 ./Drivers/STM32L4xx_HAL_Driver/Src/stm32l4xx_hal_uart.o
 .text.UART_DMAAbortOnError
                0x00000000080048d6       0x2c ./Drivers/STM32L4xx_HAL_Driver/Src/stm32l4xx_hal_uart.o
 .text.UART_EndTransmit_IT
                0x0000000008004902       0x54 ./Drivers/STM32L4xx_HAL_Driver/Src/stm32l4xx_hal_uart.o
 .text.UART_RxISR_8BIT
                0x0000000008004956      0x160 ./Drivers/STM32L4xx_HAL_Driver/Src/stm32l4xx_hal_uart.o
 .text.UART_RxISR_16BIT
                0x0000000008004ab6      0x160 ./Drivers/STM32L4xx_HAL_Driver/Src/stm32l4xx_hal_uart.o
 .text.HAL_UARTEx_WakeupCallback
                0x0000000008004c16       0x14 ./Drivers/STM32L4xx_HAL_Driver/Src/stm32l4xx_hal_uart_ex.o
                0x0000000008004c16                HAL_UARTEx_WakeupCallback
 .text.frameCreate
                0x0000000008004c2a       0x42 ./Drivers/log/frame.o
                0x0000000008004c2a                frameCreate
 .text.frameDelete
                0x0000000008004c6c       0x1c ./Drivers/log/frame.o
                0x0000000008004c6c                frameDelete
 .text.serialize
                0x0000000008004c88       0x4a ./Drivers/log/frame.o
                0x0000000008004c88                serialize
 .text.LOG_INFO
                0x0000000008004cd2       0x26 ./Drivers/log/log.o
                0x0000000008004cd2                LOG_INFO
 .text.LOG_TEXT
                0x0000000008004cf8       0xf8 ./Drivers/log/log.o
                0x0000000008004cf8                LOG_TEXT
 .text.LOG      0x0000000008004df0       0x1e ./Drivers/log/log.o
                0x0000000008004df0                LOG
 *fill*         0x0000000008004e0e        0x2 
 .text.vprint   0x0000000008004e10       0x48 ./Drivers/trace/trace.o
                0x0000000008004e10                vprint
 .text.PRINT    0x0000000008004e58       0x48 ./Drivers/trace/trace.o
                0x0000000008004e58                PRINT
 .text.FifoNext
                0x0000000008004ea0       0x2e ./Drivers/xbee/fifo.o
 .text.FifoInit
                0x0000000008004ece       0x66 ./Drivers/xbee/fifo.o
                0x0000000008004ece                FifoInit
 .text.FifoPush
                0x0000000008004f34       0x40 ./Drivers/xbee/fifo.o
                0x0000000008004f34                FifoPush
 .text.FifoPop  0x0000000008004f74       0x4a ./Drivers/xbee/fifo.o
                0x0000000008004f74                FifoPop
 .text.IsFifoEmpty
                0x0000000008004fbe       0x26 ./Drivers/xbee/fifo.o
                0x0000000008004fbe                IsFifoEmpty
 .text.StartXbeeTask
                0x0000000008004fe4       0x4c ./Drivers/xbee/xbee.o
                0x0000000008004fe4                StartXbeeTask
 .text.xbee_init
                0x0000000008005030       0xc4 ./Drivers/xbee/xbee.o
                0x0000000008005030                xbee_init
 .text.xbee_process
                0x00000000080050f4      0x104 ./Drivers/xbee/xbee.o
                0x00000000080050f4                xbee_process
 .text.xbee_send_at_command
                0x00000000080051f8       0xf4 ./Drivers/xbee/xbee.o
                0x00000000080051f8                xbee_send_at_command
 .text.xbee_wait_for_AT_response
                0x00000000080052ec      0x138 ./Drivers/xbee/xbee.o
                0x00000000080052ec                xbee_wait_for_AT_response
 .text.xbee_byteRcvCallback
                0x0000000008005424       0x30 ./Drivers/xbee/xbee.o
                0x0000000008005424                xbee_byteRcvCallback
 .text.xbee_sendFrame
                0x0000000008005454       0x24 ./Drivers/xbee/xbee.o
                0x0000000008005454                xbee_sendFrame
 .text._EnterCmdMode
                0x0000000008005478       0x74 ./Drivers/xbee/xbee.o
                0x0000000008005478                _EnterCmdMode
 .text._ExitCmdMode
                0x00000000080054ec       0x58 ./Drivers/xbee/xbee.o
                0x00000000080054ec                _ExitCmdMode
 .text._resetFrame
                0x0000000008005544       0x20 ./Drivers/xbee/xbee.o
                0x0000000008005544                _resetFrame
 .text._allocateFrame
                0x0000000008005564       0x30 ./Drivers/xbee/xbee.o
                0x0000000008005564                _allocateFrame
 .text._processStatus
                0x0000000008005594       0x44 ./Drivers/xbee/xbee.o
                0x0000000008005594                _processStatus
 .text.xbeeSerial_Init
                0x00000000080055d8       0x40 ./Drivers/xbee/xbee_serial.o
                0x00000000080055d8                xbeeSerial_Init
 .text.xbeeSerial_getBuffer
                0x0000000008005618       0x90 ./Drivers/xbee/xbee_serial.o
                0x0000000008005618                xbeeSerial_getBuffer
 .text.xbeeSerial_getBufferSize
                0x00000000080056a8       0x44 ./Drivers/xbee/xbee_serial.o
                0x00000000080056a8                xbeeSerial_getBufferSize
 .text.xbeeSerial_Transmit
                0x00000000080056ec       0x28 ./Drivers/xbee/xbee_serial.o
                0x00000000080056ec                xbeeSerial_Transmit
 .text.xbeeSerial_isMessageReceived
                0x0000000008005714       0x18 ./Drivers/xbee/xbee_serial.o
                0x0000000008005714                xbeeSerial_isMessageReceived
 .text._ReceiveStart
                0x000000000800572c       0x4c ./Drivers/xbee/xbee_serial.o
                0x000000000800572c                _ReceiveStart
 .text.xbeeSerial_rxCallback
                0x0000000008005778       0x88 ./Drivers/xbee/xbee_serial.o
                0x0000000008005778                xbeeSerial_rxCallback
 .text.makeFreeRtosPriority
                0x0000000008005800       0x30 ./Middlewares/Third_Party/FreeRTOS/Source/CMSIS_RTOS/cmsis_os.o
 .text.inHandlerMode
                0x0000000008005830       0x24 ./Middlewares/Third_Party/FreeRTOS/Source/CMSIS_RTOS/cmsis_os.o
 .text.osKernelStart
                0x0000000008005854        0xe ./Middlewares/Third_Party/FreeRTOS/Source/CMSIS_RTOS/cmsis_os.o
                0x0000000008005854                osKernelStart
 .text.osThreadCreate
                0x0000000008005862       0x98 ./Middlewares/Third_Party/FreeRTOS/Source/CMSIS_RTOS/cmsis_os.o
                0x0000000008005862                osThreadCreate
 .text.osDelay  0x00000000080058fa       0x28 ./Middlewares/Third_Party/FreeRTOS/Source/CMSIS_RTOS/cmsis_os.o
                0x00000000080058fa                osDelay
 .text.osMutexCreate
                0x0000000008005922       0x30 ./Middlewares/Third_Party/FreeRTOS/Source/CMSIS_RTOS/cmsis_os.o
                0x0000000008005922                osMutexCreate
 *fill*         0x0000000008005952        0x2 
 .text.osMutexWait
                0x0000000008005954       0x9c ./Middlewares/Third_Party/FreeRTOS/Source/CMSIS_RTOS/cmsis_os.o
                0x0000000008005954                osMutexWait
 .text.osMutexRelease
                0x00000000080059f0       0x6c ./Middlewares/Third_Party/FreeRTOS/Source/CMSIS_RTOS/cmsis_os.o
                0x00000000080059f0                osMutexRelease
 .text.vListInitialise
                0x0000000008005a5c       0x40 ./Middlewares/Third_Party/FreeRTOS/Source/list.o
                0x0000000008005a5c                vListInitialise
 .text.vListInitialiseItem
                0x0000000008005a9c       0x1a ./Middlewares/Third_Party/FreeRTOS/Source/list.o
                0x0000000008005a9c                vListInitialiseItem
 .text.vListInsertEnd
                0x0000000008005ab6       0x48 ./Middlewares/Third_Party/FreeRTOS/Source/list.o
                0x0000000008005ab6                vListInsertEnd
 .text.vListInsert
                0x0000000008005afe       0x72 ./Middlewares/Third_Party/FreeRTOS/Source/list.o
                0x0000000008005afe                vListInsert
 .text.uxListRemove
                0x0000000008005b70       0x54 ./Middlewares/Third_Party/FreeRTOS/Source/list.o
                0x0000000008005b70                uxListRemove
 .text.xQueueGenericReset
                0x0000000008005bc4       0xd0 ./Middlewares/Third_Party/FreeRTOS/Source/queue.o
                0x0000000008005bc4                xQueueGenericReset
 .text.xQueueGenericCreateStatic
                0x0000000008005c94       0xf0 ./Middlewares/Third_Party/FreeRTOS/Source/queue.o
                0x0000000008005c94                xQueueGenericCreateStatic
 .text.xQueueGenericCreate
                0x0000000008005d84       0x74 ./Middlewares/Third_Party/FreeRTOS/Source/queue.o
                0x0000000008005d84                xQueueGenericCreate
 .text.prvInitialiseNewQueue
                0x0000000008005df8       0x3e ./Middlewares/Third_Party/FreeRTOS/Source/queue.o
 .text.prvInitialiseMutex
                0x0000000008005e36       0x34 ./Middlewares/Third_Party/FreeRTOS/Source/queue.o
 .text.xQueueCreateMutex
                0x0000000008005e6a       0x30 ./Middlewares/Third_Party/FreeRTOS/Source/queue.o
                0x0000000008005e6a                xQueueCreateMutex
 .text.xQueueCreateMutexStatic
                0x0000000008005e9a       0x36 ./Middlewares/Third_Party/FreeRTOS/Source/queue.o
                0x0000000008005e9a                xQueueCreateMutexStatic
 .text.xQueueGenericSend
                0x0000000008005ed0      0x1fc ./Middlewares/Third_Party/FreeRTOS/Source/queue.o
                0x0000000008005ed0                xQueueGenericSend
 .text.xQueueGiveFromISR
                0x00000000080060cc      0x11a ./Middlewares/Third_Party/FreeRTOS/Source/queue.o
                0x00000000080060cc                xQueueGiveFromISR
 *fill*         0x00000000080061e6        0x2 
 .text.xQueueSemaphoreTake
                0x00000000080061e8      0x218 ./Middlewares/Third_Party/FreeRTOS/Source/queue.o
                0x00000000080061e8                xQueueSemaphoreTake
 .text.xQueueReceiveFromISR
                0x0000000008006400      0x100 ./Middlewares/Third_Party/FreeRTOS/Source/queue.o
                0x0000000008006400                xQueueReceiveFromISR
 .text.prvGetDisinheritPriorityAfterTimeout
                0x0000000008006500       0x30 ./Middlewares/Third_Party/FreeRTOS/Source/queue.o
 .text.prvCopyDataToQueue
                0x0000000008006530       0xd4 ./Middlewares/Third_Party/FreeRTOS/Source/queue.o
 .text.prvCopyDataFromQueue
                0x0000000008006604       0x4c ./Middlewares/Third_Party/FreeRTOS/Source/queue.o
 .text.prvUnlockQueue
                0x0000000008006650       0xa4 ./Middlewares/Third_Party/FreeRTOS/Source/queue.o
 .text.prvIsQueueEmpty
                0x00000000080066f4       0x2c ./Middlewares/Third_Party/FreeRTOS/Source/queue.o
 .text.prvIsQueueFull
                0x0000000008006720       0x30 ./Middlewares/Third_Party/FreeRTOS/Source/queue.o
 .text.xTaskCreateStatic
                0x0000000008006750       0xba ./Middlewares/Third_Party/FreeRTOS/Source/tasks.o
                0x0000000008006750                xTaskCreateStatic
 .text.xTaskCreate
                0x000000000800680a       0x8a ./Middlewares/Third_Party/FreeRTOS/Source/tasks.o
                0x000000000800680a                xTaskCreate
 .text.prvInitialiseNewTask
                0x0000000008006894      0x13c ./Middlewares/Third_Party/FreeRTOS/Source/tasks.o
 .text.prvAddNewTaskToReadyList
                0x00000000080069d0       0xd4 ./Middlewares/Third_Party/FreeRTOS/Source/tasks.o
 .text.vTaskDelete
                0x0000000008006aa4      0x120 ./Middlewares/Third_Party/FreeRTOS/Source/tasks.o
                0x0000000008006aa4                vTaskDelete
 .text.vTaskDelay
                0x0000000008006bc4       0x68 ./Middlewares/Third_Party/FreeRTOS/Source/tasks.o
                0x0000000008006bc4                vTaskDelay
 .text.vTaskStartScheduler
                0x0000000008006c2c       0xd4 ./Middlewares/Third_Party/FreeRTOS/Source/tasks.o
                0x0000000008006c2c                vTaskStartScheduler
 .text.vTaskSuspendAll
                0x0000000008006d00       0x1c ./Middlewares/Third_Party/FreeRTOS/Source/tasks.o
                0x0000000008006d00                vTaskSuspendAll
 .text.xTaskResumeAll
                0x0000000008006d1c      0x138 ./Middlewares/Third_Party/FreeRTOS/Source/tasks.o
                0x0000000008006d1c                xTaskResumeAll
 .text.xTaskIncrementTick
                0x0000000008006e54      0x170 ./Middlewares/Third_Party/FreeRTOS/Source/tasks.o
                0x0000000008006e54                xTaskIncrementTick
 .text.vTaskSwitchContext
                0x0000000008006fc4       0xc4 ./Middlewares/Third_Party/FreeRTOS/Source/tasks.o
                0x0000000008006fc4                vTaskSwitchContext
 .text.vTaskPlaceOnEventList
                0x0000000008007088       0x48 ./Middlewares/Third_Party/FreeRTOS/Source/tasks.o
                0x0000000008007088                vTaskPlaceOnEventList
 .text.xTaskRemoveFromEventList
                0x00000000080070d0       0xc4 ./Middlewares/Third_Party/FreeRTOS/Source/tasks.o
                0x00000000080070d0                xTaskRemoveFromEventList
 .text.vTaskInternalSetTimeOutState
                0x0000000008007194       0x2c ./Middlewares/Third_Party/FreeRTOS/Source/tasks.o
                0x0000000008007194                vTaskInternalSetTimeOutState
 .text.xTaskCheckForTimeOut
                0x00000000080071c0       0xc4 ./Middlewares/Third_Party/FreeRTOS/Source/tasks.o
                0x00000000080071c0                xTaskCheckForTimeOut
 .text.vTaskMissedYield
                0x0000000008007284       0x18 ./Middlewares/Third_Party/FreeRTOS/Source/tasks.o
                0x0000000008007284                vTaskMissedYield
 .text.prvIdleTask
                0x000000000800729c       0x30 ./Middlewares/Third_Party/FreeRTOS/Source/tasks.o
 .text.prvInitialiseTaskLists
                0x00000000080072cc       0x80 ./Middlewares/Third_Party/FreeRTOS/Source/tasks.o
 .text.prvCheckTasksWaitingTermination
                0x000000000800734c       0x5c ./Middlewares/Third_Party/FreeRTOS/Source/tasks.o
 .text.prvDeleteTCB
                0x00000000080073a8       0x68 ./Middlewares/Third_Party/FreeRTOS/Source/tasks.o
 .text.prvResetNextTaskUnblockTime
                0x0000000008007410       0x40 ./Middlewares/Third_Party/FreeRTOS/Source/tasks.o
 .text.xTaskGetSchedulerState
                0x0000000008007450       0x3c ./Middlewares/Third_Party/FreeRTOS/Source/tasks.o
                0x0000000008007450                xTaskGetSchedulerState
 .text.xTaskPriorityInherit
                0x000000000800748c       0xec ./Middlewares/Third_Party/FreeRTOS/Source/tasks.o
                0x000000000800748c                xTaskPriorityInherit
 .text.xTaskPriorityDisinherit
                0x0000000008007578      0x10c ./Middlewares/Third_Party/FreeRTOS/Source/tasks.o
                0x0000000008007578                xTaskPriorityDisinherit
 .text.vTaskPriorityDisinheritAfterTimeout
                0x0000000008007684      0x11c ./Middlewares/Third_Party/FreeRTOS/Source/tasks.o
                0x0000000008007684                vTaskPriorityDisinheritAfterTimeout
 .text.pvTaskIncrementMutexHeldCount
                0x00000000080077a0       0x28 ./Middlewares/Third_Party/FreeRTOS/Source/tasks.o
                0x00000000080077a0                pvTaskIncrementMutexHeldCount
 .text.prvAddCurrentTaskToDelayedList
                0x00000000080077c8       0xcc ./Middlewares/Third_Party/FreeRTOS/Source/tasks.o
 .text.pxPortInitialiseStack
                0x0000000008007894       0x68 ./Middlewares/Third_Party/FreeRTOS/Source/portable/GCC/ARM_CM4F/port.o
                0x0000000008007894                pxPortInitialiseStack
 .text.prvTaskExitError
                0x00000000080078fc       0x58 ./Middlewares/Third_Party/FreeRTOS/Source/portable/GCC/ARM_CM4F/port.o
 *fill*         0x0000000008007954        0xc 
 .text.SVC_Handler
                0x0000000008007960       0x28 ./Middlewares/Third_Party/FreeRTOS/Source/portable/GCC/ARM_CM4F/port.o
                0x0000000008007960                SVC_Handler
 .text.prvPortStartFirstTask
                0x0000000008007988       0x28 ./Middlewares/Third_Party/FreeRTOS/Source/portable/GCC/ARM_CM4F/port.o
 .text.xPortStartScheduler
                0x00000000080079b0      0x144 ./Middlewares/Third_Party/FreeRTOS/Source/portable/GCC/ARM_CM4F/port.o
                0x00000000080079b0                xPortStartScheduler
 .text.vPortEnterCritical
                0x0000000008007af4       0x60 ./Middlewares/Third_Party/FreeRTOS/Source/portable/GCC/ARM_CM4F/port.o
                0x0000000008007af4                vPortEnterCritical
 .text.vPortExitCritical
                0x0000000008007b54       0x54 ./Middlewares/Third_Party/FreeRTOS/Source/portable/GCC/ARM_CM4F/port.o
                0x0000000008007b54                vPortExitCritical
 *fill*         0x0000000008007ba8        0x8 
 .text.PendSV_Handler
                0x0000000008007bb0       0x68 ./Middlewares/Third_Party/FreeRTOS/Source/portable/GCC/ARM_CM4F/port.o
                0x0000000008007bb0                PendSV_Handler
 .text.SysTick_Handler
                0x0000000008007c18       0x44 ./Middlewares/Third_Party/FreeRTOS/Source/portable/GCC/ARM_CM4F/port.o
                0x0000000008007c18                SysTick_Handler
 .text.vPortSetupTimerInterrupt
                0x0000000008007c5c       0x48 ./Middlewares/Third_Party/FreeRTOS/Source/portable/GCC/ARM_CM4F/port.o
                0x0000000008007c5c                vPortSetupTimerInterrupt
 .text.vPortEnableVFP
                0x0000000008007ca4       0x14 ./Middlewares/Third_Party/FreeRTOS/Source/portable/GCC/ARM_CM4F/port.o
 .text.vPortValidateInterruptPriority
                0x0000000008007cb8       0x80 ./Middlewares/Third_Party/FreeRTOS/Source/portable/GCC/ARM_CM4F/port.o
                0x0000000008007cb8                vPortValidateInterruptPriority
 .text.pvPortMalloc
                0x0000000008007d38      0x198 ./Middlewares/Third_Party/FreeRTOS/Source/portable/MemMang/heap_4.o
                0x0000000008007d38                pvPortMalloc
 .text.vPortFree
                0x0000000008007ed0       0xc4 ./Middlewares/Third_Party/FreeRTOS/Source/portable/MemMang/heap_4.o
                0x0000000008007ed0                vPortFree
 .text.prvHeapInit
                0x0000000008007f94       0xc4 ./Middlewares/Third_Party/FreeRTOS/Source/portable/MemMang/heap_4.o
 .text.prvInsertBlockIntoFreeList
                0x0000000008008058       0xb4 ./Middlewares/Third_Party/FreeRTOS/Source/portable/MemMang/heap_4.o
 .text.__errno  0x000000000800810c        0xc d:/programs/stmicroelectronics/stm32cubeide_1.9.0/stm32cubeide/plugins/com.st.stm32cube.ide.mcu.externaltools.gnu-tools-for-stm32.10.3-2021.10.win32_1.0.0.202111181127/tools/bin/../lib/gcc/arm-none-eabi/10.3.1/../../../../arm-none-eabi/lib/thumb/v7e-m+fp/hard\libc_nano.a(lib_a-errno.o)
                0x000000000800810c                __errno
 .text.std      0x0000000008008118       0x48 d:/programs/stmicroelectronics/stm32cubeide_1.9.0/stm32cubeide/plugins/com.st.stm32cube.ide.mcu.externaltools.gnu-tools-for-stm32.10.3-2021.10.win32_1.0.0.202111181127/tools/bin/../lib/gcc/arm-none-eabi/10.3.1/../../../../arm-none-eabi/lib/thumb/v7e-m+fp/hard\libc_nano.a(lib_a-findfp.o)
 .text._cleanup_r
                0x0000000008008160        0xc d:/programs/stmicroelectronics/stm32cubeide_1.9.0/stm32cubeide/plugins/com.st.stm32cube.ide.mcu.externaltools.gnu-tools-for-stm32.10.3-2021.10.win32_1.0.0.202111181127/tools/bin/../lib/gcc/arm-none-eabi/10.3.1/../../../../arm-none-eabi/lib/thumb/v7e-m+fp/hard\libc_nano.a(lib_a-findfp.o)
                0x0000000008008160                _cleanup_r
 .text.__sfmoreglue
                0x000000000800816c       0x2c d:/programs/stmicroelectronics/stm32cubeide_1.9.0/stm32cubeide/plugins/com.st.stm32cube.ide.mcu.externaltools.gnu-tools-for-stm32.10.3-2021.10.win32_1.0.0.202111181127/tools/bin/../lib/gcc/arm-none-eabi/10.3.1/../../../../arm-none-eabi/lib/thumb/v7e-m+fp/hard\libc_nano.a(lib_a-findfp.o)
                0x000000000800816c                __sfmoreglue
 .text.__sfp_lock_acquire
                0x0000000008008198        0xc d:/programs/stmicroelectronics/stm32cubeide_1.9.0/stm32cubeide/plugins/com.st.stm32cube.ide.mcu.externaltools.gnu-tools-for-stm32.10.3-2021.10.win32_1.0.0.202111181127/tools/bin/../lib/gcc/arm-none-eabi/10.3.1/../../../../arm-none-eabi/lib/thumb/v7e-m+fp/hard\libc_nano.a(lib_a-findfp.o)
                0x0000000008008198                __sfp_lock_acquire
 .text.__sfp_lock_release
                0x00000000080081a4        0xc d:/programs/stmicroelectronics/stm32cubeide_1.9.0/stm32cubeide/plugins/com.st.stm32cube.ide.mcu.externaltools.gnu-tools-for-stm32.10.3-2021.10.win32_1.0.0.202111181127/tools/bin/../lib/gcc/arm-none-eabi/10.3.1/../../../../arm-none-eabi/lib/thumb/v7e-m+fp/hard\libc_nano.a(lib_a-findfp.o)
                0x00000000080081a4                __sfp_lock_release
 .text.__sinit_lock_acquire
                0x00000000080081b0        0xc d:/programs/stmicroelectronics/stm32cubeide_1.9.0/stm32cubeide/plugins/com.st.stm32cube.ide.mcu.externaltools.gnu-tools-for-stm32.10.3-2021.10.win32_1.0.0.202111181127/tools/bin/../lib/gcc/arm-none-eabi/10.3.1/../../../../arm-none-eabi/lib/thumb/v7e-m+fp/hard\libc_nano.a(lib_a-findfp.o)
                0x00000000080081b0                __sinit_lock_acquire
 .text.__sinit_lock_release
                0x00000000080081bc        0xc d:/programs/stmicroelectronics/stm32cubeide_1.9.0/stm32cubeide/plugins/com.st.stm32cube.ide.mcu.externaltools.gnu-tools-for-stm32.10.3-2021.10.win32_1.0.0.202111181127/tools/bin/../lib/gcc/arm-none-eabi/10.3.1/../../../../arm-none-eabi/lib/thumb/v7e-m+fp/hard\libc_nano.a(lib_a-findfp.o)
                0x00000000080081bc                __sinit_lock_release
 .text.__sinit  0x00000000080081c8       0x70 d:/programs/stmicroelectronics/stm32cubeide_1.9.0/stm32cubeide/plugins/com.st.stm32cube.ide.mcu.externaltools.gnu-tools-for-stm32.10.3-2021.10.win32_1.0.0.202111181127/tools/bin/../lib/gcc/arm-none-eabi/10.3.1/../../../../arm-none-eabi/lib/thumb/v7e-m+fp/hard\libc_nano.a(lib_a-findfp.o)
                0x00000000080081c8                __sinit
 .text.__sfp    0x0000000008008238       0x8c d:/programs/stmicroelectronics/stm32cubeide_1.9.0/stm32cubeide/plugins/com.st.stm32cube.ide.mcu.externaltools.gnu-tools-for-stm32.10.3-2021.10.win32_1.0.0.202111181127/tools/bin/../lib/gcc/arm-none-eabi/10.3.1/../../../../arm-none-eabi/lib/thumb/v7e-m+fp/hard\libc_nano.a(lib_a-findfp.o)
                0x0000000008008238                __sfp
 .text._fwalk_reent
                0x00000000080082c4       0x3e d:/programs/stmicroelectronics/stm32cubeide_1.9.0/stm32cubeide/plugins/com.st.stm32cube.ide.mcu.externaltools.gnu-tools-for-stm32.10.3-2021.10.win32_1.0.0.202111181127/tools/bin/../lib/gcc/arm-none-eabi/10.3.1/../../../../arm-none-eabi/lib/thumb/v7e-m+fp/hard\libc_nano.a(lib_a-fwalk.o)
                0x00000000080082c4                _fwalk_reent
 *fill*         0x0000000008008302        0x2 
 .text.__libc_init_array
                0x0000000008008304       0x48 d:/programs/stmicroelectronics/stm32cubeide_1.9.0/stm32cubeide/plugins/com.st.stm32cube.ide.mcu.externaltools.gnu-tools-for-stm32.10.3-2021.10.win32_1.0.0.202111181127/tools/bin/../lib/gcc/arm-none-eabi/10.3.1/../../../../arm-none-eabi/lib/thumb/v7e-m+fp/hard\libc_nano.a(lib_a-init.o)
                0x0000000008008304                __libc_init_array
 .text.__retarget_lock_init_recursive
                0x000000000800834c        0x2 d:/programs/stmicroelectronics/stm32cubeide_1.9.0/stm32cubeide/plugins/com.st.stm32cube.ide.mcu.externaltools.gnu-tools-for-stm32.10.3-2021.10.win32_1.0.0.202111181127/tools/bin/../lib/gcc/arm-none-eabi/10.3.1/../../../../arm-none-eabi/lib/thumb/v7e-m+fp/hard\libc_nano.a(lib_a-lock.o)
                0x000000000800834c                __retarget_lock_init_recursive
 .text.__retarget_lock_acquire_recursive
                0x000000000800834e        0x2 d:/programs/stmicroelectronics/stm32cubeide_1.9.0/stm32cubeide/plugins/com.st.stm32cube.ide.mcu.externaltools.gnu-tools-for-stm32.10.3-2021.10.win32_1.0.0.202111181127/tools/bin/../lib/gcc/arm-none-eabi/10.3.1/../../../../arm-none-eabi/lib/thumb/v7e-m+fp/hard\libc_nano.a(lib_a-lock.o)
                0x000000000800834e                __retarget_lock_acquire_recursive
 .text.__retarget_lock_release_recursive
                0x0000000008008350        0x2 d:/programs/stmicroelectronics/stm32cubeide_1.9.0/stm32cubeide/plugins/com.st.stm32cube.ide.mcu.externaltools.gnu-tools-for-stm32.10.3-2021.10.win32_1.0.0.202111181127/tools/bin/../lib/gcc/arm-none-eabi/10.3.1/../../../../arm-none-eabi/lib/thumb/v7e-m+fp/hard\libc_nano.a(lib_a-lock.o)
                0x0000000008008350                __retarget_lock_release_recursive
 *fill*         0x0000000008008352        0x2 
 .text.malloc   0x0000000008008354       0x10 d:/programs/stmicroelectronics/stm32cubeide_1.9.0/stm32cubeide/plugins/com.st.stm32cube.ide.mcu.externaltools.gnu-tools-for-stm32.10.3-2021.10.win32_1.0.0.202111181127/tools/bin/../lib/gcc/arm-none-eabi/10.3.1/../../../../arm-none-eabi/lib/thumb/v7e-m+fp/hard\libc_nano.a(lib_a-malloc.o)
                0x0000000008008354                malloc
 .text.free     0x0000000008008364       0x10 d:/programs/stmicroelectronics/stm32cubeide_1.9.0/stm32cubeide/plugins/com.st.stm32cube.ide.mcu.externaltools.gnu-tools-for-stm32.10.3-2021.10.win32_1.0.0.202111181127/tools/bin/../lib/gcc/arm-none-eabi/10.3.1/../../../../arm-none-eabi/lib/thumb/v7e-m+fp/hard\libc_nano.a(lib_a-malloc.o)
                0x0000000008008364                free
 .text.memcmp   0x0000000008008374       0x20 d:/programs/stmicroelectronics/stm32cubeide_1.9.0/stm32cubeide/plugins/com.st.stm32cube.ide.mcu.externaltools.gnu-tools-for-stm32.10.3-2021.10.win32_1.0.0.202111181127/tools/bin/../lib/gcc/arm-none-eabi/10.3.1/../../../../arm-none-eabi/lib/thumb/v7e-m+fp/hard\libc_nano.a(lib_a-memcmp.o)
                0x0000000008008374                memcmp
 .text.memcpy   0x0000000008008394       0x1c d:/programs/stmicroelectronics/stm32cubeide_1.9.0/stm32cubeide/plugins/com.st.stm32cube.ide.mcu.externaltools.gnu-tools-for-stm32.10.3-2021.10.win32_1.0.0.202111181127/tools/bin/../lib/gcc/arm-none-eabi/10.3.1/../../../../arm-none-eabi/lib/thumb/v7e-m+fp/hard\libc_nano.a(lib_a-memcpy-stub.o)
                0x0000000008008394                memcpy
 .text.memset   0x00000000080083b0       0x10 d:/programs/stmicroelectronics/stm32cubeide_1.9.0/stm32cubeide/plugins/com.st.stm32cube.ide.mcu.externaltools.gnu-tools-for-stm32.10.3-2021.10.win32_1.0.0.202111181127/tools/bin/../lib/gcc/arm-none-eabi/10.3.1/../../../../arm-none-eabi/lib/thumb/v7e-m+fp/hard\libc_nano.a(lib_a-memset.o)
                0x00000000080083b0                memset
 .text._free_r  0x00000000080083c0       0x98 d:/programs/stmicroelectronics/stm32cubeide_1.9.0/stm32cubeide/plugins/com.st.stm32cube.ide.mcu.externaltools.gnu-tools-for-stm32.10.3-2021.10.win32_1.0.0.202111181127/tools/bin/../lib/gcc/arm-none-eabi/10.3.1/../../../../arm-none-eabi/lib/thumb/v7e-m+fp/hard\libc_nano.a(lib_a-nano-freer.o)
                0x00000000080083c0                _free_r
 .text.sbrk_aligned
                0x0000000008008458       0x40 d:/programs/stmicroelectronics/stm32cubeide_1.9.0/stm32cubeide/plugins/com.st.stm32cube.ide.mcu.externaltools.gnu-tools-for-stm32.10.3-2021.10.win32_1.0.0.202111181127/tools/bin/../lib/gcc/arm-none-eabi/10.3.1/../../../../arm-none-eabi/lib/thumb/v7e-m+fp/hard\libc_nano.a(lib_a-nano-mallocr.o)
 .text._malloc_r
                0x0000000008008498       0xe8 d:/programs/stmicroelectronics/stm32cubeide_1.9.0/stm32cubeide/plugins/com.st.stm32cube.ide.mcu.externaltools.gnu-tools-for-stm32.10.3-2021.10.win32_1.0.0.202111181127/tools/bin/../lib/gcc/arm-none-eabi/10.3.1/../../../../arm-none-eabi/lib/thumb/v7e-m+fp/hard\libc_nano.a(lib_a-nano-mallocr.o)
                0x0000000008008498                _malloc_r
 .text.__cvt    0x0000000008008580       0xc4 d:/programs/stmicroelectronics/stm32cubeide_1.9.0/stm32cubeide/plugins/com.st.stm32cube.ide.mcu.externaltools.gnu-tools-for-stm32.10.3-2021.10.win32_1.0.0.202111181127/tools/bin/../lib/gcc/arm-none-eabi/10.3.1/../../../../arm-none-eabi/lib/thumb/v7e-m+fp/hard\libc_nano.a(lib_a-nano-vfprintf_float.o)
                0x0000000008008580                __cvt
 .text.__exponent
                0x0000000008008644       0x7c d:/programs/stmicroelectronics/stm32cubeide_1.9.0/stm32cubeide/plugins/com.st.stm32cube.ide.mcu.externaltools.gnu-tools-for-stm32.10.3-2021.10.win32_1.0.0.202111181127/tools/bin/../lib/gcc/arm-none-eabi/10.3.1/../../../../arm-none-eabi/lib/thumb/v7e-m+fp/hard\libc_nano.a(lib_a-nano-vfprintf_float.o)
                0x0000000008008644                __exponent
 .text._printf_float
                0x00000000080086c0      0x46c d:/programs/stmicroelectronics/stm32cubeide_1.9.0/stm32cubeide/plugins/com.st.stm32cube.ide.mcu.externaltools.gnu-tools-for-stm32.10.3-2021.10.win32_1.0.0.202111181127/tools/bin/../lib/gcc/arm-none-eabi/10.3.1/../../../../arm-none-eabi/lib/thumb/v7e-m+fp/hard\libc_nano.a(lib_a-nano-vfprintf_float.o)
                0x00000000080086c0                _printf_float
 .text._printf_common
                0x0000000008008b2c       0xda d:/programs/stmicroelectronics/stm32cubeide_1.9.0/stm32cubeide/plugins/com.st.stm32cube.ide.mcu.externaltools.gnu-tools-for-stm32.10.3-2021.10.win32_1.0.0.202111181127/tools/bin/../lib/gcc/arm-none-eabi/10.3.1/../../../../arm-none-eabi/lib/thumb/v7e-m+fp/hard\libc_nano.a(lib_a-nano-vfprintf_i.o)
                0x0000000008008b2c                _printf_common
 *fill*         0x0000000008008c06        0x2 
 .text._printf_i
                0x0000000008008c08      0x24c d:/programs/stmicroelectronics/stm32cubeide_1.9.0/stm32cubeide/plugins/com.st.stm32cube.ide.mcu.externaltools.gnu-tools-for-stm32.10.3-2021.10.win32_1.0.0.202111181127/tools/bin/../lib/gcc/arm-none-eabi/10.3.1/../../../../arm-none-eabi/lib/thumb/v7e-m+fp/hard\libc_nano.a(lib_a-nano-vfprintf_i.o)
                0x0000000008008c08                _printf_i
 .text.cleanup_glue
                0x0000000008008e54       0x1a d:/programs/stmicroelectronics/stm32cubeide_1.9.0/stm32cubeide/plugins/com.st.stm32cube.ide.mcu.externaltools.gnu-tools-for-stm32.10.3-2021.10.win32_1.0.0.202111181127/tools/bin/../lib/gcc/arm-none-eabi/10.3.1/../../../../arm-none-eabi/lib/thumb/v7e-m+fp/hard\libc_nano.a(lib_a-reent.o)
                0x0000000008008e54                cleanup_glue
 *fill*         0x0000000008008e6e        0x2 
 .text._reclaim_reent
                0x0000000008008e70       0xb8 d:/programs/stmicroelectronics/stm32cubeide_1.9.0/stm32cubeide/plugins/com.st.stm32cube.ide.mcu.externaltools.gnu-tools-for-stm32.10.3-2021.10.win32_1.0.0.202111181127/tools/bin/../lib/gcc/arm-none-eabi/10.3.1/../../../../arm-none-eabi/lib/thumb/v7e-m+fp/hard\libc_nano.a(lib_a-reent.o)
                0x0000000008008e70                _reclaim_reent
 .text._sbrk_r  0x0000000008008f28       0x20 d:/programs/stmicroelectronics/stm32cubeide_1.9.0/stm32cubeide/plugins/com.st.stm32cube.ide.mcu.externaltools.gnu-tools-for-stm32.10.3-2021.10.win32_1.0.0.202111181127/tools/bin/../lib/gcc/arm-none-eabi/10.3.1/../../../../arm-none-eabi/lib/thumb/v7e-m+fp/hard\libc_nano.a(lib_a-sbrkr.o)
                0x0000000008008f28                _sbrk_r
 .text.__sread  0x0000000008008f48       0x22 d:/programs/stmicroelectronics/stm32cubeide_1.9.0/stm32cubeide/plugins/com.st.stm32cube.ide.mcu.externaltools.gnu-tools-for-stm32.10.3-2021.10.win32_1.0.0.202111181127/tools/bin/../lib/gcc/arm-none-eabi/10.3.1/../../../../arm-none-eabi/lib/thumb/v7e-m+fp/hard\libc_nano.a(lib_a-stdio.o)
                0x0000000008008f48                __sread
 .text.__swrite
                0x0000000008008f6a       0x38 d:/programs/stmicroelectronics/stm32cubeide_1.9.0/stm32cubeide/plugins/com.st.stm32cube.ide.mcu.externaltools.gnu-tools-for-stm32.10.3-2021.10.win32_1.0.0.202111181127/tools/bin/../lib/gcc/arm-none-eabi/10.3.1/../../../../arm-none-eabi/lib/thumb/v7e-m+fp/hard\libc_nano.a(lib_a-stdio.o)
                0x0000000008008f6a                __swrite
 .text.__sseek  0x0000000008008fa2       0x24 d:/programs/stmicroelectronics/stm32cubeide_1.9.0/stm32cubeide/plugins/com.st.stm32cube.ide.mcu.externaltools.gnu-tools-for-stm32.10.3-2021.10.win32_1.0.0.202111181127/tools/bin/../lib/gcc/arm-none-eabi/10.3.1/../../../../arm-none-eabi/lib/thumb/v7e-m+fp/hard\libc_nano.a(lib_a-stdio.o)
                0x0000000008008fa2                __sseek
 .text.__sclose
                0x0000000008008fc6        0x8 d:/programs/stmicroelectronics/stm32cubeide_1.9.0/stm32cubeide/plugins/com.st.stm32cube.ide.mcu.externaltools.gnu-tools-for-stm32.10.3-2021.10.win32_1.0.0.202111181127/tools/bin/../lib/gcc/arm-none-eabi/10.3.1/../../../../arm-none-eabi/lib/thumb/v7e-m+fp/hard\libc_nano.a(lib_a-stdio.o)
                0x0000000008008fc6                __sclose
 *fill*         0x0000000008008fce        0x2 
 .text._vsprintf_r
                0x0000000008008fd0       0x2c d:/programs/stmicroelectronics/stm32cubeide_1.9.0/stm32cubeide/plugins/com.st.stm32cube.ide.mcu.externaltools.gnu-tools-for-stm32.10.3-2021.10.win32_1.0.0.202111181127/tools/bin/../lib/gcc/arm-none-eabi/10.3.1/../../../../arm-none-eabi/lib/thumb/v7e-m+fp/hard\libc_nano.a(lib_a-vsprintf.o)
                0x0000000008008fd0                _vsprintf_r
                0x0000000008008fd0                _vsiprintf_r
 .text.vsprintf
                0x0000000008008ffc       0x14 d:/programs/stmicroelectronics/stm32cubeide_1.9.0/stm32cubeide/plugins/com.st.stm32cube.ide.mcu.externaltools.gnu-tools-for-stm32.10.3-2021.10.win32_1.0.0.202111181127/tools/bin/../lib/gcc/arm-none-eabi/10.3.1/../../../../arm-none-eabi/lib/thumb/v7e-m+fp/hard\libc_nano.a(lib_a-vsprintf.o)
                0x0000000008008ffc                vsiprintf
                0x0000000008008ffc                vsprintf
 .text._write_r
                0x0000000008009010       0x24 d:/programs/stmicroelectronics/stm32cubeide_1.9.0/stm32cubeide/plugins/com.st.stm32cube.ide.mcu.externaltools.gnu-tools-for-stm32.10.3-2021.10.win32_1.0.0.202111181127/tools/bin/../lib/gcc/arm-none-eabi/10.3.1/../../../../arm-none-eabi/lib/thumb/v7e-m+fp/hard\libc_nano.a(lib_a-writer.o)
                0x0000000008009010                _write_r
 .text._close_r
                0x0000000008009034       0x20 d:/programs/stmicroelectronics/stm32cubeide_1.9.0/stm32cubeide/plugins/com.st.stm32cube.ide.mcu.externaltools.gnu-tools-for-stm32.10.3-2021.10.win32_1.0.0.202111181127/tools/bin/../lib/gcc/arm-none-eabi/10.3.1/../../../../arm-none-eabi/lib/thumb/v7e-m+fp/hard\libc_nano.a(lib_a-closer.o)
                0x0000000008009034                _close_r
 .text.quorem   0x0000000008009054      0x116 d:/programs/stmicroelectronics/stm32cubeide_1.9.0/stm32cubeide/plugins/com.st.stm32cube.ide.mcu.externaltools.gnu-tools-for-stm32.10.3-2021.10.win32_1.0.0.202111181127/tools/bin/../lib/gcc/arm-none-eabi/10.3.1/../../../../arm-none-eabi/lib/thumb/v7e-m+fp/hard\libc_nano.a(lib_a-dtoa.o)
 *fill*         0x000000000800916a        0x6 
 .text._dtoa_r  0x0000000008009170      0xbdc d:/programs/stmicroelectronics/stm32cubeide_1.9.0/stm32cubeide/plugins/com.st.stm32cube.ide.mcu.externaltools.gnu-tools-for-stm32.10.3-2021.10.win32_1.0.0.202111181127/tools/bin/../lib/gcc/arm-none-eabi/10.3.1/../../../../arm-none-eabi/lib/thumb/v7e-m+fp/hard\libc_nano.a(lib_a-dtoa.o)
                0x0000000008009170                _dtoa_r
 .text.__sflush_r
                0x0000000008009d4c      0x10c d:/programs/stmicroelectronics/stm32cubeide_1.9.0/stm32cubeide/plugins/com.st.stm32cube.ide.mcu.externaltools.gnu-tools-for-stm32.10.3-2021.10.win32_1.0.0.202111181127/tools/bin/../lib/gcc/arm-none-eabi/10.3.1/../../../../arm-none-eabi/lib/thumb/v7e-m+fp/hard\libc_nano.a(lib_a-fflush.o)
                0x0000000008009d4c                __sflush_r
 .text._fflush_r
                0x0000000008009e58       0x78 d:/programs/stmicroelectronics/stm32cubeide_1.9.0/stm32cubeide/plugins/com.st.stm32cube.ide.mcu.externaltools.gnu-tools-for-stm32.10.3-2021.10.win32_1.0.0.202111181127/tools/bin/../lib/gcc/arm-none-eabi/10.3.1/../../../../arm-none-eabi/lib/thumb/v7e-m+fp/hard\libc_nano.a(lib_a-fflush.o)
                0x0000000008009e58                _fflush_r
 .text._localeconv_r
                0x0000000008009ed0        0x8 d:/programs/stmicroelectronics/stm32cubeide_1.9.0/stm32cubeide/plugins/com.st.stm32cube.ide.mcu.externaltools.gnu-tools-for-stm32.10.3-2021.10.win32_1.0.0.202111181127/tools/bin/../lib/gcc/arm-none-eabi/10.3.1/../../../../arm-none-eabi/lib/thumb/v7e-m+fp/hard\libc_nano.a(lib_a-localeconv.o)
                0x0000000008009ed0                _localeconv_r
 .text._lseek_r
                0x0000000008009ed8       0x24 d:/programs/stmicroelectronics/stm32cubeide_1.9.0/stm32cubeide/plugins/com.st.stm32cube.ide.mcu.externaltools.gnu-tools-for-stm32.10.3-2021.10.win32_1.0.0.202111181127/tools/bin/../lib/gcc/arm-none-eabi/10.3.1/../../../../arm-none-eabi/lib/thumb/v7e-m+fp/hard\libc_nano.a(lib_a-lseekr.o)
                0x0000000008009ed8                _lseek_r
 .text.__malloc_lock
                0x0000000008009efc        0xc d:/programs/stmicroelectronics/stm32cubeide_1.9.0/stm32cubeide/plugins/com.st.stm32cube.ide.mcu.externaltools.gnu-tools-for-stm32.10.3-2021.10.win32_1.0.0.202111181127/tools/bin/../lib/gcc/arm-none-eabi/10.3.1/../../../../arm-none-eabi/lib/thumb/v7e-m+fp/hard\libc_nano.a(lib_a-mlock.o)
                0x0000000008009efc                __malloc_lock
 .text.__malloc_unlock
                0x0000000008009f08        0xc d:/programs/stmicroelectronics/stm32cubeide_1.9.0/stm32cubeide/plugins/com.st.stm32cube.ide.mcu.externaltools.gnu-tools-for-stm32.10.3-2021.10.win32_1.0.0.202111181127/tools/bin/../lib/gcc/arm-none-eabi/10.3.1/../../../../arm-none-eabi/lib/thumb/v7e-m+fp/hard\libc_nano.a(lib_a-mlock.o)
                0x0000000008009f08                __malloc_unlock
 .text._Balloc  0x0000000008009f14       0x80 d:/programs/stmicroelectronics/stm32cubeide_1.9.0/stm32cubeide/plugins/com.st.stm32cube.ide.mcu.externaltools.gnu-tools-for-stm32.10.3-2021.10.win32_1.0.0.202111181127/tools/bin/../lib/gcc/arm-none-eabi/10.3.1/../../../../arm-none-eabi/lib/thumb/v7e-m+fp/hard\libc_nano.a(lib_a-mprec.o)
                0x0000000008009f14                _Balloc
 .text._Bfree   0x0000000008009f94       0x44 d:/programs/stmicroelectronics/stm32cubeide_1.9.0/stm32cubeide/plugins/com.st.stm32cube.ide.mcu.externaltools.gnu-tools-for-stm32.10.3-2021.10.win32_1.0.0.202111181127/tools/bin/../lib/gcc/arm-none-eabi/10.3.1/../../../../arm-none-eabi/lib/thumb/v7e-m+fp/hard\libc_nano.a(lib_a-mprec.o)
                0x0000000008009f94                _Bfree
 .text.__multadd
                0x0000000008009fd8       0x8c d:/programs/stmicroelectronics/stm32cubeide_1.9.0/stm32cubeide/plugins/com.st.stm32cube.ide.mcu.externaltools.gnu-tools-for-stm32.10.3-2021.10.win32_1.0.0.202111181127/tools/bin/../lib/gcc/arm-none-eabi/10.3.1/../../../../arm-none-eabi/lib/thumb/v7e-m+fp/hard\libc_nano.a(lib_a-mprec.o)
                0x0000000008009fd8                __multadd
 .text.__hi0bits
                0x000000000800a064       0x40 d:/programs/stmicroelectronics/stm32cubeide_1.9.0/stm32cubeide/plugins/com.st.stm32cube.ide.mcu.externaltools.gnu-tools-for-stm32.10.3-2021.10.win32_1.0.0.202111181127/tools/bin/../lib/gcc/arm-none-eabi/10.3.1/../../../../arm-none-eabi/lib/thumb/v7e-m+fp/hard\libc_nano.a(lib_a-mprec.o)
                0x000000000800a064                __hi0bits
 .text.__lo0bits
                0x000000000800a0a4       0x5e d:/programs/stmicroelectronics/stm32cubeide_1.9.0/stm32cubeide/plugins/com.st.stm32cube.ide.mcu.externaltools.gnu-tools-for-stm32.10.3-2021.10.win32_1.0.0.202111181127/tools/bin/../lib/gcc/arm-none-eabi/10.3.1/../../../../arm-none-eabi/lib/thumb/v7e-m+fp/hard\libc_nano.a(lib_a-mprec.o)
                0x000000000800a0a4                __lo0bits
 *fill*         0x000000000800a102        0x2 
 .text.__i2b    0x000000000800a104       0x2c d:/programs/stmicroelectronics/stm32cubeide_1.9.0/stm32cubeide/plugins/com.st.stm32cube.ide.mcu.externaltools.gnu-tools-for-stm32.10.3-2021.10.win32_1.0.0.202111181127/tools/bin/../lib/gcc/arm-none-eabi/10.3.1/../../../../arm-none-eabi/lib/thumb/v7e-m+fp/hard\libc_nano.a(lib_a-mprec.o)
                0x000000000800a104                __i2b
 .text.__multiply
                0x000000000800a130      0x154 d:/programs/stmicroelectronics/stm32cubeide_1.9.0/stm32cubeide/plugins/com.st.stm32cube.ide.mcu.externaltools.gnu-tools-for-stm32.10.3-2021.10.win32_1.0.0.202111181127/tools/bin/../lib/gcc/arm-none-eabi/10.3.1/../../../../arm-none-eabi/lib/thumb/v7e-m+fp/hard\libc_nano.a(lib_a-mprec.o)
                0x000000000800a130                __multiply
 .text.__pow5mult
                0x000000000800a284       0xb4 d:/programs/stmicroelectronics/stm32cubeide_1.9.0/stm32cubeide/plugins/com.st.stm32cube.ide.mcu.externaltools.gnu-tools-for-stm32.10.3-2021.10.win32_1.0.0.202111181127/tools/bin/../lib/gcc/arm-none-eabi/10.3.1/../../../../arm-none-eabi/lib/thumb/v7e-m+fp/hard\libc_nano.a(lib_a-mprec.o)
                0x000000000800a284                __pow5mult
 .text.__lshift
                0x000000000800a338       0xe0 d:/programs/stmicroelectronics/stm32cubeide_1.9.0/stm32cubeide/plugins/com.st.stm32cube.ide.mcu.externaltools.gnu-tools-for-stm32.10.3-2021.10.win32_1.0.0.202111181127/tools/bin/../lib/gcc/arm-none-eabi/10.3.1/../../../../arm-none-eabi/lib/thumb/v7e-m+fp/hard\libc_nano.a(lib_a-mprec.o)
                0x000000000800a338                __lshift
 .text.__mcmp   0x000000000800a418       0x38 d:/programs/stmicroelectronics/stm32cubeide_1.9.0/stm32cubeide/plugins/com.st.stm32cube.ide.mcu.externaltools.gnu-tools-for-stm32.10.3-2021.10.win32_1.0.0.202111181127/tools/bin/../lib/gcc/arm-none-eabi/10.3.1/../../../../arm-none-eabi/lib/thumb/v7e-m+fp/hard\libc_nano.a(lib_a-mprec.o)
                0x000000000800a418                __mcmp
 .text.__mdiff  0x000000000800a450      0x114 d:/programs/stmicroelectronics/stm32cubeide_1.9.0/stm32cubeide/plugins/com.st.stm32cube.ide.mcu.externaltools.gnu-tools-for-stm32.10.3-2021.10.win32_1.0.0.202111181127/tools/bin/../lib/gcc/arm-none-eabi/10.3.1/../../../../arm-none-eabi/lib/thumb/v7e-m+fp/hard\libc_nano.a(lib_a-mprec.o)
                0x000000000800a450                __mdiff
 .text.__d2b    0x000000000800a564       0xb8 d:/programs/stmicroelectronics/stm32cubeide_1.9.0/stm32cubeide/plugins/com.st.stm32cube.ide.mcu.externaltools.gnu-tools-for-stm32.10.3-2021.10.win32_1.0.0.202111181127/tools/bin/../lib/gcc/arm-none-eabi/10.3.1/../../../../arm-none-eabi/lib/thumb/v7e-m+fp/hard\libc_nano.a(lib_a-mprec.o)
                0x000000000800a564                __d2b
 .text._calloc_r
                0x000000000800a61c       0x2c d:/programs/stmicroelectronics/stm32cubeide_1.9.0/stm32cubeide/plugins/com.st.stm32cube.ide.mcu.externaltools.gnu-tools-for-stm32.10.3-2021.10.win32_1.0.0.202111181127/tools/bin/../lib/gcc/arm-none-eabi/10.3.1/../../../../arm-none-eabi/lib/thumb/v7e-m+fp/hard\libc_nano.a(lib_a-nano-callocr.o)
                0x000000000800a61c                _calloc_r
 .text.__ssputs_r
                0x000000000800a648       0xb6 d:/programs/stmicroelectronics/stm32cubeide_1.9.0/stm32cubeide/plugins/com.st.stm32cube.ide.mcu.externaltools.gnu-tools-for-stm32.10.3-2021.10.win32_1.0.0.202111181127/tools/bin/../lib/gcc/arm-none-eabi/10.3.1/../../../../arm-none-eabi/lib/thumb/v7e-m+fp/hard\libc_nano.a(lib_a-nano-svfprintf.o)
                0x000000000800a648                __ssputs_r
 *fill*         0x000000000800a6fe        0x2 
 .text._svfprintf_r
                0x000000000800a700      0x200 d:/programs/stmicroelectronics/stm32cubeide_1.9.0/stm32cubeide/plugins/com.st.stm32cube.ide.mcu.externaltools.gnu-tools-for-stm32.10.3-2021.10.win32_1.0.0.202111181127/tools/bin/../lib/gcc/arm-none-eabi/10.3.1/../../../../arm-none-eabi/lib/thumb/v7e-m+fp/hard\libc_nano.a(lib_a-nano-svfprintf.o)
                0x000000000800a700                _svfiprintf_r
                0x000000000800a700                _svfprintf_r
 .text._read_r  0x000000000800a900       0x24 d:/programs/stmicroelectronics/stm32cubeide_1.9.0/stm32cubeide/plugins/com.st.stm32cube.ide.mcu.externaltools.gnu-tools-for-stm32.10.3-2021.10.win32_1.0.0.202111181127/tools/bin/../lib/gcc/arm-none-eabi/10.3.1/../../../../arm-none-eabi/lib/thumb/v7e-m+fp/hard\libc_nano.a(lib_a-readr.o)
                0x000000000800a900                _read_r
 .text.__assert_func
                0x000000000800a924       0x3c d:/programs/stmicroelectronics/stm32cubeide_1.9.0/stm32cubeide/plugins/com.st.stm32cube.ide.mcu.externaltools.gnu-tools-for-stm32.10.3-2021.10.win32_1.0.0.202111181127/tools/bin/../lib/gcc/arm-none-eabi/10.3.1/../../../../arm-none-eabi/lib/thumb/v7e-m+fp/hard\libc_nano.a(lib_a-assert.o)
                0x000000000800a924                __assert_func
 .text.fprintf  0x000000000800a960       0x24 d:/programs/stmicroelectronics/stm32cubeide_1.9.0/stm32cubeide/plugins/com.st.stm32cube.ide.mcu.externaltools.gnu-tools-for-stm32.10.3-2021.10.win32_1.0.0.202111181127/tools/bin/../lib/gcc/arm-none-eabi/10.3.1/../../../../arm-none-eabi/lib/thumb/v7e-m+fp/hard\libc_nano.a(lib_a-fprintf.o)
                0x000000000800a960                fiprintf
                0x000000000800a960                fprintf
 .text.__ascii_mbtowc
                0x000000000800a984       0x24 d:/programs/stmicroelectronics/stm32cubeide_1.9.0/stm32cubeide/plugins/com.st.stm32cube.ide.mcu.externaltools.gnu-tools-for-stm32.10.3-2021.10.win32_1.0.0.202111181127/tools/bin/../lib/gcc/arm-none-eabi/10.3.1/../../../../arm-none-eabi/lib/thumb/v7e-m+fp/hard\libc_nano.a(lib_a-mbtowc_r.o)
                0x000000000800a984                __ascii_mbtowc
 .text.memmove  0x000000000800a9a8       0x34 d:/programs/stmicroelectronics/stm32cubeide_1.9.0/stm32cubeide/plugins/com.st.stm32cube.ide.mcu.externaltools.gnu-tools-for-stm32.10.3-2021.10.win32_1.0.0.202111181127/tools/bin/../lib/gcc/arm-none-eabi/10.3.1/../../../../arm-none-eabi/lib/thumb/v7e-m+fp/hard\libc_nano.a(lib_a-memmove.o)
                0x000000000800a9a8                memmove
 .text._realloc_r
                0x000000000800a9dc       0x5e d:/programs/stmicroelectronics/stm32cubeide_1.9.0/stm32cubeide/plugins/com.st.stm32cube.ide.mcu.externaltools.gnu-tools-for-stm32.10.3-2021.10.win32_1.0.0.202111181127/tools/bin/../lib/gcc/arm-none-eabi/10.3.1/../../../../arm-none-eabi/lib/thumb/v7e-m+fp/hard\libc_nano.a(lib_a-nano-reallocr.o)
                0x000000000800a9dc                _realloc_r
 .text.__sfputc_r
                0x000000000800aa3a       0x2e d:/programs/stmicroelectronics/stm32cubeide_1.9.0/stm32cubeide/plugins/com.st.stm32cube.ide.mcu.externaltools.gnu-tools-for-stm32.10.3-2021.10.win32_1.0.0.202111181127/tools/bin/../lib/gcc/arm-none-eabi/10.3.1/../../../../arm-none-eabi/lib/thumb/v7e-m+fp/hard\libc_nano.a(lib_a-nano-vfprintf.o)
 .text.__sfputs_r
                0x000000000800aa68       0x24 d:/programs/stmicroelectronics/stm32cubeide_1.9.0/stm32cubeide/plugins/com.st.stm32cube.ide.mcu.externaltools.gnu-tools-for-stm32.10.3-2021.10.win32_1.0.0.202111181127/tools/bin/../lib/gcc/arm-none-eabi/10.3.1/../../../../arm-none-eabi/lib/thumb/v7e-m+fp/hard\libc_nano.a(lib_a-nano-vfprintf.o)
                0x000000000800aa68                __sfputs_r
 .text._vfprintf_r
                0x000000000800aa8c      0x260 d:/programs/stmicroelectronics/stm32cubeide_1.9.0/stm32cubeide/plugins/com.st.stm32cube.ide.mcu.externaltools.gnu-tools-for-stm32.10.3-2021.10.win32_1.0.0.202111181127/tools/bin/../lib/gcc/arm-none-eabi/10.3.1/../../../../arm-none-eabi/lib/thumb/v7e-m+fp/hard\libc_nano.a(lib_a-nano-vfprintf.o)
                0x000000000800aa8c                _vfprintf_r
                0x000000000800aa8c                _vfiprintf_r
 .text.__swbuf_r
                0x000000000800acec       0xa4 d:/programs/stmicroelectronics/stm32cubeide_1.9.0/stm32cubeide/plugins/com.st.stm32cube.ide.mcu.externaltools.gnu-tools-for-stm32.10.3-2021.10.win32_1.0.0.202111181127/tools/bin/../lib/gcc/arm-none-eabi/10.3.1/../../../../arm-none-eabi/lib/thumb/v7e-m+fp/hard\libc_nano.a(lib_a-wbuf.o)
                0x000000000800acec                __swbuf_r
 .text.__ascii_wctomb
                0x000000000800ad90       0x1a d:/programs/stmicroelectronics/stm32cubeide_1.9.0/stm32cubeide/plugins/com.st.stm32cube.ide.mcu.externaltools.gnu-tools-for-stm32.10.3-2021.10.win32_1.0.0.202111181127/tools/bin/../lib/gcc/arm-none-eabi/10.3.1/../../../../arm-none-eabi/lib/thumb/v7e-m+fp/hard\libc_nano.a(lib_a-wctomb_r.o)
                0x000000000800ad90                __ascii_wctomb
 *fill*         0x000000000800adaa        0x2 
 .text.__swsetup_r
                0x000000000800adac       0xdc d:/programs/stmicroelectronics/stm32cubeide_1.9.0/stm32cubeide/plugins/com.st.stm32cube.ide.mcu.externaltools.gnu-tools-for-stm32.10.3-2021.10.win32_1.0.0.202111181127/tools/bin/../lib/gcc/arm-none-eabi/10.3.1/../../../../arm-none-eabi/lib/thumb/v7e-m+fp/hard\libc_nano.a(lib_a-wsetup.o)
                0x000000000800adac                __swsetup_r
 .text.abort    0x000000000800ae88        0xe d:/programs/stmicroelectronics/stm32cubeide_1.9.0/stm32cubeide/plugins/com.st.stm32cube.ide.mcu.externaltools.gnu-tools-for-stm32.10.3-2021.10.win32_1.0.0.202111181127/tools/bin/../lib/gcc/arm-none-eabi/10.3.1/../../../../arm-none-eabi/lib/thumb/v7e-m+fp/hard\libc_nano.a(lib_a-abort.o)
                0x000000000800ae88                abort
 .text.__swhatbuf_r
                0x000000000800ae96       0x4a d:/programs/stmicroelectronics/stm32cubeide_1.9.0/stm32cubeide/plugins/com.st.stm32cube.ide.mcu.externaltools.gnu-tools-for-stm32.10.3-2021.10.win32_1.0.0.202111181127/tools/bin/../lib/gcc/arm-none-eabi/10.3.1/../../../../arm-none-eabi/lib/thumb/v7e-m+fp/hard\libc_nano.a(lib_a-makebuf.o)
                0x000000000800ae96                __swhatbuf_r
 .text.__smakebuf_r
                0x000000000800aee0       0x80 d:/programs/stmicroelectronics/stm32cubeide_1.9.0/stm32cubeide/plugins/com.st.stm32cube.ide.mcu.externaltools.gnu-tools-for-stm32.10.3-2021.10.win32_1.0.0.202111181127/tools/bin/../lib/gcc/arm-none-eabi/10.3.1/../../../../arm-none-eabi/lib/thumb/v7e-m+fp/hard\libc_nano.a(lib_a-makebuf.o)
                0x000000000800aee0                __smakebuf_r
 .text._malloc_usable_size_r
                0x000000000800af60       0x10 d:/programs/stmicroelectronics/stm32cubeide_1.9.0/stm32cubeide/plugins/com.st.stm32cube.ide.mcu.externaltools.gnu-tools-for-stm32.10.3-2021.10.win32_1.0.0.202111181127/tools/bin/../lib/gcc/arm-none-eabi/10.3.1/../../../../arm-none-eabi/lib/thumb/v7e-m+fp/hard\libc_nano.a(lib_a-nano-msizer.o)
                0x000000000800af60                _malloc_usable_size_r
 .text._raise_r
                0x000000000800af70       0x50 d:/programs/stmicroelectronics/stm32cubeide_1.9.0/stm32cubeide/plugins/com.st.stm32cube.ide.mcu.externaltools.gnu-tools-for-stm32.10.3-2021.10.win32_1.0.0.202111181127/tools/bin/../lib/gcc/arm-none-eabi/10.3.1/../../../../arm-none-eabi/lib/thumb/v7e-m+fp/hard\libc_nano.a(lib_a-signal.o)
                0x000000000800af70                _raise_r
 .text.raise    0x000000000800afc0       0x10 d:/programs/stmicroelectronics/stm32cubeide_1.9.0/stm32cubeide/plugins/com.st.stm32cube.ide.mcu.externaltools.gnu-tools-for-stm32.10.3-2021.10.win32_1.0.0.202111181127/tools/bin/../lib/gcc/arm-none-eabi/10.3.1/../../../../arm-none-eabi/lib/thumb/v7e-m+fp/hard\libc_nano.a(lib_a-signal.o)
                0x000000000800afc0                raise
 .text._kill_r  0x000000000800afd0       0x24 d:/programs/stmicroelectronics/stm32cubeide_1.9.0/stm32cubeide/plugins/com.st.stm32cube.ide.mcu.externaltools.gnu-tools-for-stm32.10.3-2021.10.win32_1.0.0.202111181127/tools/bin/../lib/gcc/arm-none-eabi/10.3.1/../../../../arm-none-eabi/lib/thumb/v7e-m+fp/hard\libc_nano.a(lib_a-signalr.o)
                0x000000000800afd0                _kill_r
 .text._getpid_r
                0x000000000800aff4        0x4 d:/programs/stmicroelectronics/stm32cubeide_1.9.0/stm32cubeide/plugins/com.st.stm32cube.ide.mcu.externaltools.gnu-tools-for-stm32.10.3-2021.10.win32_1.0.0.202111181127/tools/bin/../lib/gcc/arm-none-eabi/10.3.1/../../../../arm-none-eabi/lib/thumb/v7e-m+fp/hard\libc_nano.a(lib_a-signalr.o)
                0x000000000800aff4                _getpid_r
 .text._fstat_r
                0x000000000800aff8       0x24 d:/programs/stmicroelectronics/stm32cubeide_1.9.0/stm32cubeide/plugins/com.st.stm32cube.ide.mcu.externaltools.gnu-tools-for-stm32.10.3-2021.10.win32_1.0.0.202111181127/tools/bin/../lib/gcc/arm-none-eabi/10.3.1/../../../../arm-none-eabi/lib/thumb/v7e-m+fp/hard\libc_nano.a(lib_a-fstatr.o)
                0x000000000800aff8                _fstat_r
 .text._isatty_r
                0x000000000800b01c       0x20 d:/programs/stmicroelectronics/stm32cubeide_1.9.0/stm32cubeide/plugins/com.st.stm32cube.ide.mcu.externaltools.gnu-tools-for-stm32.10.3-2021.10.win32_1.0.0.202111181127/tools/bin/../lib/gcc/arm-none-eabi/10.3.1/../../../../arm-none-eabi/lib/thumb/v7e-m+fp/hard\libc_nano.a(lib_a-isattyr.o)
                0x000000000800b01c                _isatty_r
 *(.glue_7)
 .glue_7        0x000000000800b03c        0x0 linker stubs
 *(.glue_7t)
 .glue_7t       0x000000000800b03c        0x0 linker stubs
 *(.eh_frame)
 .eh_frame      0x000000000800b03c        0x0 d:/programs/stmicroelectronics/stm32cubeide_1.9.0/stm32cubeide/plugins/com.st.stm32cube.ide.mcu.externaltools.gnu-tools-for-stm32.10.3-2021.10.win32_1.0.0.202111181127/tools/bin/../lib/gcc/arm-none-eabi/10.3.1/thumb/v7e-m+fp/hard/crtbegin.o
 *(.init)
 .init          0x000000000800b03c        0x4 d:/programs/stmicroelectronics/stm32cubeide_1.9.0/stm32cubeide/plugins/com.st.stm32cube.ide.mcu.externaltools.gnu-tools-for-stm32.10.3-2021.10.win32_1.0.0.202111181127/tools/bin/../lib/gcc/arm-none-eabi/10.3.1/thumb/v7e-m+fp/hard/crti.o
                0x000000000800b03c                _init
 .init          0x000000000800b040        0x8 d:/programs/stmicroelectronics/stm32cubeide_1.9.0/stm32cubeide/plugins/com.st.stm32cube.ide.mcu.externaltools.gnu-tools-for-stm32.10.3-2021.10.win32_1.0.0.202111181127/tools/bin/../lib/gcc/arm-none-eabi/10.3.1/thumb/v7e-m+fp/hard/crtn.o
 *(.fini)
 .fini          0x000000000800b048        0x4 d:/programs/stmicroelectronics/stm32cubeide_1.9.0/stm32cubeide/plugins/com.st.stm32cube.ide.mcu.externaltools.gnu-tools-for-stm32.10.3-2021.10.win32_1.0.0.202111181127/tools/bin/../lib/gcc/arm-none-eabi/10.3.1/thumb/v7e-m+fp/hard/crti.o
                0x000000000800b048                _fini
 .fini          0x000000000800b04c        0x8 d:/programs/stmicroelectronics/stm32cubeide_1.9.0/stm32cubeide/plugins/com.st.stm32cube.ide.mcu.externaltools.gnu-tools-for-stm32.10.3-2021.10.win32_1.0.0.202111181127/tools/bin/../lib/gcc/arm-none-eabi/10.3.1/thumb/v7e-m+fp/hard/crtn.o
                0x000000000800b054                . = ALIGN (0x4)
                0x000000000800b054                _etext = .

.vfp11_veneer   0x000000000800b054        0x0
 .vfp11_veneer  0x000000000800b054        0x0 linker stubs

.v4_bx          0x000000000800b054        0x0
 .v4_bx         0x000000000800b054        0x0 linker stubs

.iplt           0x000000000800b054        0x0
 .iplt          0x000000000800b054        0x0 d:/programs/stmicroelectronics/stm32cubeide_1.9.0/stm32cubeide/plugins/com.st.stm32cube.ide.mcu.externaltools.gnu-tools-for-stm32.10.3-2021.10.win32_1.0.0.202111181127/tools/bin/../lib/gcc/arm-none-eabi/10.3.1/thumb/v7e-m+fp/hard/crtbegin.o

.rodata         0x000000000800b058      0x664
                0x000000000800b058                . = ALIGN (0x4)
 *(.rodata)
 .rodata        0x000000000800b058       0x77 ./Core/Src/freertos.o
 *fill*         0x000000000800b0cf        0x1 
 .rodata        0x000000000800b0d0       0x1b ./Core/Src/stm32l4xx_it.o
 *fill*         0x000000000800b0eb        0x1 
 .rodata        0x000000000800b0ec      0x1a1 ./Drivers/xbee/xbee.o
 *fill*         0x000000000800b28d        0x3 
 .rodata        0x000000000800b290        0x5 ./Middlewares/Third_Party/FreeRTOS/Source/tasks.o
 *(.rodata*)
 *fill*         0x000000000800b295        0x3 
 .rodata.AHBPrescTable
                0x000000000800b298       0x10 ./Core/Src/system_stm32l4xx.o
                0x000000000800b298                AHBPrescTable
 .rodata.APBPrescTable
                0x000000000800b2a8        0x8 ./Core/Src/system_stm32l4xx.o
                0x000000000800b2a8                APBPrescTable
 .rodata.MSIRangeTable
                0x000000000800b2b0       0x30 ./Core/Src/system_stm32l4xx.o
                0x000000000800b2b0                MSIRangeTable
 .rodata.__sf_fake_stderr
                0x000000000800b2e0       0x20 d:/programs/stmicroelectronics/stm32cubeide_1.9.0/stm32cubeide/plugins/com.st.stm32cube.ide.mcu.externaltools.gnu-tools-for-stm32.10.3-2021.10.win32_1.0.0.202111181127/tools/bin/../lib/gcc/arm-none-eabi/10.3.1/../../../../arm-none-eabi/lib/thumb/v7e-m+fp/hard\libc_nano.a(lib_a-findfp.o)
                0x000000000800b2e0                __sf_fake_stderr
 .rodata.__sf_fake_stdin
                0x000000000800b300       0x20 d:/programs/stmicroelectronics/stm32cubeide_1.9.0/stm32cubeide/plugins/com.st.stm32cube.ide.mcu.externaltools.gnu-tools-for-stm32.10.3-2021.10.win32_1.0.0.202111181127/tools/bin/../lib/gcc/arm-none-eabi/10.3.1/../../../../arm-none-eabi/lib/thumb/v7e-m+fp/hard\libc_nano.a(lib_a-findfp.o)
                0x000000000800b300                __sf_fake_stdin
 .rodata.__sf_fake_stdout
                0x000000000800b320       0x20 d:/programs/stmicroelectronics/stm32cubeide_1.9.0/stm32cubeide/plugins/com.st.stm32cube.ide.mcu.externaltools.gnu-tools-for-stm32.10.3-2021.10.win32_1.0.0.202111181127/tools/bin/../lib/gcc/arm-none-eabi/10.3.1/../../../../arm-none-eabi/lib/thumb/v7e-m+fp/hard\libc_nano.a(lib_a-findfp.o)
                0x000000000800b320                __sf_fake_stdout
 .rodata._global_impure_ptr
                0x000000000800b340        0x4 d:/programs/stmicroelectronics/stm32cubeide_1.9.0/stm32cubeide/plugins/com.st.stm32cube.ide.mcu.externaltools.gnu-tools-for-stm32.10.3-2021.10.win32_1.0.0.202111181127/tools/bin/../lib/gcc/arm-none-eabi/10.3.1/../../../../arm-none-eabi/lib/thumb/v7e-m+fp/hard\libc_nano.a(lib_a-impure.o)
                0x000000000800b340                _global_impure_ptr
 .rodata._printf_float.str1.1
                0x000000000800b344       0x12 d:/programs/stmicroelectronics/stm32cubeide_1.9.0/stm32cubeide/plugins/com.st.stm32cube.ide.mcu.externaltools.gnu-tools-for-stm32.10.3-2021.10.win32_1.0.0.202111181127/tools/bin/../lib/gcc/arm-none-eabi/10.3.1/../../../../arm-none-eabi/lib/thumb/v7e-m+fp/hard\libc_nano.a(lib_a-nano-vfprintf_float.o)
 .rodata._printf_i.str1.1
                0x000000000800b356       0x22 d:/programs/stmicroelectronics/stm32cubeide_1.9.0/stm32cubeide/plugins/com.st.stm32cube.ide.mcu.externaltools.gnu-tools-for-stm32.10.3-2021.10.win32_1.0.0.202111181127/tools/bin/../lib/gcc/arm-none-eabi/10.3.1/../../../../arm-none-eabi/lib/thumb/v7e-m+fp/hard\libc_nano.a(lib_a-nano-vfprintf_i.o)
 .rodata._dtoa_r.str1.1
                0x000000000800b378       0x90 d:/programs/stmicroelectronics/stm32cubeide_1.9.0/stm32cubeide/plugins/com.st.stm32cube.ide.mcu.externaltools.gnu-tools-for-stm32.10.3-2021.10.win32_1.0.0.202111181127/tools/bin/../lib/gcc/arm-none-eabi/10.3.1/../../../../arm-none-eabi/lib/thumb/v7e-m+fp/hard\libc_nano.a(lib_a-dtoa.o)
                                         0x92 (size before relaxing)
 .rodata._Balloc.str1.1
                0x000000000800b408       0x5c d:/programs/stmicroelectronics/stm32cubeide_1.9.0/stm32cubeide/plugins/com.st.stm32cube.ide.mcu.externaltools.gnu-tools-for-stm32.10.3-2021.10.win32_1.0.0.202111181127/tools/bin/../lib/gcc/arm-none-eabi/10.3.1/../../../../arm-none-eabi/lib/thumb/v7e-m+fp/hard\libc_nano.a(lib_a-mprec.o)
                                         0x73 (size before relaxing)
 .rodata.__multadd.str1.1
                0x000000000800b464       0x11 d:/programs/stmicroelectronics/stm32cubeide_1.9.0/stm32cubeide/plugins/com.st.stm32cube.ide.mcu.externaltools.gnu-tools-for-stm32.10.3-2021.10.win32_1.0.0.202111181127/tools/bin/../lib/gcc/arm-none-eabi/10.3.1/../../../../arm-none-eabi/lib/thumb/v7e-m+fp/hard\libc_nano.a(lib_a-mprec.o)
 *fill*         0x000000000800b464        0x4 
 .rodata.__mprec_bigtens
                0x000000000800b468       0x28 d:/programs/stmicroelectronics/stm32cubeide_1.9.0/stm32cubeide/plugins/com.st.stm32cube.ide.mcu.externaltools.gnu-tools-for-stm32.10.3-2021.10.win32_1.0.0.202111181127/tools/bin/../lib/gcc/arm-none-eabi/10.3.1/../../../../arm-none-eabi/lib/thumb/v7e-m+fp/hard\libc_nano.a(lib_a-mprec.o)