../Drivers/xbee/xbee.c:45:6:StartXbeeTask	16	static
../Drivers/xbee/xbee.c:65:9:xbee_init	24	static
../Drivers/xbee/xbee.c:107:6:xbee_process	280	static
../Drivers/xbee/xbee.c:140:9:xbee_send_at_command	24	static
../Drivers/xbee/xbee.c:182:9:xbee_wait_for_AT_response	56	dynamic
../Drivers/xbee/xbee.c:235:13:xbee_byteRcvCallback	16	static
../Drivers/xbee/xbee.c:242:6:xbee_sendFrame	16	static
../Drivers/xbee/xbee.c:252:9:_EnterCmdMode	16	static
../Drivers/xbee/xbee.c:275:9:_ExitCmdMode	16	static
../Drivers/xbee/xbee.c:294:6:_resetFrame	8	static
../Drivers/xbee/xbee.c:305:9:_allocateFrame	24	static
../Drivers/xbee/xbee.c:317:6:_processStatus	16	static
