../Drivers/XBeeS2C/xbee.c:41:6:StartXbeeTask	16	static
../Drivers/XBeeS2C/xbee.c:61:9:xbee_init	24	static
../Drivers/XBeeS2C/xbee.c:103:6:xbee_process	16	static
../Drivers/XBeeS2C/xbee.c:122:9:xbee_send_at_command	24	static
../Drivers/XBeeS2C/xbee.c:164:9:xbee_wait_for_AT_response	56	dynamic
../Drivers/XBeeS2C/xbee.c:216:6:xbee_send_data	16	static
../Drivers/XBeeS2C/xbee.c:229:13:xbee_byteRcvCallback	16	static
../Drivers/XBeeS2C/xbee.c:242:9:_EnterCmdMode	16	static
../Drivers/XBeeS2C/xbee.c:265:9:_ExitCmdMode	16	static
../Drivers/XBeeS2C/xbee.c:284:6:_ResetFrame	8	static
../Drivers/XBeeS2C/xbee.c:295:9:_allocateFrame	24	static
../Drivers/XBeeS2C/xbee.c:307:6:_processStatus	16	static
